Component: ARM Compiler 5.06 update 7 (build 960) Tool: armlink [4d3601]

==============================================================================

Section Cross References

    startup_stm32f407xx.o(STACK) refers (Special) to heapauxi.o(.text) for __use_two_region_memory
    startup_stm32f407xx.o(HEAP) refers (Special) to heapauxi.o(.text) for __use_two_region_memory
    startup_stm32f407xx.o(RESET) refers (Special) to heapauxi.o(.text) for __use_two_region_memory
    startup_stm32f407xx.o(RESET) refers to startup_stm32f407xx.o(STACK) for __initial_sp
    startup_stm32f407xx.o(RESET) refers to startup_stm32f407xx.o(.text) for Reset_Handler
    startup_stm32f407xx.o(RESET) refers to stm32f4xx_it.o(i.NMI_Handler) for NMI_Handler
    startup_stm32f407xx.o(RESET) refers to stm32f4xx_it.o(i.HardFault_Handler) for HardFault_Handler
    startup_stm32f407xx.o(RESET) refers to stm32f4xx_it.o(i.MemManage_Handler) for MemManage_Handler
    startup_stm32f407xx.o(RESET) refers to stm32f4xx_it.o(i.BusFault_Handler) for BusFault_Handler
    startup_stm32f407xx.o(RESET) refers to stm32f4xx_it.o(i.UsageFault_Handler) for UsageFault_Handler
    startup_stm32f407xx.o(RESET) refers to stm32f4xx_it.o(i.SVC_Handler) for SVC_Handler
    startup_stm32f407xx.o(RESET) refers to stm32f4xx_it.o(i.DebugMon_Handler) for DebugMon_Handler
    startup_stm32f407xx.o(RESET) refers to stm32f4xx_it.o(i.PendSV_Handler) for PendSV_Handler
    startup_stm32f407xx.o(RESET) refers to stm32f4xx_it.o(i.SysTick_Handler) for SysTick_Handler
    startup_stm32f407xx.o(RESET) refers to stm32f4xx_it.o(i.EXTI0_IRQHandler) for EXTI0_IRQHandler
    startup_stm32f407xx.o(RESET) refers to stm32f4xx_it.o(i.TIM1_UP_TIM10_IRQHandler) for TIM1_UP_TIM10_IRQHandler
    startup_stm32f407xx.o(RESET) refers to stm32f4xx_it.o(i.I2C1_EV_IRQHandler) for I2C1_EV_IRQHandler
    startup_stm32f407xx.o(RESET) refers to stm32f4xx_it.o(i.EXTI15_10_IRQHandler) for EXTI15_10_IRQHandler
    startup_stm32f407xx.o(RESET) refers to stm32f4xx_it.o(i.TIM7_IRQHandler) for TIM7_IRQHandler
    startup_stm32f407xx.o(.text) refers (Special) to heapauxi.o(.text) for __use_two_region_memory
    startup_stm32f407xx.o(.text) refers to system_stm32f4xx.o(i.SystemInit) for SystemInit
    startup_stm32f407xx.o(.text) refers to __main.o(!!!main) for __main
    startup_stm32f407xx.o(.text) refers to startup_stm32f407xx.o(HEAP) for Heap_Mem
    startup_stm32f407xx.o(.text) refers to startup_stm32f407xx.o(STACK) for Stack_Mem
    mpu6050.o(i.Kalman_getAngle) refers to daddsub_clz.o(x$fpl$dsub) for __aeabi_dsub
    mpu6050.o(i.Kalman_getAngle) refers to dmul.o(x$fpl$dmul) for __aeabi_dmul
    mpu6050.o(i.Kalman_getAngle) refers to daddsub_clz.o(x$fpl$dadd) for __aeabi_dadd
    mpu6050.o(i.Kalman_getAngle) refers to daddsub_clz.o(x$fpl$drsb) for __aeabi_drsub
    mpu6050.o(i.Kalman_getAngle) refers to ddiv.o(x$fpl$ddiv) for __aeabi_ddiv
    mpu6050.o(i.MPU6050_Init) refers to stm32f4xx_hal_i2c.o(i.HAL_I2C_Mem_Read) for HAL_I2C_Mem_Read
    mpu6050.o(i.MPU6050_Init) refers to stm32f4xx_hal_i2c.o(i.HAL_I2C_Mem_Write) for HAL_I2C_Mem_Write
    mpu6050.o(i.MPU6050_Read_Accel) refers to stm32f4xx_hal_i2c.o(i.HAL_I2C_Mem_Read) for HAL_I2C_Mem_Read
    mpu6050.o(i.MPU6050_Read_Accel) refers to dflt_clz.o(x$fpl$dflt) for __aeabi_i2d
    mpu6050.o(i.MPU6050_Read_Accel) refers to dmul.o(x$fpl$dmul) for __aeabi_dmul
    mpu6050.o(i.MPU6050_Read_Accel) refers to ddiv.o(x$fpl$ddiv) for __aeabi_ddiv
    mpu6050.o(i.MPU6050_Read_All) refers to stm32f4xx_hal_i2c.o(i.HAL_I2C_Mem_Read) for HAL_I2C_Mem_Read
    mpu6050.o(i.MPU6050_Read_All) refers to dflt_clz.o(x$fpl$dflt) for __aeabi_i2d
    mpu6050.o(i.MPU6050_Read_All) refers to dmul.o(x$fpl$dmul) for __aeabi_dmul
    mpu6050.o(i.MPU6050_Read_All) refers to ddiv.o(x$fpl$ddiv) for __aeabi_ddiv
    mpu6050.o(i.MPU6050_Read_All) refers to stm32f4xx_hal.o(i.HAL_GetTick) for HAL_GetTick
    mpu6050.o(i.MPU6050_Read_All) refers to dflt_clz.o(x$fpl$dfltu) for __aeabi_ui2d
    mpu6050.o(i.MPU6050_Read_All) refers to sqrt.o(i.__hardfp_sqrt) for __hardfp_sqrt
    mpu6050.o(i.MPU6050_Read_All) refers to deqf.o(x$fpl$deqf) for __aeabi_cdcmpeq
    mpu6050.o(i.MPU6050_Read_All) refers to atan.o(i.__hardfp_atan) for __hardfp_atan
    mpu6050.o(i.MPU6050_Read_All) refers to atan2.o(i.__hardfp_atan2) for __hardfp_atan2
    mpu6050.o(i.MPU6050_Read_All) refers to dleqf.o(x$fpl$dleqf) for __aeabi_cdcmple
    mpu6050.o(i.MPU6050_Read_All) refers to drleqf.o(x$fpl$drleqf) for __aeabi_cdrcmple
    mpu6050.o(i.MPU6050_Read_All) refers to mpu6050.o(i.Kalman_getAngle) for Kalman_getAngle
    mpu6050.o(i.MPU6050_Read_All) refers to fabs.o(i.__hardfp_fabs) for __hardfp_fabs
    mpu6050.o(i.MPU6050_Read_All) refers to basic.o(x$fpl$basic) for __aeabi_dneg
    mpu6050.o(i.MPU6050_Read_All) refers to mpu6050.o(.data) for .data
    mpu6050.o(i.MPU6050_Read_Gyro) refers to stm32f4xx_hal_i2c.o(i.HAL_I2C_Mem_Read) for HAL_I2C_Mem_Read
[...]
    i.SystemInit                             0x08003ff8   Section        0  system_stm32f4xx.o(i.SystemInit)
    i.TIM1_UP_TIM10_IRQHandler               0x08004008   Section        0  stm32f4xx_it.o(i.TIM1_UP_TIM10_IRQHandler)
    i.TIM7_IRQHandler                        0x08004024   Section        0  stm32f4xx_it.o(i.TIM7_IRQHandler)
    i.TIM_Base_SetConfig                     0x08004070   Section        0  stm32f4xx_hal_tim.o(i.TIM_Base_SetConfig)
    i.UART_EndRxTransfer                     0x08004148   Section        0  stm32f4xx_hal_uart.o(i.UART_EndRxTransfer)
    UART_EndRxTransfer                       0x08004149   Thumb Code    78  stm32f4xx_hal_uart.o(i.UART_EndRxTransfer)
    i.UART_SetConfig                         0x08004198   Section        0  stm32f4xx_hal_uart.o(i.UART_SetConfig)
    UART_SetConfig                           0x08004199   Thumb Code   258  stm32f4xx_hal_uart.o(i.UART_SetConfig)
    i.UART_WaitOnFlagUntilTimeout            0x080042a4   Section        0  stm32f4xx_hal_uart.o(i.UART_WaitOnFlagUntilTimeout)
    UART_WaitOnFlagUntilTimeout              0x080042a5   Thumb Code   114  stm32f4xx_hal_uart.o(i.UART_WaitOnFlagUntilTimeout)
    i.UsageFault_Handler                     0x08004316   Section        0  stm32f4xx_it.o(i.UsageFault_Handler)
    i.__ARM_fpclassify                       0x08004318   Section        0  fpclassify.o(i.__ARM_fpclassify)
    i.__NVIC_SetPriority                     0x08004348   Section        0  stm32f4xx_hal_cortex.o(i.__NVIC_SetPriority)
    __NVIC_SetPriority                       0x08004349   Thumb Code    32  stm32f4xx_hal_cortex.o(i.__NVIC_SetPriority)
    i.__hardfp_atan                          0x08004368   Section        0  atan.o(i.__hardfp_atan)
    i.__hardfp_atan2                         0x08004640   Section        0  atan2.o(i.__hardfp_atan2)
    i.__hardfp_fabs                          0x08004840   Section        0  fabs.o(i.__hardfp_fabs)
    i.__hardfp_sqrt                          0x08004854   Section        0  sqrt.o(i.__hardfp_sqrt)
    i.__kernel_poly                          0x080048ce   Section        0  poly.o(i.__kernel_poly)
    i.__mathlib_dbl_infnan                   0x080049c6   Section        0  dunder.o(i.__mathlib_dbl_infnan)
    i.__mathlib_dbl_infnan2                  0x080049da   Section        0  dunder.o(i.__mathlib_dbl_infnan2)
    i.__mathlib_dbl_underflow                0x080049f0   Section        0  dunder.o(i.__mathlib_dbl_underflow)
    i._is_digit                              0x08004a10   Section        0  __printf_wp.o(i._is_digit)
    i.atan                                   0x08004a1e   Section        0  atan.o(i.atan)
    i.fabs                                   0x08004a2e   Section        0  fabs.o(i.fabs)
    i.ili9325_DisplayOff                     0x08004a46   Section        0  ili9325.o(i.ili9325_DisplayOff)
    i.ili9325_DisplayOn                      0x08004a7c   Section        0  ili9325.o(i.ili9325_DisplayOn)
    i.ili9325_DrawBitmap                     0x08004adc   Section        0  ili9325.o(i.ili9325_DrawBitmap)
    i.ili9325_DrawHLine                      0x08004b28   Section        0  ili9325.o(i.ili9325_DrawHLine)
    i.ili9325_DrawRGBImage                   0x08004b60   Section        0  ili9325.o(i.ili9325_DrawRGBImage)
    i.ili9325_DrawVLine                      0x08004b80   Section        0  ili9325.o(i.ili9325_DrawVLine)
    i.ili9325_GetLcdPixelHeight              0x08004bd4   Section        0  ili9325.o(i.ili9325_GetLcdPixelHeight)
    i.ili9325_GetLcdPixelWidth               0x08004bd8   Section        0  ili9325.o(i.ili9325_GetLcdPixelWidth)
    i.ili9325_Init                           0x08004bde   Section        0  ili9325.o(i.ili9325_Init)
    i.ili9325_ReadID                         0x08004dca   Section        0  ili9325.o(i.ili9325_ReadID)
    i.ili9325_ReadPixel                      0x08004dda   Section        0  ili9325.o(i.ili9325_ReadPixel)
    i.ili9325_SetCursor                      0x08004dea   Section        0  ili9325.o(i.ili9325_SetCursor)
    i.ili9325_SetDisplayWindow               0x08004e06   Section        0  ili9325.o(i.ili9325_SetDisplayWindow)
    i.ili9325_WritePixel                     0x08004e44   Section        0  ili9325.o(i.ili9325_WritePixel)
    i.ili9325_WriteReg                       0x08004e5a   Section        0  ili9325.o(i.ili9325_WriteReg)
    i.main                                   0x08004e6c   Section        0  main.o(i.main)
    i.serialPrintln                          0x08005114   Section        0  voxart_dev.o(i.serialPrintln)
    i.updateCircle                           0x0800514c   Section        0  main.o(i.updateCircle)
    x$fpl$basic                              0x08005188   Section       24  basic.o(x$fpl$basic)
    $v0                                      0x08005188   Number         0  basic.o(x$fpl$basic)
    x$fpl$d2f                                0x080051a0   Section       98  d2f.o(x$fpl$d2f)
    $v0                                      0x080051a0   Number         0  d2f.o(x$fpl$d2f)
    x$fpl$dadd                               0x08005204   Section      336  daddsub_clz.o(x$fpl$dadd)
    $v0                                      0x08005204   Number         0  daddsub_clz.o(x$fpl$dadd)
    _dadd1                                   0x08005215   Thumb Code     0  daddsub_clz.o(x$fpl$dadd)
    x$fpl$dcmpinf                            0x08005354   Section       24  dcmpi.o(x$fpl$dcmpinf)
    $v0                                      0x08005354   Number         0  dcmpi.o(x$fpl$dcmpinf)
    x$fpl$ddiv                               0x0800536c   Section      688  ddiv.o(x$fpl$ddiv)
    $v0                                      0x0800536c   Number         0  ddiv.o(x$fpl$ddiv)
    ddiv_entry                               0x08005373   Thumb Code     0  ddiv.o(x$fpl$ddiv)
    x$fpl$deqf                               0x0800561c   Section      120  deqf.o(x$fpl$deqf)
    $v0                                      0x0800561c   Number         0  deqf.o(x$fpl$deqf)
    x$fpl$dflt                               0x08005694   Section       46  dflt_clz.o(x$fpl$dflt)
    $v0                                      0x08005694   Number         0  dflt_clz.o(x$fpl$dflt)
    x$fpl$dfltu                              0x080056c2   Section       38  dflt_clz.o(x$fpl$dfltu)
    $v0                                      0x080056c2   Number         0  dflt_clz.o(x$fpl$dfltu)
    x$fpl$dleqf                              0x080056e8   Section      120  dleqf.o(x$fpl$dleqf)
    $v0                                      0x080056e8   Number         0  dleqf.o(x$fpl$dleqf)
    x$fpl$dmul                               0x08005760   Section      340  dmul.o(x$fpl$dmul)
    $v0                                      0x08005760   Number         0  dmul.o(x$fpl$dmul)
    x$fpl$dnaninf                            0x080058b4   Section      156  dnaninf.o(x$fpl$dnaninf)
    $v0                                      0x080058b4   Number         0  dnaninf.o(x$fpl$dnaninf)
    x$fpl$dretinf                            0x08005950   Section       12  dretinf.o(x$fpl$dretinf)
    $v0                                      0x08005950   Number         0  dretinf.o(x$fpl$dretinf)
    x$fpl$drleqf                             0x0800595c   Section      108  drleqf.o(x$fpl$drleqf)
    $v0                                      0x0800595c   Number         0  drleqf.o(x$fpl$drleqf)
    x$fpl$drsb                               0x080059c8   Section       22  daddsub_clz.o(x$fpl$drsb)
    $v0                                      0x080059c8   Number         0  daddsub_clz.o(x$fpl$drsb)
    x$fpl$dsqrt                              0x080059e0   Section      408  dsqrt_umaal.o(x$fpl$dsqrt)
    $v0                                      0x080059e0   Number         0  dsqrt_umaal.o(x$fpl$dsqrt)
    x$fpl$dsub                               0x08005b78   Section      468  daddsub_clz.o(x$fpl$dsub)
    $v0                                      0x08005b78   Number         0  daddsub_clz.o(x$fpl$dsub)
    _dsub1                                   0x08005b89   Thumb Code     0  daddsub_clz.o(x$fpl$dsub)
    x$fpl$fpinit                             0x08005d4c   Section       10  fpinit.o(x$fpl$fpinit)
    $v0                                      0x08005d4c   Number         0  fpinit.o(x$fpl$fpinit)
    x$fpl$fretinf                            0x08005d56   Section       10  fretinf.o(x$fpl$fretinf)
    $v0                                      0x08005d56   Number         0  fretinf.o(x$fpl$fretinf)
    .constdata                               0x08005d60   Section       16  system_stm32f4xx.o(.constdata)
    x$fpl$usenofp                            0x08005d60   Section        0  usenofp.o(x$fpl$usenofp)
    .constdata                               0x08005d70   Section        8  system_stm32f4xx.o(.constdata)
    .constdata                               0x08005d78   Section     6840  stm324xg_eval_lcd.o(.constdata)
    .constdata                               0x08007830   Section       17  __printf_flags_wp.o(.constdata)
    maptable                                 0x08007830   Data          17  __printf_flags_wp.o(.constdata)
    .constdata                               0x08007848   Section      152  atan.o(.constdata)
    atanhi                                   0x08007848   Data          32  atan.o(.constdata)
    atanlo                                   0x08007868   Data          32  atan.o(.constdata)
    aTodd                                    0x08007888   Data          40  atan.o(.constdata)
    aTeven                                   0x080078b0   Data          48  atan.o(.constdata)
    .constdata                               0x080078e0   Section        8  qnan.o(.constdata)
    .data                                    0x20000000   Section      152  mpu6050.o(.data)
    .data                                    0x20000098   Section        4  main.o(.data)
    .data                                    0x2000009c   Section        8  stm32f4xx_it.o(.data)
    .data                                    0x200000a4   Section        8  stm32f4xx_hal_msp.o(.data)
    FSMC_Initialized                         0x200000a4   Data           4  stm32f4xx_hal_msp.o(.data)
    FSMC_DeInitialized                       0x200000a8   Data           4  stm32f4xx_hal_msp.o(.data)
    .data                                    0x200000ac   Section       12  stm32f4xx_hal.o(.data)
    .data                                    0x200000b8   Section        4  system_stm32f4xx.o(.data)
    .data                                    0x200000bc   Section       12  stm324xg_eval_lcd.o(.data)
    lcd_drv                                  0x200000bc   Data           4  stm324xg_eval_lcd.o(.data)
    .data                                    0x200000c8   Section       44  stm324xg_eval.o(.data)
    Is_LCD_IO_Initialized                    0x200000c8   Data           1  stm324xg_eval.o(.data)
    I2C_IT_Enabled                           0x200000c9   Data           1  stm324xg_eval.o(.data)
    .data                                    0x200000f4   Section       56  ili9325.o(.data)
    .bss                                     0x20000130   Section      544  main.o(.bss)
    .bss                                     0x20000350   Section      256  stm32f4xx_it.o(.bss)
    .bss                                     0x20000450   Section       12  stm324xg_eval_lcd.o(.bss)
    .bss                                     0x2000045c   Section      640  ili9325.o(.bss)
    ArrayRGB                                 0x2000045c   Data         640  ili9325.o(.bss)
    .bss                                     0x200006dc   Section       96  libspace.o(.bss)
    HEAP                                     0x20000740   Section      512  startup_stm32f407xx.o(HEAP)
    Heap_Mem                                 0x20000740   Data         512  startup_stm32f407xx.o(HEAP)
    STACK                                    0x20000940   Section     1024  startup_stm32f407xx.o(STACK)
    Stack_Mem                                0x20000940   Data        1024  startup_stm32f407xx.o(STACK)
    __initial_sp                             0x20000d40   Data           0  startup_stm32f407xx.o(STACK)

    Global Symbols

    Symbol Name                              Value     Ov Type        Size  Object(Section)

    BuildAttributes$$THM_ISAv4$E$P$D$K$B$S$7EM$VFPi3$EXTD16$VFPS$VFMA$PE$A:L22UL41UL21$X:L11$S22US41US21$IEEE1$IW$USESV6$~STKCKD$USESV7$~SHL$OTIME$ROPI$IEEEX$EBA8$UX$STANDARDLIB$REQ8$PRES8$EABIv2 0x00000000   Number         0  anon$$obj.o ABSOLUTE
    __ARM_use_no_argv                        0x00000000   Number         0  main.o ABSOLUTE
    _printf_flags                            0x00000000   Number         0  printf_stubs.o ABSOLUTE
    _printf_return_value                     0x00000000   Number         0  printf_stubs.o ABSOLUTE
    _printf_sizespec                         0x00000000   Number         0  printf_stubs.o ABSOLUTE
    _printf_widthprec                        0x00000000   Number         0  printf_stubs.o ABSOLUTE
    __ARM_exceptions_init                     - Undefined Weak Reference
    __alloca_initialize                       - Undefined Weak Reference
    __arm_fini_                               - Undefined Weak Reference
    __arm_preinit_                            - Undefined Weak Reference
    __cpp_initialize__aeabi_                  - Undefined Weak Reference
    __cxa_finalize                            - Undefined Weak Reference
    __sigvec_lookup                           - Undefined Weak Reference
    _atexit_init                              - Undefined Weak Reference
    _call_atexit_fns                          - Undefined Weak Reference
    _clock_init                               - Undefined Weak Reference
    _fp_trap_init                             - Undefined Weak Reference
    _fp_trap_shutdown                         - Undefined Weak Reference
    _get_lc_collate                           - Undefined Weak Reference
    _get_lc_ctype                             - Undefined Weak Reference
    _get_lc_monetary                          - Undefined Weak Reference
    _get_lc_time                              - Undefined Weak Reference
    _getenv_init                              - Undefined Weak Reference
    _handle_redirection                       - Undefined Weak Reference
    _init_alloc                               - Undefined Weak Reference
    _init_user_alloc                          - Undefined Weak Reference
    _initio                                   - Undefined Weak Reference
    _printf_mbtowc                            - Undefined Weak Reference
    _printf_post_padding                      - Undefined Weak Reference
    _printf_pre_padding                       - Undefined Weak Reference
    _rand_init                                - Undefined Weak Reference
    _signal_finish                            - Undefined Weak Reference
    _signal_init                              - Undefined Weak Reference
    _terminate_alloc                          - Undefined Weak Reference
    _terminate_user_alloc                     - Undefined Weak Reference
    _terminateio                              - Undefined Weak Reference
    __Vectors_Size                           0x00000188   Number         0  startup_stm32f407xx.o ABSOLUTE
    __Vectors                                0x08000000   Data           4  startup_stm32f407xx.o(RESET)
    __Vectors_End                            0x08000188   Data           0  startup_stm32f407xx.o(RESET)
    __main                                   0x08000189   Thumb Code     8  __main.o(!!!main)
    __scatterload                            0x08000191   Thumb Code     0  __scatter.o(!!!scatter)
    __scatterload_rt2                        0x08000191   Thumb Code    44  __scatter.o(!!!scatter)
    __scatterload_rt2_thumb_only             0x08000191   Thumb Code     0  __scatter.o(!!!scatter)
    __scatterload_null                       0x0800019f   Thumb Code     0  __scatter.o(!!!scatter)
    __decompress                             0x080001c5   Thumb Code    90  __dczerorl2.o(!!dczerorl2)
    __decompress1                            0x080001c5   Thumb Code     0  __dczerorl2.o(!!dczerorl2)
    __scatterload_zeroinit                   0x08000221   Thumb Code    28  __scatter_zi.o(!!handler_zi)
    _printf_percent                          0x0800023d   Thumb Code     0  _printf_percent.o(.ARM.Collect$$_printf_percent$$00000000)
    _printf_percent_end                      0x0800023d   Thumb Code     0  _printf_percent_end.o(.ARM.Collect$$_printf_percent$$00000017)
    __rt_lib_init                            0x08000241   Thumb Code     0  libinit.o(.ARM.Collect$$libinit$$00000000)
    __rt_lib_init_fp_1                       0x08000243   Thumb Code     0  libinit2.o(.ARM.Collect$$libinit$$00000001)
    __rt_lib_init_alloca_1                   0x08000247   Thumb Code     0  libinit2.o(.ARM.Collect$$libinit$$0000002E)
    __rt_lib_init_argv_1                     0x08000247   Thumb Code     0  libinit2.o(.ARM.Collect$$libinit$$0000002C)
    __rt_lib_init_atexit_1                   0x08000247   Thumb Code     0  libinit2.o(.ARM.Collect$$libinit$$0000001B)
    __rt_lib_init_clock_1                    0x08000247   Thumb Code     0  libinit2.o(.ARM.Collect$$libinit$$00000021)
    __rt_lib_init_cpp_1                      0x08000247   Thumb Code     0  libinit2.o(.ARM.Collect$$libinit$$00000032)
    __rt_lib_init_exceptions_1               0x08000247   Thumb Code     0  libinit2.o(.ARM.Collect$$libinit$$00000030)
    __rt_lib_init_fp_trap_1                  0x08000247   Thumb Code     0  libinit2.o(.ARM.Collect$$libinit$$0000001F)
    __rt_lib_init_getenv_1                   0x08000247   Thumb Code     0  libinit2.o(.ARM.Collect$$libinit$$00000023)
    __rt_lib_init_heap_1                     0x08000247   Thumb Code     0  libinit2.o(.ARM.Collect$$libinit$$0000000A)
    __rt_lib_init_lc_collate_1               0x08000247   Thumb Code     0  libinit2.o(.ARM.Collect$$libinit$$00000011)
    __rt_lib_init_lc_ctype_1                 0x08000247   Thumb Code     0  libinit2.o(.ARM.Collect$$libinit$$00000013)
    __rt_lib_init_lc_monetary_1              0x08000247   Thumb Code     0  libinit2.o(.ARM.Collect$$libinit$$00000015)
    __rt_lib_init_lc_numeric_1               0x08000247   Thumb Code     0  libinit2.o(.ARM.Collect$$libinit$$00000017)
    __rt_lib_init_lc_time_1                  0x08000247   Thumb Code     0  libinit2.o(.ARM.Collect$$libinit$$00000019)
    __rt_lib_init_preinit_1                  0x08000247   Thumb Code     0  libinit2.o(.ARM.Collect$$libinit$$00000004)
    __rt_lib_init_rand_1                     0x08000247   Thumb Code     0  libinit2.o(.ARM.Collect$$libinit$$0000000E)
    __rt_lib_init_return                     0x08000247   Thumb Code     0  libinit2.o(.ARM.Collect$$libinit$$00000033)
    __rt_lib_init_signal_1                   0x08000247   Thumb Code     0  libinit2.o(.ARM.Collect$$libinit$$0000001D)
    __rt_lib_init_stdio_1                    0x08000247   Thumb Code     0  libinit2.o(.ARM.Collect$$libinit$$00000025)
    __rt_lib_init_user_alloc_1               0x08000247   Thumb Code     0  libinit2.o(.ARM.Collect$$libinit$$0000000C)
    __rt_lib_shutdown                        0x08000249   Thumb Code     0  libshutdown.o(.ARM.Collect$$libshutdown$$00000000)
    __rt_lib_shutdown_cpp_1                  0x0800024b   Thumb Code     0  libshutdown2.o(.ARM.Collect$$libshutdown$$00000004)
    __rt_lib_shutdown_fini_1                 0x0800024b   Thumb Code     0  libshutdown2.o(.ARM.Collect$$libshutdown$$00000002)
    __rt_lib_shutdown_fp_trap_1              0x0800024b   Thumb Code     0  libshutdown2.o(.ARM.Collect$$libshutdown$$00000009)
    __rt_lib_shutdown_heap_1                 0x0800024b   Thumb Code     0  libshutdown2.o(.ARM.Collect$$libshutdown$$00000011)
    __rt_lib_shutdown_return                 0x0800024b   Thumb Code     0  libshutdown2.o(.ARM.Collect$$libshutdown$$00000012)
    __rt_lib_shutdown_signal_1               0x0800024b   Thumb Code     0  libshutdown2.o(.ARM.Collect$$libshutdown$$0000000C)
    __rt_lib_shutdown_stdio_1                0x0800024b   Thumb Code     0  libshutdown2.o(.ARM.Collect$$libshutdown$$00000006)
    __rt_lib_shutdown_user_alloc_1           0x0800024b   Thumb Code     0  libshutdown2.o(.ARM.Collect$$libshutdown$$0000000E)
    __rt_entry                               0x0800024d   Thumb Code     0  __rtentry.o(.ARM.Collect$$rtentry$$00000000)
    __rt_entry_presh_1                       0x0800024d   Thumb Code     0  __rtentry2.o(.ARM.Collect$$rtentry$$00000002)
    __rt_entry_sh                            0x0800024d   Thumb Code     0  __rtentry4.o(.ARM.Collect$$rtentry$$00000004)
    __rt_entry_li                            0x08000253   Thumb Code     0  __rtentry2.o(.ARM.Collect$$rtentry$$0000000A)
    __rt_entry_postsh_1                      0x08000253   Thumb Code     0  __rtentry2.o(.ARM.Collect$$rtentry$$00000009)
    __rt_entry_main                          0x08000257   Thumb Code     0  __rtentry2.o(.ARM.Collect$$rtentry$$0000000D)
    __rt_entry_postli_1                      0x08000257   Thumb Code     0  __rtentry2.o(.ARM.Collect$$rtentry$$0000000C)
    __rt_exit                                0x0800025f   Thumb Code     0  rtexit.o(.ARM.Collect$$rtexit$$00000000)
    __rt_exit_ls                             0x08000261   Thumb Code     0  rtexit2.o(.ARM.Collect$$rtexit$$00000003)
    __rt_exit_prels_1                        0x08000261   Thumb Code     0  rtexit2.o(.ARM.Collect$$rtexit$$00000002)
    __rt_exit_exit                           0x08000265   Thumb Code     0  rtexit2.o(.ARM.Collect$$rtexit$$00000004)
    Reset_Handler                            0x0800026d   Thumb Code     8  startup_stm32f407xx.o(.text)
    ADC_IRQHandler                           0x08000287   Thumb Code     0  startup_stm32f407xx.o(.text)
    CAN1_RX0_IRQHandler                      0x08000287   Thumb Code     0  startup_stm32f407xx.o(.text)
    CAN1_RX1_IRQHandler                      0x08000287   Thumb Code     0  startup_stm32f407xx.o(.text)
    CAN1_SCE_IRQHandler                      0x08000287   Thumb Code     0  startup_stm32f407xx.o(.text)
    CAN1_TX_IRQHandler                       0x08000287   Thumb Code     0  startup_stm32f407xx.o(.text)
    CAN2_RX0_IRQHandler                      0x08000287   Thumb Code     0  startup_stm32f407xx.o(.text)
    CAN2_RX1_IRQHandler                      0x08000287   Thumb Code     0  startup_stm32f407xx.o(.text)
    CAN2_SCE_IRQHandler                      0x08000287   Thumb Code     0  startup_stm32f407xx.o(.text)
    CAN2_TX_IRQHandler                       0x08000287   Thumb Code     0  startup_stm32f407xx.o(.text)
    DCMI_IRQHandler                          0x08000287   Thumb Code     0  startup_stm32f407xx.o(.text)
    DMA1_Stream0_IRQHandler                  0x08000287   Thumb Code     0  startup_stm32f407xx.o(.text)
    DMA1_Stream1_IRQHandler                  0x08000287   Thumb Code     0  startup_stm32f407xx.o(.text)
    DMA1_Stream2_IRQHandler                  0x08000287   Thumb Code     0  startup_stm32f407xx.o(.text)
    DMA1_Stream3_IRQHandler                  0x08000287   Thumb Code     0  startup_stm32f407xx.o(.text)
    DMA1_Stream4_IRQHandler                  0x08000287   Thumb Code     0  startup_stm32f407xx.o(.text)
    DMA1_Stream5_IRQHandler                  0x08000287   Thumb Code     0  startup_stm32f407xx.o(.text)
    DMA1_Stream6_IRQHandler                  0x08000287   Thumb Code     0  startup_stm32f407xx.o(.text)
    DMA1_Stream7_IRQHandler                  0x08000287   Thumb Code     0  startup_stm32f407xx.o(.text)
    DMA2_Stream0_IRQHandler                  0x08000287   Thumb Code     0  startup_stm32f407xx.o(.text)
    DMA2_Stream1_IRQHandler                  0x08000287   Thumb Code     0  startup_stm32f407xx.o(.text)
    DMA2_Stream2_IRQHandler                  0x08000287   Thumb Code     0  startup_stm32f407xx.o(.text)
    DMA2_Stream3_IRQHandler                  0x08000287   Thumb Code     0  startup_stm32f407xx.o(.text)
    DMA2_Stream4_IRQHandler                  0x08000287   Thumb Code     0  startup_stm32f407xx.o(.text)
    DMA2_Stream5_IRQHandler                  0x08000287   Thumb Code     0  startup_stm32f407xx.o(.text)
    DMA2_Stream6_IRQHandler                  0x08000287   Thumb Code     0  startup_stm32f407xx.o(.text)
    DMA2_Stream7_IRQHandler                  0x08000287   Thumb Code     0  startup_stm32f407xx.o(.text)
    ETH_IRQHandler                           0x08000287   Thumb Code     0  startup_stm32f407xx.o(.text)
    ETH_WKUP_IRQHandler                      0x08000287   Thumb Code     0  startup_stm32f407xx.o(.text)
    EXTI1_IRQHandler                         0x08000287   Thumb Code     0  startup_stm32f407xx.o(.text)
    EXTI2_IRQHandler                         0x08000287   Thumb Code     0  startup_stm32f407xx.o(.text)
    EXTI3_IRQHandler                         0x08000287   Thumb Code     0  startup_stm32f407xx.o(.text)
    EXTI4_IRQHandler                         0x08000287   Thumb Code     0  startup_stm32f407xx.o(.text)
    EXTI9_5_IRQHandler                       0x08000287   Thumb Code     0  startup_stm32f407xx.o(.text)
    FLASH_IRQHandler                         0x08000287   Thumb Code     0  startup_stm32f407xx.o(.text)
    FMC_IRQHandler                           0x08000287   Thumb Code     0  startup_stm32f407xx.o(.text)
    FPU_IRQHandler                           0x08000287   Thumb Code     0  startup_stm32f407xx.o(.text)
    HASH_RNG_IRQHandler                      0x08000287   Thumb Code     0  startup_stm32f407xx.o(.text)
    I2C1_ER_IRQHandler                       0x08000287   Thumb Code     0  startup_stm32f407xx.o(.text)
    I2C2_ER_IRQHandler                       0x08000287   Thumb Code     0  startup_stm32f407xx.o(.text)
    I2C2_EV_IRQHandler                       0x08000287   Thumb Code     0  startup_stm32f407xx.o(.text)
    I2C3_ER_IRQHandler                       0x08000287   Thumb Code     0  startup_stm32f407xx.o(.text)
    I2C3_EV_IRQHandler                       0x08000287   Thumb Code     0  startup_stm32f407xx.o(.text)
    OTG_FS_IRQHandler                        0x08000287   Thumb Code     0  startup_stm32f407xx.o(.text)
    OTG_FS_WKUP_IRQHandler                   0x08000287   Thumb Code     0  startup_stm32f407xx.o(.text)
    OTG_HS_EP1_IN_IRQHandler                 0x08000287   Thumb Code     0  startup_stm32f407xx.o(.text)
    OTG_HS_EP1_OUT_IRQHandler                0x08000287   Thumb Code     0  startup_stm32f407xx.o(.text)
    OTG_HS_IRQHandler                        0x08000287   Thumb Code     0  startup_stm32f407xx.o(.text)
    OTG_HS_WKUP_IRQHandler                   0x08000287   Thumb Code     0  startup_stm32f407xx.o(.text)
    PVD_IRQHandler                           0x08000287   Thumb Code     0  startup_stm32f407xx.o(.text)
    RCC_IRQHandler                           0x08000287   Thumb Code     0  startup_stm32f407xx.o(.text)
    RTC_Alarm_IRQHandler                     0x08000287   Thumb Code     0  startup_stm32f407xx.o(.text)
    RTC_WKUP_IRQHandler                      0x08000287   Thumb Code     0  startup_stm32f407xx.o(.text)
    SDIO_IRQHandler                          0x08000287   Thumb Code     0  startup_stm32f407xx.o(.text)
    SPI1_IRQHandler                          0x08000287   Thumb Code     0  startup_stm32f407xx.o(.text)
    SPI2_IRQHandler                          0x08000287   Thumb Code     0  startup_stm32f407xx.o(.text)
    SPI3_IRQHandler                          0x08000287   Thumb Code     0  startup_stm32f407xx.o(.text)
    TAMP_STAMP_IRQHandler                    0x08000287   Thumb Code     0  startup_stm32f407xx.o(.text)
    TIM1_BRK_TIM9_IRQHandler                 0x08000287   Thumb Code     0  startup_stm32f407xx.o(.text)
    TIM1_CC_IRQHandler                       0x08000287   Thumb Code     0  startup_stm32f407xx.o(.text)
    TIM1_TRG_COM_TIM11_IRQHandler            0x08000287   Thumb Code     0  startup_stm32f407xx.o(.text)
    TIM2_IRQHandler                          0x08000287   Thumb Code     0  startup_stm32f407xx.o(.text)
    TIM3_IRQHandler                          0x08000287   Thumb Code     0  startup_stm32f407xx.o(.text)
    TIM4_IRQHandler                          0x08000287   Thumb Code     0  startup_stm32f407xx.o(.text)
    TIM5_IRQHandler                          0x08000287   Thumb Code     0  startup_stm32f407xx.o(.text)
    TIM6_DAC_IRQHandler                      0x08000287   Thumb Code     0  startup_stm32f407xx.o(.text)
    TIM8_BRK_TIM12_IRQHandler                0x08000287   Thumb Code     0  startup_stm32f407xx.o(.text)
    TIM8_CC_IRQHandler                       0x08000287   Thumb Code     0  startup_stm32f407xx.o(.text)
    TIM8_TRG_COM_TIM14_IRQHandler            0x08000287   Thumb Code     0  startup_stm32f407xx.o(.text)
    TIM8_UP_TIM13_IRQHandler                 0x08000287   Thumb Code     0  startup_stm32f407xx.o(.text)
    UART4_IRQHandler                         0x08000287   Thumb Code     0  startup_stm32f407xx.o(.text)
    UART5_IRQHandler                         0x08000287   Thumb Code     0  startup_stm32f407xx.o(.text)
    USART1_IRQHandler                        0x08000287   Thumb Code     0  startup_stm32f407xx.o(.text)
    USART2_IRQHandler                        0x08000287   Thumb Code     0  startup_stm32f407xx.o(.text)
    USART3_IRQHandler                        0x08000287   Thumb Code     0  startup_stm32f407xx.o(.text)
    USART6_IRQHandler                        0x08000287   Thumb Code     0  startup_stm32f407xx.o(.text)
    WWDG_IRQHandler                          0x08000287   Thumb Code     0  startup_stm32f407xx.o(.text)
    __user_initial_stackheap                 0x08000289   Thumb Code     0  startup_stm32f407xx.o(.text)
    __aeabi_uldivmod                         0x080002ad   Thumb Code     0  lludivv7m.o(.text)
    _ll_udiv                                 0x080002ad   Thumb Code   238  lludivv7m.o(.text)
    __2sprintf                               0x0800039d   Thumb Code    34  noretval__2sprintf.o(.text)
    __printf                                 0x080003c5   Thumb Code   308  __printf_flags_wp.o(.text)
    strcat                                   0x080004fd   Thumb Code    24  strcat.o(.text)
    __aeabi_memclr4                          0x08000515   Thumb Code     0  rt_memclr_w.o(.text)
    __aeabi_memclr8                          0x08000515   Thumb Code     0  rt_memclr_w.o(.text)
    __rt_memclr_w                            0x08000515   Thumb Code    78  rt_memclr_w.o(.text)
    _memset_w                                0x08000519   Thumb Code     0  rt_memclr_w.o(.text)
    __use_two_region_memory                  0x08000563   Thumb Code     2  heapauxi.o(.text)
    __rt_heap_escrow$2region                 0x08000565   Thumb Code     2  heapauxi.o(.text)
    __rt_heap_expand$2region                 0x08000567   Thumb Code     2  heapauxi.o(.text)
    __read_errno                             0x08000569   Thumb Code    10  _rserrno.o(.text)
    __set_errno                              0x08000573   Thumb Code    12  _rserrno.o(.text)
    _printf_char_common                      0x0800058b   Thumb Code    32  _printf_char_common.o(.text)
    _sputc                                   0x080005b1   Thumb Code    10  _sputc.o(.text)
    __aeabi_errno_addr                       0x080005bd   Thumb Code     8  rt_errno_addr_intlibspace.o(.text)
    __errno$intlibspace                      0x080005bd   Thumb Code     0  rt_errno_addr_intlibspace.o(.text)
    __rt_errno_addr$intlibspace              0x080005bd   Thumb Code     0  rt_errno_addr_intlibspace.o(.text)
    __user_libspace                          0x080005c5   Thumb Code     8  libspace.o(.text)
    __user_perproc_libspace                  0x080005c5   Thumb Code     0  libspace.o(.text)
    __user_perthread_libspace                0x080005c5   Thumb Code     0  libspace.o(.text)
    __user_setup_stackheap                   0x080005cd   Thumb Code    74  sys_stackheap_outer.o(.text)
    exit                                     0x08000617   Thumb Code    18  exit.o(.text)
    _sys_exit                                0x08000629   Thumb Code     8  sys_exit.o(.text)
    __I$use$semihosting                      0x08000635   Thumb Code     0  use_no_semi.o(.text)
    __use_no_semihosting_swi                 0x08000635   Thumb Code     2  use_no_semi.o(.text)
    __semihosting_library_function           0x08000637   Thumb Code     0  indicate_semi.o(.text)
    BSP_LCD_Clear                            0x08000761   Thumb Code    42  stm324xg_eval_lcd.o(i.BSP_LCD_Clear)
    BSP_LCD_DisplayChar                      0x08000791   Thumb Code    32  stm324xg_eval_lcd.o(i.BSP_LCD_DisplayChar)
    BSP_LCD_DisplayOn                        0x080007b5   Thumb Code     8  stm324xg_eval_lcd.o(i.BSP_LCD_DisplayOn)
    BSP_LCD_DisplayStringAt                  0x080007c1   Thumb Code   150  stm324xg_eval_lcd.o(i.BSP_LCD_DisplayStringAt)
    BSP_LCD_DrawCircle                       0x0800085d   Thumb Code   218  stm324xg_eval_lcd.o(i.BSP_LCD_DrawCircle)
    BSP_LCD_DrawHLine                        0x08000941   Thumb Code    68  stm324xg_eval_lcd.o(i.BSP_LCD_DrawHLine)
    BSP_LCD_DrawPixel                        0x0800098d   Thumb Code    14  stm324xg_eval_lcd.o(i.BSP_LCD_DrawPixel)
    BSP_LCD_FillCircle                       0x080009a1   Thumb Code   170  stm324xg_eval_lcd.o(i.BSP_LCD_FillCircle)
    BSP_LCD_GetXSize                         0x08000a51   Thumb Code     8  stm324xg_eval_lcd.o(i.BSP_LCD_GetXSize)
    BSP_LCD_GetYSize                         0x08000a5d   Thumb Code     8  stm324xg_eval_lcd.o(i.BSP_LCD_GetYSize)
    BSP_LCD_Init                             0x08000a69   Thumb Code    54  stm324xg_eval_lcd.o(i.BSP_LCD_Init)
    BusFault_Handler                         0x08000aad   Thumb Code     2  stm32f4xx_it.o(i.BusFault_Handler)
    DebugMon_Handler                         0x08000aaf   Thumb Code     2  stm32f4xx_it.o(i.DebugMon_Handler)
    EXTI0_IRQHandler                         0x08000b4d   Thumb Code    28  stm32f4xx_it.o(i.EXTI0_IRQHandler)
    EXTI15_10_IRQHandler                     0x08000b79   Thumb Code    38  stm32f4xx_it.o(i.EXTI15_10_IRQHandler)
    FSMC_NORSRAM_Extended_Timing_Init        0x08000cc1   Thumb Code    56  stm32f4xx_ll_fsmc.o(i.FSMC_NORSRAM_Extended_Timing_Init)
    FSMC_NORSRAM_Init                        0x08000cfd   Thumb Code    98  stm32f4xx_ll_fsmc.o(i.FSMC_NORSRAM_Init)
    FSMC_NORSRAM_Timing_Init                 0x08000d65   Thumb Code    64  stm32f4xx_ll_fsmc.o(i.FSMC_NORSRAM_Timing_Init)
    HAL_ADC_ConfigChannel                    0x08000da9   Thumb Code   316  stm32f4xx_hal_adc.o(i.HAL_ADC_ConfigChannel)
    HAL_ADC_Init                             0x08000ef5   Thumb Code    84  stm32f4xx_hal_adc.o(i.HAL_ADC_Init)
    HAL_ADC_MspInit                          0x08000f49   Thumb Code    86  stm32f4xx_hal_msp.o(i.HAL_ADC_MspInit)
    HAL_ADC_Start                            0x08000fad   Thumb Code   228  stm32f4xx_hal_adc.o(i.HAL_ADC_Start)
    HAL_DMA_Abort_IT                         0x080010a9   Thumb Code    36  stm32f4xx_hal_dma.o(i.HAL_DMA_Abort_IT)
    HAL_DMA_GetState                         0x080010cd   Thumb Code     6  stm32f4xx_hal_dma.o(i.HAL_DMA_GetState)
    HAL_Delay                                0x080010d5   Thumb Code    32  stm32f4xx_hal.o(i.HAL_Delay)
    HAL_GPIO_EXTI_Callback                   0x080011b9   Thumb Code     2  stm32f4xx_hal_gpio.o(i.HAL_GPIO_EXTI_Callback)
    HAL_GPIO_EXTI_IRQHandler                 0x080011bd   Thumb Code    18  stm32f4xx_hal_gpio.o(i.HAL_GPIO_EXTI_IRQHandler)
    HAL_GPIO_Init                            0x080011d5   Thumb Code   450  stm32f4xx_hal_gpio.o(i.HAL_GPIO_Init)
    HAL_GPIO_TogglePin                       0x080013c5   Thumb Code    16  stm32f4xx_hal_gpio.o(i.HAL_GPIO_TogglePin)
    HAL_GPIO_WritePin                        0x080013d5   Thumb Code    10  stm32f4xx_hal_gpio.o(i.HAL_GPIO_WritePin)
    HAL_GetTick                              0x080013e1   Thumb Code     6  stm32f4xx_hal.o(i.HAL_GetTick)
    HAL_I2C_AbortCpltCallback                0x080013ed   Thumb Code     2  stm32f4xx_hal_i2c.o(i.HAL_I2C_AbortCpltCallback)
    HAL_I2C_AddrCallback                     0x080013ef   Thumb Code     2  stm32f4xx_hal_i2c.o(i.HAL_I2C_AddrCallback)
    HAL_I2C_EV_IRQHandler                    0x080013f1   Thumb Code   560  stm32f4xx_hal_i2c.o(i.HAL_I2C_EV_IRQHandler)
    HAL_I2C_ErrorCallback                    0x08001621   Thumb Code     2  stm32f4xx_hal_i2c.o(i.HAL_I2C_ErrorCallback)
    HAL_I2C_Init                             0x08001625   Thumb Code   376  stm32f4xx_hal_i2c.o(i.HAL_I2C_Init)
    HAL_I2C_ListenCpltCallback               0x080017ad   Thumb Code     2  stm32f4xx_hal_i2c.o(i.HAL_I2C_ListenCpltCallback)
    HAL_I2C_MasterRxCpltCallback             0x080017af   Thumb Code     2  stm32f4xx_hal_i2c.o(i.HAL_I2C_MasterRxCpltCallback)
    HAL_I2C_MasterTxCpltCallback             0x080017b1   Thumb Code     2  stm32f4xx_hal_i2c.o(i.HAL_I2C_MasterTxCpltCallback)
    HAL_I2C_MemRxCpltCallback                0x080017b3   Thumb Code     2  stm32f4xx_hal_i2c.o(i.HAL_I2C_MemRxCpltCallback)
    HAL_I2C_MemTxCpltCallback                0x080017b5   Thumb Code     2  stm32f4xx_hal_i2c.o(i.HAL_I2C_MemTxCpltCallback)
    HAL_I2C_Mem_Read                         0x080017b9   Thumb Code   502  stm32f4xx_hal_i2c.o(i.HAL_I2C_Mem_Read)
    HAL_I2C_Mem_Write                        0x080019bd   Thumb Code   294  stm32f4xx_hal_i2c.o(i.HAL_I2C_Mem_Write)
    HAL_I2C_MspInit                          0x08001aed   Thumb Code   110  stm32f4xx_hal_msp.o(i.HAL_I2C_MspInit)
    HAL_I2C_SlaveRxCpltCallback              0x08001b69   Thumb Code     2  stm32f4xx_hal_i2c.o(i.HAL_I2C_SlaveRxCpltCallback)
    HAL_I2C_SlaveTxCpltCallback              0x08001b6b   Thumb Code     2  stm32f4xx_hal_i2c.o(i.HAL_I2C_SlaveTxCpltCallback)
    HAL_IncTick                              0x08001b6d   Thumb Code    12  stm32f4xx_hal.o(i.HAL_IncTick)
    HAL_Init                                 0x08001b7d   Thumb Code    48  stm32f4xx_hal.o(i.HAL_Init)
    HAL_InitTick                             0x08001bb1   Thumb Code    54  stm32f4xx_hal.o(i.HAL_InitTick)
    HAL_MspInit                              0x08001bf1   Thumb Code    48  stm32f4xx_hal_msp.o(i.HAL_MspInit)
    HAL_NVIC_EnableIRQ                       0x08001c25   Thumb Code    26  stm32f4xx_hal_cortex.o(i.HAL_NVIC_EnableIRQ)
    HAL_NVIC_SetPriority                     0x08001c41   Thumb Code    60  stm32f4xx_hal_cortex.o(i.HAL_NVIC_SetPriority)
    HAL_NVIC_SetPriorityGrouping             0x08001c81   Thumb Code    26  stm32f4xx_hal_cortex.o(i.HAL_NVIC_SetPriorityGrouping)
    HAL_RCC_ClockConfig                      0x08001ca5   Thumb Code   288  stm32f4xx_hal_rcc.o(i.HAL_RCC_ClockConfig)
    HAL_RCC_GetPCLK1Freq                     0x08001dd9   Thumb Code    20  stm32f4xx_hal_rcc.o(i.HAL_RCC_GetPCLK1Freq)
    HAL_RCC_GetPCLK2Freq                     0x08001df9   Thumb Code    20  stm32f4xx_hal_rcc.o(i.HAL_RCC_GetPCLK2Freq)
    HAL_RCC_GetSysClockFreq                  0x08001e19   Thumb Code    88  stm32f4xx_hal_rcc.o(i.HAL_RCC_GetSysClockFreq)
    HAL_RCC_MCOConfig                        0x08001e7d   Thumb Code   126  stm32f4xx_hal_rcc.o(i.HAL_RCC_MCOConfig)
    HAL_RCC_OscConfig                        0x08001f09   Thumb Code   856  stm32f4xx_hal_rcc.o(i.HAL_RCC_OscConfig)
    HAL_SRAM_Init                            0x08002275   Thumb Code    92  stm32f4xx_hal_sram.o(i.HAL_SRAM_Init)
    HAL_SRAM_MspInit                         0x080022d1   Thumb Code     4  stm32f4xx_hal_msp.o(i.HAL_SRAM_MspInit)
    HAL_SYSTICK_Config                       0x080022d5   Thumb Code    40  stm32f4xx_hal_cortex.o(i.HAL_SYSTICK_Config)
    HAL_TIMEx_BreakCallback                  0x080022fd   Thumb Code     2  stm32f4xx_hal_tim_ex.o(i.HAL_TIMEx_BreakCallback)
    HAL_TIMEx_CommutCallback                 0x080022ff   Thumb Code     2  stm32f4xx_hal_tim_ex.o(i.HAL_TIMEx_CommutCallback)
    HAL_TIMEx_MasterConfigSynchronization    0x08002301   Thumb Code   116  stm32f4xx_hal_tim_ex.o(i.HAL_TIMEx_MasterConfigSynchronization)
    HAL_TIM_Base_Init                        0x08002391   Thumb Code    90  stm32f4xx_hal_tim.o(i.HAL_TIM_Base_Init)
    HAL_TIM_Base_MspInit                     0x080023ed   Thumb Code    90  stm32f4xx_hal_msp.o(i.HAL_TIM_Base_MspInit)
    HAL_TIM_Base_Start_IT                    0x08002455   Thumb Code   100  stm32f4xx_hal_tim.o(i.HAL_TIM_Base_Start_IT)
    HAL_TIM_IC_CaptureCallback               0x080024d5   Thumb Code     2  stm32f4xx_hal_tim.o(i.HAL_TIM_IC_CaptureCallback)
    HAL_TIM_IRQHandler                       0x080024d7   Thumb Code   304  stm32f4xx_hal_tim.o(i.HAL_TIM_IRQHandler)
    HAL_TIM_OC_DelayElapsedCallback          0x08002607   Thumb Code     2  stm32f4xx_hal_tim.o(i.HAL_TIM_OC_DelayElapsedCallback)
    HAL_TIM_PWM_PulseFinishedCallback        0x08002609   Thumb Code     2  stm32f4xx_hal_tim.o(i.HAL_TIM_PWM_PulseFinishedCallback)
    HAL_TIM_PeriodElapsedCallback            0x0800260b   Thumb Code     2  stm32f4xx_hal_tim.o(i.HAL_TIM_PeriodElapsedCallback)
    HAL_TIM_TriggerCallback                  0x0800260d   Thumb Code     2  stm32f4xx_hal_tim.o(i.HAL_TIM_TriggerCallback)
    HAL_UART_Init                            0x0800260f   Thumb Code   100  stm32f4xx_hal_uart.o(i.HAL_UART_Init)
    HAL_UART_MspInit                         0x08002675   Thumb Code   116  stm32f4xx_hal_msp.o(i.HAL_UART_MspInit)
    HAL_UART_Transmit                        0x080026f5   Thumb Code   160  stm32f4xx_hal_uart.o(i.HAL_UART_Transmit)
    HardFault_Handler                        0x08002795   Thumb Code     2  stm32f4xx_it.o(i.HardFault_Handler)
    I2C1_EV_IRQHandler                       0x08002799   Thumb Code     6  stm32f4xx_it.o(i.I2C1_EV_IRQHandler)
    Kalman_getAngle                          0x080034ff   Thumb Code   470  mpu6050.o(i.Kalman_getAngle)
    LCD_IO_Init                              0x080036d5   Thumb Code    18  stm324xg_eval.o(i.LCD_IO_Init)
    LCD_IO_ReadData                          0x080036ed   Thumb Code    12  stm324xg_eval.o(i.LCD_IO_ReadData)
    LCD_IO_WriteMultipleData                 0x080036f9   Thumb Code    26  stm324xg_eval.o(i.LCD_IO_WriteMultipleData)
    LCD_IO_WriteReg                          0x08003713   Thumb Code     8  stm324xg_eval.o(i.LCD_IO_WriteReg)
    MPU6050_Init                             0x0800371b   Thumb Code   146  mpu6050.o(i.MPU6050_Init)
    MPU6050_Read_All                         0x080037ad   Thumb Code   630  mpu6050.o(i.MPU6050_Read_All)
    MemManage_Handler                        0x08003f4d   Thumb Code     2  stm32f4xx_it.o(i.MemManage_Handler)
    NMI_Handler                              0x08003f4f   Thumb Code     2  stm32f4xx_it.o(i.NMI_Handler)
    PendSV_Handler                           0x08003f51   Thumb Code     2  stm32f4xx_it.o(i.PendSV_Handler)
    SVC_Handler                              0x08003f53   Thumb Code     2  stm32f4xx_it.o(i.SVC_Handler)
    SysTick_Handler                          0x08003f55   Thumb Code     4  stm32f4xx_it.o(i.SysTick_Handler)
    SystemClock_Config                       0x08003f59   Thumb Code   150  main.o(i.SystemClock_Config)
    SystemInit                               0x08003ff9   Thumb Code    12  system_stm32f4xx.o(i.SystemInit)
    TIM1_UP_TIM10_IRQHandler                 0x08004009   Thumb Code    20  stm32f4xx_it.o(i.TIM1_UP_TIM10_IRQHandler)
    TIM7_IRQHandler                          0x08004025   Thumb Code    56  stm32f4xx_it.o(i.TIM7_IRQHandler)
    TIM_Base_SetConfig                       0x08004071   Thumb Code   170  stm32f4xx_hal_tim.o(i.TIM_Base_SetConfig)
    UsageFault_Handler                       0x08004317   Thumb Code     2  stm32f4xx_it.o(i.UsageFault_Handler)
    __ARM_fpclassify                         0x08004319   Thumb Code    48  fpclassify.o(i.__ARM_fpclassify)
    __hardfp_atan                            0x08004369   Thumb Code   622  atan.o(i.__hardfp_atan)
    __hardfp_atan2                           0x08004641   Thumb Code   448  atan2.o(i.__hardfp_atan2)
    __hardfp_fabs                            0x08004841   Thumb Code    20  fabs.o(i.__hardfp_fabs)
    __hardfp_sqrt                            0x08004855   Thumb Code   122  sqrt.o(i.__hardfp_sqrt)
    __kernel_poly                            0x080048cf   Thumb Code   248  poly.o(i.__kernel_poly)
    __mathlib_dbl_infnan                     0x080049c7   Thumb Code    20  dunder.o(i.__mathlib_dbl_infnan)
    __mathlib_dbl_infnan2                    0x080049db   Thumb Code    20  dunder.o(i.__mathlib_dbl_infnan2)
    __mathlib_dbl_underflow                  0x080049f1   Thumb Code    24  dunder.o(i.__mathlib_dbl_underflow)
    _is_digit                                0x08004a11   Thumb Code    14  __printf_wp.o(i._is_digit)
    atan                                     0x08004a1f   Thumb Code    16  atan.o(i.atan)
    fabs                                     0x08004a2f   Thumb Code    24  fabs.o(i.fabs)
    ili9325_DisplayOff                       0x08004a47   Thumb Code    54  ili9325.o(i.ili9325_DisplayOff)
    ili9325_DisplayOn                        0x08004a7d   Thumb Code    96  ili9325.o(i.ili9325_DisplayOn)
    ili9325_DrawBitmap                       0x08004add   Thumb Code    76  ili9325.o(i.ili9325_DrawBitmap)
    ili9325_DrawHLine                        0x08004b29   Thumb Code    52  ili9325.o(i.ili9325_DrawHLine)
    ili9325_DrawRGBImage                     0x08004b61   Thumb Code    30  ili9325.o(i.ili9325_DrawRGBImage)
    ili9325_DrawVLine                        0x08004b81   Thumb Code    78  ili9325.o(i.ili9325_DrawVLine)
    ili9325_GetLcdPixelHeight                0x08004bd5   Thumb Code     4  ili9325.o(i.ili9325_GetLcdPixelHeight)
    ili9325_GetLcdPixelWidth                 0x08004bd9   Thumb Code     6  ili9325.o(i.ili9325_GetLcdPixelWidth)
    ili9325_Init                             0x08004bdf   Thumb Code   492  ili9325.o(i.ili9325_Init)
    ili9325_ReadID                           0x08004dcb   Thumb Code    16  ili9325.o(i.ili9325_ReadID)
    ili9325_ReadPixel                        0x08004ddb   Thumb Code    16  ili9325.o(i.ili9325_ReadPixel)
    ili9325_SetCursor                        0x08004deb   Thumb Code    28  ili9325.o(i.ili9325_SetCursor)
    ili9325_SetDisplayWindow                 0x08004e07   Thumb Code    62  ili9325.o(i.ili9325_SetDisplayWindow)
    ili9325_WritePixel                       0x08004e45   Thumb Code    22  ili9325.o(i.ili9325_WritePixel)
    ili9325_WriteReg                         0x08004e5b   Thumb Code    16  ili9325.o(i.ili9325_WriteReg)
    main                                     0x08004e6d   Thumb Code   544  main.o(i.main)
    serialPrintln                            0x08005115   Thumb Code    46  voxart_dev.o(i.serialPrintln)
    updateCircle                             0x0800514d   Thumb Code    56  main.o(i.updateCircle)
    __aeabi_dneg                             0x08005189   Thumb Code     0  basic.o(x$fpl$basic)
    _dneg                                    0x08005189   Thumb Code     6  basic.o(x$fpl$basic)
    __aeabi_fneg                             0x0800518f   Thumb Code     0  basic.o(x$fpl$basic)
    _fneg                                    0x0800518f   Thumb Code     6  basic.o(x$fpl$basic)
    _dabs                                    0x08005195   Thumb Code     6  basic.o(x$fpl$basic)
    _fabs                                    0x0800519b   Thumb Code     6  basic.o(x$fpl$basic)
    __aeabi_d2f                              0x080051a1   Thumb Code     0  d2f.o(x$fpl$d2f)
    _d2f                                     0x080051a1   Thumb Code    98  d2f.o(x$fpl$d2f)
    __aeabi_dadd                             0x08005205   Thumb Code     0  daddsub_clz.o(x$fpl$dadd)
    _dadd                                    0x08005205   Thumb Code   332  daddsub_clz.o(x$fpl$dadd)
    __fpl_dcmp_Inf                           0x08005355   Thumb Code    24  dcmpi.o(x$fpl$dcmpinf)
    __aeabi_ddiv                             0x0800536d   Thumb Code     0  ddiv.o(x$fpl$ddiv)
    _ddiv                                    0x0800536d   Thumb Code   552  ddiv.o(x$fpl$ddiv)
    __aeabi_cdcmpeq                          0x0800561d   Thumb Code     0  deqf.o(x$fpl$deqf)
    _dcmpeq                                  0x0800561d   Thumb Code   120  deqf.o(x$fpl$deqf)
    __aeabi_i2d                              0x08005695   Thumb Code     0  dflt_clz.o(x$fpl$dflt)
    _dflt                                    0x08005695   Thumb Code    46  dflt_clz.o(x$fpl$dflt)
    __aeabi_ui2d                             0x080056c3   Thumb Code     0  dflt_clz.o(x$fpl$dfltu)
    _dfltu                                   0x080056c3   Thumb Code    38  dflt_clz.o(x$fpl$dfltu)
    __aeabi_cdcmple                          0x080056e9   Thumb Code     0  dleqf.o(x$fpl$dleqf)
    _dcmple                                  0x080056e9   Thumb Code   120  dleqf.o(x$fpl$dleqf)
    __fpl_dcmple_InfNaN                      0x0800574b   Thumb Code     0  dleqf.o(x$fpl$dleqf)
    __aeabi_dmul                             0x08005761   Thumb Code     0  dmul.o(x$fpl$dmul)
    _dmul                                    0x08005761   Thumb Code   332  dmul.o(x$fpl$dmul)
    __fpl_dnaninf                            0x080058b5   Thumb Code   156  dnaninf.o(x$fpl$dnaninf)
    __fpl_dretinf                            0x08005951   Thumb Code    12  dretinf.o(x$fpl$dretinf)
    __aeabi_cdrcmple                         0x0800595d   Thumb Code     0  drleqf.o(x$fpl$drleqf)
    _drcmple                                 0x0800595d   Thumb Code   108  drleqf.o(x$fpl$drleqf)
    __aeabi_drsub                            0x080059c9   Thumb Code     0  daddsub_clz.o(x$fpl$drsb)
    _drsb                                    0x080059c9   Thumb Code    22  daddsub_clz.o(x$fpl$drsb)
    _dsqrt                                   0x080059e1   Thumb Code   404  dsqrt_umaal.o(x$fpl$dsqrt)
    __aeabi_dsub                             0x08005b79   Thumb Code     0  daddsub_clz.o(x$fpl$dsub)
    _dsub                                    0x08005b79   Thumb Code   464  daddsub_clz.o(x$fpl$dsub)
    _fp_init                                 0x08005d4d   Thumb Code    10  fpinit.o(x$fpl$fpinit)
    __fplib_config_fpu_vfp                   0x08005d55   Thumb Code     0  fpinit.o(x$fpl$fpinit)
    __fplib_config_pureend_doubles           0x08005d55   Thumb Code     0  fpinit.o(x$fpl$fpinit)
    __fpl_fretinf                            0x08005d57   Thumb Code    10  fretinf.o(x$fpl$fretinf)
    AHBPrescTable                            0x08005d60   Data          16  system_stm32f4xx.o(.constdata)
    __I$use$fp                               0x08005d60   Number         0  usenofp.o(x$fpl$usenofp)
    APBPrescTable                            0x08005d70   Data           8  system_stm32f4xx.o(.constdata)
    Font24_Table                             0x08005d78   Data        6840  stm324xg_eval_lcd.o(.constdata)
    __mathlib_zero                           0x080078e0   Data           8  qnan.o(.constdata)
    Region$$Table$$Base                      0x080078e8   Number         0  anon$$obj.o(Region$$Table)
    Region$$Table$$Limit                     0x08007908   Number         0  anon$$obj.o(Region$$Table)
    timer                                    0x20000000   Data           4  mpu6050.o(.data)
    KalmanX                                  0x20000008   Data          72  mpu6050.o(.data)
    KalmanY                                  0x20000050   Data          72  mpu6050.o(.data)
    cRad                                     0x20000098   Data           4  main.o(.data)
    count                                    0x2000009c   Data           4  stm32f4xx_it.o(.data)
    timeDiff                                 0x200000a0   Data           4  stm32f4xx_it.o(.data)
    uwTickFreq                               0x200000ac   Data           1  stm32f4xx_hal.o(.data)
    uwTickPrio                               0x200000b0   Data           4  stm32f4xx_hal.o(.data)
    uwTick                                   0x200000b4   Data           4  stm32f4xx_hal.o(.data)
    SystemCoreClock                          0x200000b8   Data           4  system_stm32f4xx.o(.data)
    Font24                                   0x200000c0   Data           8  stm324xg_eval_lcd.o(.data)
    COM_USART                                0x200000cc   Data           4  stm324xg_eval.o(.data)
    COM_TX_PORT                              0x200000d0   Data           4  stm324xg_eval.o(.data)
    COM_RX_PORT                              0x200000d4   Data           4  stm324xg_eval.o(.data)
    GPIO_PORT                                0x200000d8   Data          16  stm324xg_eval.o(.data)
    BUTTON_PORT                              0x200000e8   Data          12  stm324xg_eval.o(.data)
    ili9325_drv                              0x200000f4   Data          56  ili9325.o(.data)
    hadc3                                    0x20000130   Data          72  main.o(.bss)
    hi2c1                                    0x20000178   Data          84  main.o(.bss)
    htim7                                    0x200001cc   Data          72  main.o(.bss)
    htim10                                   0x20000214   Data          72  main.o(.bss)
    huart3                                   0x2000025c   Data          72  main.o(.bss)
    hsram1                                   0x200002a4   Data          80  main.o(.bss)
    MPU6050                                  0x200002f8   Data          88  main.o(.bss)
    accelBuff                                0x20000350   Data         256  stm32f4xx_it.o(.bss)
    DrawProp                                 0x20000450   Data          12  stm324xg_eval_lcd.o(.bss)
    __libspace_start                         0x200006dc   Data          96  libspace.o(.bss)
    __temporary_stack_top$libspace           0x2000073c   Data           0  libspace.o(.bss)



==============================================================================

Memory Map of the image

  Image Entry point : 0x08000189

  Load Region LR_IROM1 (Base: 0x08000000, Size: 0x00007a34, Max: 0x00100000, ABSOLUTE, COMPRESSED[0x00007974])

    Execution Region ER_IROM1 (Exec base: 0x08000000, Load base: 0x08000000, Size: 0x00007908, Max: 0x00100000, ABSOLUTE)

    Exec Addr    Load Addr    Size         Type   Attr      Idx    E Section Name        Object

    0x08000000   0x08000000   0x00000188   Data   RO            3    RESET               startup_stm32f407xx.o
    0x08000188   0x08000188   0x00000008   Code   RO         5273  * !!!main             c_w.l(__main.o)
    0x08000190   0x08000190   0x00000034   Code   RO         5702    !!!scatter          c_w.l(__scatter.o)
    0x080001c4   0x080001c4   0x0000005a   Code   RO         5700    !!dczerorl2         c_w.l(__dczerorl2.o)
    0x0800021e   0x0800021e   0x00000002   PAD
    0x08000220   0x08000220   0x0000001c   Code   RO         5704    !!handler_zi        c_w.l(__scatter_zi.o)
    0x0800023c   0x0800023c   0x00000000   Code   RO         5264    .ARM.Collect$$_printf_percent$$00000000  c_w.l(_printf_percent.o)
    0x0800023c   0x0800023c   0x00000004   Code   RO         5440    .ARM.Collect$$_printf_percent$$00000017  c_w.l(_printf_percent_end.o)
    0x08000240   0x08000240   0x00000002   Code   RO         5571    .ARM.Collect$$libinit$$00000000  c_w.l(libinit.o)
    0x08000242   0x08000242   0x00000004   Code   RO         5572    .ARM.Collect$$libinit$$00000001  c_w.l(libinit2.o)
    0x08000246   0x08000246   0x00000000   Code   RO         5575    .ARM.Collect$$libinit$$00000004  c_w.l(libinit2.o)
    0x08000246   0x08000246   0x00000000   Code   RO         5578    .ARM.Collect$$libinit$$0000000A  c_w.l(libinit2.o)
    0x08000246   0x08000246   0x00000000   Code   RO         5580    .ARM.Collect$$libinit$$0000000C  c_w.l(libinit2.o)
    0x08000246   0x08000246   0x00000000   Code   RO         5582    .ARM.Collect$$libinit$$0000000E  c_w.l(libinit2.o)
    0x08000246   0x08000246   0x00000000   Code   RO         5585    .ARM.Collect$$libinit$$00000011  c_w.l(libinit2.o)
    0x08000246   0x08000246   0x00000000   Code   RO         5587    .ARM.Collect$$libinit$$00000013  c_w.l(libinit2.o)
    0x08000246   0x08000246   0x00000000   Code   RO         5589    .ARM.Collect$$libinit$$00000015  c_w.l(libinit2.o)
    0x08000246   0x08000246   0x00000000   Code   RO         5591    .ARM.Collect$$libinit$$00000017  c_w.l(libinit2.o)
    0x08000246   0x08000246   0x00000000   Code   RO         5593    .ARM.Collect$$libinit$$00000019  c_w.l(libinit2.o)
    0x08000246   0x08000246   0x00000000   Code   RO         5595    .ARM.Collect$$libinit$$0000001B  c_w.l(libinit2.o)
    0x08000246   0x08000246   0x00000000   Code   RO         5597    .ARM.Collect$$libinit$$0000001D  c_w.l(libinit2.o)
    0x08000246   0x08000246   0x00000000   Code   RO         5599    .ARM.Collect$$libinit$$0000001F  c_w.l(libinit2.o)
    0x08000246   0x08000246   0x00000000   Code   RO         5601    .ARM.Collect$$libinit$$00000021  c_w.l(libinit2.o)
    0x08000246   0x08000246   0x00000000   Code   RO         5603    .ARM.Collect$$libinit$$00000023  c_w.l(libinit2.o)
    0x08000246   0x08000246   0x00000000   Code   RO         5605    .ARM.Collect$$libinit$$00000025  c_w.l(libinit2.o)
    0x08000246   0x08000246   0x00000000   Code   RO         5609    .ARM.Collect$$libinit$$0000002C  c_w.l(libinit2.o)
    0x08000246   0x08000246   0x00000000   Code   RO         5611    .ARM.Collect$$libinit$$0000002E  c_w.l(libinit2.o)
    0x08000246   0x08000246   0x00000000   Code   RO         5613    .ARM.Collect$$libinit$$00000030  c_w.l(libinit2.o)
    0x08000246   0x08000246   0x00000000   Code   RO         5615    .ARM.Collect$$libinit$$00000032  c_w.l(libinit2.o)
    0x08000246   0x08000246   0x00000002   Code   RO         5616    .ARM.Collect$$libinit$$00000033  c_w.l(libinit2.o)
    0x08000248   0x08000248   0x00000002   Code   RO         5663    .ARM.Collect$$libshutdown$$00000000  c_w.l(libshutdown.o)
    0x0800024a   0x0800024a   0x00000000   Code   RO         5681    .ARM.Collect$$libshutdown$$00000002  c_w.l(libshutdown2.o)
    0x0800024a   0x0800024a   0x00000000   Code   RO         5683    .ARM.Collect$$libshutdown$$00000004  c_w.l(libshutdown2.o)
    0x0800024a   0x0800024a   0x00000000   Code   RO         5685    .ARM.Collect$$libshutdown$$00000006  c_w.l(libshutdown2.o)
    0x0800024a   0x0800024a   0x00000000   Code   RO         5688    .ARM.Collect$$libshutdown$$00000009  c_w.l(libshutdown2.o)
    0x0800024a   0x0800024a   0x00000000   Code   RO         5691    .ARM.Collect$$libshutdown$$0000000C  c_w.l(libshutdown2.o)
    0x0800024a   0x0800024a   0x00000000   Code   RO         5693    .ARM.Collect$$libshutdown$$0000000E  c_w.l(libshutdown2.o)
    0x0800024a   0x0800024a   0x00000000   Code   RO         5696    .ARM.Collect$$libshutdown$$00000011  c_w.l(libshutdown2.o)
    0x0800024a   0x0800024a   0x00000002   Code   RO         5697    .ARM.Collect$$libshutdown$$00000012  c_w.l(libshutdown2.o)
    0x0800024c   0x0800024c   0x00000000   Code   RO         5423    .ARM.Collect$$rtentry$$00000000  c_w.l(__rtentry.o)
    0x0800024c   0x0800024c   0x00000000   Code   RO         5493    .ARM.Collect$$rtentry$$00000002  c_w.l(__rtentry2.o)
    0x0800024c   0x0800024c   0x00000006   Code   RO         5505    .ARM.Collect$$rtentry$$00000004  c_w.l(__rtentry4.o)
    0x08000252   0x08000252   0x00000000   Code   RO         5495    .ARM.Collect$$rtentry$$00000009  c_w.l(__rtentry2.o)
    0x08000252   0x08000252   0x00000004   Code   RO         5496    .ARM.Collect$$rtentry$$0000000A  c_w.l(__rtentry2.o)
    0x08000256   0x08000256   0x00000000   Code   RO         5498    .ARM.Collect$$rtentry$$0000000C  c_w.l(__rtentry2.o)
    0x08000256   0x08000256   0x00000008   Code   RO         5499    .ARM.Collect$$rtentry$$0000000D  c_w.l(__rtentry2.o)
    0x0800025e   0x0800025e   0x00000002   Code   RO         5617    .ARM.Collect$$rtexit$$00000000  c_w.l(rtexit.o)
    0x08000260   0x08000260   0x00000000   Code   RO         5632    .ARM.Collect$$rtexit$$00000002  c_w.l(rtexit2.o)
    0x08000260   0x08000260   0x00000004   Code   RO         5633    .ARM.Collect$$rtexit$$00000003  c_w.l(rtexit2.o)
    0x08000264   0x08000264   0x00000006   Code   RO         5634    .ARM.Collect$$rtexit$$00000004  c_w.l(rtexit2.o)
    0x0800026a   0x0800026a   0x00000002   PAD
    0x0800026c   0x0800026c   0x00000040   Code   RO            4    .text               startup_stm32f407xx.o
    0x080002ac   0x080002ac   0x000000ee   Code   RO         5228    .text               c_w.l(lludivv7m.o)
    0x0800039a   0x0800039a   0x00000002   PAD
    0x0800039c   0x0800039c   0x00000028   Code   RO         5234    .text               c_w.l(noretval__2sprintf.o)
    0x080003c4   0x080003c4   0x00000138   Code   RO         5254    .text               c_w.l(__printf_flags_wp.o)
    0x080004fc   0x080004fc   0x00000018   Code   RO         5265    .text               c_w.l(strcat.o)
    0x08000514   0x08000514   0x0000004e   Code   RO         5269    .text               c_w.l(rt_memclr_w.o)
    0x08000562   0x08000562   0x00000006   Code   RO         5271    .text               c_w.l(heapauxi.o)
    0x08000568   0x08000568   0x00000016   Code   RO         5428    .text               c_w.l(_rserrno.o)
    0x0800057e   0x0800057e   0x00000002   PAD
    0x08000580   0x08000580   0x00000030   Code   RO         5432    .text               c_w.l(_printf_char_common.o)
    0x080005b0   0x080005b0   0x0000000a   Code   RO         5434    .text               c_w.l(_sputc.o)
    0x080005ba   0x080005ba   0x00000002   PAD
    0x080005bc   0x080005bc   0x00000008   Code   RO         5517    .text               c_w.l(rt_errno_addr_intlibspace.o)
    0x080005c4   0x080005c4   0x00000008   Code   RO         5553    .text               c_w.l(libspace.o)
    0x080005cc   0x080005cc   0x0000004a   Code   RO         5556    .text               c_w.l(sys_stackheap_outer.o)
    0x08000616   0x08000616   0x00000012   Code   RO         5558    .text               c_w.l(exit.o)
    0x08000628   0x08000628   0x0000000c   Code   RO         5629    .text               c_w.l(sys_exit.o)
    0x08000634   0x08000634   0x00000002   Code   RO         5650    .text               c_w.l(use_no_semi.o)
    0x08000636   0x08000636   0x00000000   Code   RO         5652    .text               c_w.l(indicate_semi.o)
    0x08000636   0x08000636   0x00000002   PAD
    0x08000638   0x08000638   0x00000128   Code   RO          566    i.ADC_Init          stm32f4xx_hal_adc.o
    0x08000760   0x08000760   0x00000030   Code   RO         4069    i.BSP_LCD_Clear     stm324xg_eval_lcd.o
    0x08000790   0x08000790   0x00000024   Code   RO         4071    i.BSP_LCD_DisplayChar  stm324xg_eval_lcd.o
    0x080007b4   0x080007b4   0x0000000c   Code   RO         4073    i.BSP_LCD_DisplayOn  stm324xg_eval_lcd.o
    0x080007c0   0x080007c0   0x0000009c   Code   RO         4074    i.BSP_LCD_DisplayStringAt  stm324xg_eval_lcd.o
    0x0800085c   0x0800085c   0x000000e4   Code   RO         4077    i.BSP_LCD_DrawCircle  stm324xg_eval_lcd.o
    0x08000940   0x08000940   0x0000004c   Code   RO         4079    i.BSP_LCD_DrawHLine  stm324xg_eval_lcd.o
    0x0800098c   0x0800098c   0x00000014   Code   RO         4081    i.BSP_LCD_DrawPixel  stm324xg_eval_lcd.o
    0x080009a0   0x080009a0   0x000000b0   Code   RO         4086    i.BSP_LCD_FillCircle  stm324xg_eval_lcd.o
    0x08000a50   0x08000a50   0x0000000c   Code   RO         4093    i.BSP_LCD_GetXSize  stm324xg_eval_lcd.o
    0x08000a5c   0x08000a5c   0x0000000c   Code   RO         4094    i.BSP_LCD_GetYSize  stm324xg_eval_lcd.o
    0x08000a68   0x08000a68   0x00000044   Code   RO         4095    i.BSP_LCD_Init      stm324xg_eval_lcd.o
    0x08000aac   0x08000aac   0x00000002   Code   RO          355    i.BusFault_Handler  stm32f4xx_it.o
    0x08000aae   0x08000aae   0x00000002   Code   RO          356    i.DebugMon_Handler  stm32f4xx_it.o
    0x08000ab0   0x08000ab0   0x0000009c   Code   RO         4100    i.DrawChar          stm324xg_eval_lcd.o
    0x08000b4c   0x08000b4c   0x0000002c   Code   RO          357    i.EXTI0_IRQHandler  stm32f4xx_it.o
    0x08000b78   0x08000b78   0x0000002c   Code   RO          358    i.EXTI15_10_IRQHandler  stm32f4xx_it.o
    0x08000ba4   0x08000ba4   0x00000060   Code   RO         4348    i.FSMC_BANK3_Init   stm324xg_eval.o
    0x08000c04   0x08000c04   0x000000bc   Code   RO         4349    i.FSMC_BANK3_MspInit  stm324xg_eval.o
    0x08000cc0   0x08000cc0   0x0000003c   Code   RO         1987    i.FSMC_NORSRAM_Extended_Timing_Init  stm32f4xx_ll_fsmc.o
    0x08000cfc   0x08000cfc   0x00000068   Code   RO         1988    i.FSMC_NORSRAM_Init  stm32f4xx_ll_fsmc.o
    0x08000d64   0x08000d64   0x00000044   Code   RO         1989    i.FSMC_NORSRAM_Timing_Init  stm32f4xx_ll_fsmc.o
    0x08000da8   0x08000da8   0x0000014c   Code   RO          568    i.HAL_ADC_ConfigChannel  stm32f4xx_hal_adc.o
    0x08000ef4   0x08000ef4   0x00000054   Code   RO          577    i.HAL_ADC_Init      stm32f4xx_hal_adc.o
    0x08000f48   0x08000f48   0x00000064   Code   RO          473    i.HAL_ADC_MspInit   stm32f4xx_hal_msp.o
    0x08000fac   0x08000fac   0x000000fc   Code   RO          583    i.HAL_ADC_Start     stm32f4xx_hal_adc.o
    0x080010a8   0x080010a8   0x00000024   Code   RO         1304    i.HAL_DMA_Abort_IT  stm32f4xx_hal_dma.o
    0x080010cc   0x080010cc   0x00000006   Code   RO         1307    i.HAL_DMA_GetState  stm32f4xx_hal_dma.o
    0x080010d2   0x080010d2   0x00000002   PAD
    0x080010d4   0x080010d4   0x00000024   Code   RO         1728    i.HAL_Delay         stm32f4xx_hal.o
    0x080010f8   0x080010f8   0x000000c0   Code   RO          474    i.HAL_FSMC_MspInit  stm32f4xx_hal_msp.o
    0x080011b8   0x080011b8   0x00000002   Code   RO         1194    i.HAL_GPIO_EXTI_Callback  stm32f4xx_hal_gpio.o
    0x080011ba   0x080011ba   0x00000002   PAD
    0x080011bc   0x080011bc   0x00000018   Code   RO         1195    i.HAL_GPIO_EXTI_IRQHandler  stm32f4xx_hal_gpio.o
    0x080011d4   0x080011d4   0x000001f0   Code   RO         1196    i.HAL_GPIO_Init     stm32f4xx_hal_gpio.o
    0x080013c4   0x080013c4   0x00000010   Code   RO         1199    i.HAL_GPIO_TogglePin  stm32f4xx_hal_gpio.o
    0x080013d4   0x080013d4   0x0000000a   Code   RO         1200    i.HAL_GPIO_WritePin  stm32f4xx_hal_gpio.o
    0x080013de   0x080013de   0x00000002   PAD
    0x080013e0   0x080013e0   0x0000000c   Code   RO         1734    i.HAL_GetTick       stm32f4xx_hal.o
    0x080013ec   0x080013ec   0x00000002   Code   RO         2240    i.HAL_I2C_AbortCpltCallback  stm32f4xx_hal_i2c.o
    0x080013ee   0x080013ee   0x00000002   Code   RO         2241    i.HAL_I2C_AddrCallback  stm32f4xx_hal_i2c.o
    0x080013f0   0x080013f0   0x00000230   Code   RO         2245    i.HAL_I2C_EV_IRQHandler  stm32f4xx_hal_i2c.o
    0x08001620   0x08001620   0x00000002   Code   RO         2247    i.HAL_I2C_ErrorCallback  stm32f4xx_hal_i2c.o
    0x08001622   0x08001622   0x00000002   PAD
    0x08001624   0x08001624   0x00000188   Code   RO         2251    i.HAL_I2C_Init      stm32f4xx_hal_i2c.o
    0x080017ac   0x080017ac   0x00000002   Code   RO         2253    i.HAL_I2C_ListenCpltCallback  stm32f4xx_hal_i2c.o
    0x080017ae   0x080017ae   0x00000002   Code   RO         2254    i.HAL_I2C_MasterRxCpltCallback  stm32f4xx_hal_i2c.o
    0x080017b0   0x080017b0   0x00000002   Code   RO         2255    i.HAL_I2C_MasterTxCpltCallback  stm32f4xx_hal_i2c.o
    0x080017b2   0x080017b2   0x00000002   Code   RO         2267    i.HAL_I2C_MemRxCpltCallback  stm32f4xx_hal_i2c.o
    0x080017b4   0x080017b4   0x00000002   Code   RO         2268    i.HAL_I2C_MemTxCpltCallback  stm32f4xx_hal_i2c.o
    0x080017b6   0x080017b6   0x00000002   PAD
    0x080017b8   0x080017b8   0x00000204   Code   RO         2269    i.HAL_I2C_Mem_Read  stm32f4xx_hal_i2c.o
    0x080019bc   0x080019bc   0x00000130   Code   RO         2272    i.HAL_I2C_Mem_Write  stm32f4xx_hal_i2c.o
    0x08001aec   0x08001aec   0x0000007c   Code   RO          476    i.HAL_I2C_MspInit   stm32f4xx_hal_msp.o
    0x08001b68   0x08001b68   0x00000002   Code   RO         2277    i.HAL_I2C_SlaveRxCpltCallback  stm32f4xx_hal_i2c.o
    0x08001b6a   0x08001b6a   0x00000002   Code   RO         2278    i.HAL_I2C_SlaveTxCpltCallback  stm32f4xx_hal_i2c.o
    0x08001b6c   0x08001b6c   0x00000010   Code   RO         1740    i.HAL_IncTick       stm32f4xx_hal.o
    0x08001b7c   0x08001b7c   0x00000034   Code   RO         1741    i.HAL_Init          stm32f4xx_hal.o
    0x08001bb0   0x08001bb0   0x00000040   Code   RO         1742    i.HAL_InitTick      stm32f4xx_hal.o
    0x08001bf0   0x08001bf0   0x00000034   Code   RO          477    i.HAL_MspInit       stm32f4xx_hal_msp.o
    0x08001c24   0x08001c24   0x0000001a   Code   RO         1586    i.HAL_NVIC_EnableIRQ  stm32f4xx_hal_cortex.o
    0x08001c3e   0x08001c3e   0x00000002   PAD
    0x08001c40   0x08001c40   0x00000040   Code   RO         1592    i.HAL_NVIC_SetPriority  stm32f4xx_hal_cortex.o
    0x08001c80   0x08001c80   0x00000024   Code   RO         1593    i.HAL_NVIC_SetPriorityGrouping  stm32f4xx_hal_cortex.o
    0x08001ca4   0x08001ca4   0x00000134   Code   RO          842    i.HAL_RCC_ClockConfig  stm32f4xx_hal_rcc.o
    0x08001dd8   0x08001dd8   0x00000020   Code   RO          849    i.HAL_RCC_GetPCLK1Freq  stm32f4xx_hal_rcc.o
    0x08001df8   0x08001df8   0x00000020   Code   RO          850    i.HAL_RCC_GetPCLK2Freq  stm32f4xx_hal_rcc.o
    0x08001e18   0x08001e18   0x00000064   Code   RO          851    i.HAL_RCC_GetSysClockFreq  stm32f4xx_hal_rcc.o
    0x08001e7c   0x08001e7c   0x0000008c   Code   RO          852    i.HAL_RCC_MCOConfig  stm32f4xx_hal_rcc.o
    0x08001f08   0x08001f08   0x0000036c   Code   RO          854    i.HAL_RCC_OscConfig  stm32f4xx_hal_rcc.o
    0x08002274   0x08002274   0x0000005c   Code   RO         2109    i.HAL_SRAM_Init     stm32f4xx_hal_sram.o
    0x080022d0   0x080022d0   0x00000004   Code   RO          479    i.HAL_SRAM_MspInit  stm32f4xx_hal_msp.o
    0x080022d4   0x080022d4   0x00000028   Code   RO         1597    i.HAL_SYSTICK_Config  stm32f4xx_hal_cortex.o
    0x080022fc   0x080022fc   0x00000002   Code   RO         3401    i.HAL_TIMEx_BreakCallback  stm32f4xx_hal_tim_ex.o
    0x080022fe   0x080022fe   0x00000002   Code   RO         3402    i.HAL_TIMEx_CommutCallback  stm32f4xx_hal_tim_ex.o
    0x08002300   0x08002300   0x00000090   Code   RO         3420    i.HAL_TIMEx_MasterConfigSynchronization  stm32f4xx_hal_tim_ex.o
    0x08002390   0x08002390   0x0000005a   Code   RO         2697    i.HAL_TIM_Base_Init  stm32f4xx_hal_tim.o
    0x080023ea   0x080023ea   0x00000002   PAD
    0x080023ec   0x080023ec   0x00000068   Code   RO          481    i.HAL_TIM_Base_MspInit  stm32f4xx_hal_msp.o
    0x08002454   0x08002454   0x00000080   Code   RO         2702    i.HAL_TIM_Base_Start_IT  stm32f4xx_hal_tim.o
    0x080024d4   0x080024d4   0x00000002   Code   RO         2731    i.HAL_TIM_IC_CaptureCallback  stm32f4xx_hal_tim.o
    0x080024d6   0x080024d6   0x00000130   Code   RO         2745    i.HAL_TIM_IRQHandler  stm32f4xx_hal_tim.o
    0x08002606   0x08002606   0x00000002   Code   RO         2748    i.HAL_TIM_OC_DelayElapsedCallback  stm32f4xx_hal_tim.o
    0x08002608   0x08002608   0x00000002   Code   RO         2775    i.HAL_TIM_PWM_PulseFinishedCallback  stm32f4xx_hal_tim.o
    0x0800260a   0x0800260a   0x00000002   Code   RO         2783    i.HAL_TIM_PeriodElapsedCallback  stm32f4xx_hal_tim.o
    0x0800260c   0x0800260c   0x00000002   Code   RO         2788    i.HAL_TIM_TriggerCallback  stm32f4xx_hal_tim.o
    0x0800260e   0x0800260e   0x00000064   Code   RO         3698    i.HAL_UART_Init     stm32f4xx_hal_uart.o
    0x08002672   0x08002672   0x00000002   PAD
    0x08002674   0x08002674   0x00000080   Code   RO          483    i.HAL_UART_MspInit  stm32f4xx_hal_msp.o
    0x080026f4   0x080026f4   0x000000a0   Code   RO         3706    i.HAL_UART_Transmit  stm32f4xx_hal_uart.o
    0x08002794   0x08002794   0x00000002   Code   RO          359    i.HardFault_Handler  stm32f4xx_it.o
    0x08002796   0x08002796   0x00000002   PAD
    0x08002798   0x08002798   0x0000000c   Code   RO          360    i.I2C1_EV_IRQHandler  stm32f4xx_it.o
    0x080027a4   0x080027a4   0x000000bc   Code   RO         2289    i.I2C_DMAAbort      stm32f4xx_hal_i2c.o
    0x08002860   0x08002860   0x00000010   Code   RO         2292    i.I2C_Flush_DR      stm32f4xx_hal_i2c.o
    0x08002870   0x08002870   0x00000158   Code   RO         2293    i.I2C_ITError       stm32f4xx_hal_i2c.o
    0x080029c8   0x080029c8   0x0000002e   Code   RO         2294    i.I2C_IsAcknowledgeFailed  stm32f4xx_hal_i2c.o
    0x080029f6   0x080029f6   0x000000da   Code   RO         2295    i.I2C_MasterReceive_BTF  stm32f4xx_hal_i2c.o
    0x08002ad0   0x08002ad0   0x000000f4   Code   RO         2296    i.I2C_MasterReceive_RXNE  stm32f4xx_hal_i2c.o
    0x08002bc4   0x08002bc4   0x00000082   Code   RO         2299    i.I2C_MasterTransmit_BTF  stm32f4xx_hal_i2c.o
    0x08002c46   0x08002c46   0x00000002   PAD
    0x08002c48   0x08002c48   0x000000b6   Code   RO         2300    i.I2C_MasterTransmit_TXE  stm32f4xx_hal_i2c.o
    0x08002cfe   0x08002cfe   0x00000002   PAD
    0x08002d00   0x08002d00   0x00000118   Code   RO         2301    i.I2C_Master_ADDR   stm32f4xx_hal_i2c.o
    0x08002e18   0x08002e18   0x0000008c   Code   RO         2302    i.I2C_Master_SB     stm32f4xx_hal_i2c.o
    0x08002ea4   0x08002ea4   0x000000a8   Code   RO         2303    i.I2C_MemoryTransmit_TXE_BTF  stm32f4xx_hal_i2c.o
    0x08002f4c   0x08002f4c   0x000000fc   Code   RO         2304    i.I2C_RequestMemoryRead  stm32f4xx_hal_i2c.o
    0x08003048   0x08003048   0x000000a8   Code   RO         2305    i.I2C_RequestMemoryWrite  stm32f4xx_hal_i2c.o
    0x080030f0   0x080030f0   0x00000046   Code   RO         2306    i.I2C_Slave_ADDR    stm32f4xx_hal_i2c.o
    0x08003136   0x08003136   0x00000002   PAD
    0x08003138   0x08003138   0x0000015c   Code   RO         2308    i.I2C_Slave_STOPF   stm32f4xx_hal_i2c.o
    0x08003294   0x08003294   0x00000056   Code   RO         2309    i.I2C_WaitOnBTFFlagUntilTimeout  stm32f4xx_hal_i2c.o
    0x080032ea   0x080032ea   0x00000002   PAD
    0x080032ec   0x080032ec   0x00000090   Code   RO         2310    i.I2C_WaitOnFlagUntilTimeout  stm32f4xx_hal_i2c.o
    0x0800337c   0x0800337c   0x000000bc   Code   RO         2311    i.I2C_WaitOnMasterAddressFlagUntilTimeout  stm32f4xx_hal_i2c.o
    0x08003438   0x08003438   0x00000070   Code   RO         2312    i.I2C_WaitOnRXNEFlagUntilTimeout  stm32f4xx_hal_i2c.o
    0x080034a8   0x080034a8   0x00000056   Code   RO         2313    i.I2C_WaitOnTXEFlagUntilTimeout  stm32f4xx_hal_i2c.o
    0x080034fe   0x080034fe   0x000001d6   Code   RO           13    i.Kalman_getAngle   mpu6050.o
    0x080036d4   0x080036d4   0x00000018   Code   RO         4363    i.LCD_IO_Init       stm324xg_eval.o
    0x080036ec   0x080036ec   0x0000000c   Code   RO         4364    i.LCD_IO_ReadData   stm324xg_eval.o
    0x080036f8   0x080036f8   0x0000001a   Code   RO         4366    i.LCD_IO_WriteMultipleData  stm324xg_eval.o
    0x08003712   0x08003712   0x00000008   Code   RO         4367    i.LCD_IO_WriteReg   stm324xg_eval.o
    0x0800371a   0x0800371a   0x00000092   Code   RO           14    i.MPU6050_Init      mpu6050.o
    0x080037ac   0x080037ac   0x000002c4   Code   RO           16    i.MPU6050_Read_All  mpu6050.o
    0x08003a70   0x08003a70   0x00000064   Code   RO          291    i.MX_ADC3_Init      main.o
    0x08003ad4   0x08003ad4   0x00000070   Code   RO          292    i.MX_FSMC_Init      main.o
    0x08003b44   0x08003b44   0x00000408   Code   RO          293    i.MX_GPIO_Init      main.o
    0x08003f4c   0x08003f4c   0x00000002   Code   RO          361    i.MemManage_Handler  stm32f4xx_it.o
    0x08003f4e   0x08003f4e   0x00000002   Code   RO          362    i.NMI_Handler       stm32f4xx_it.o
    0x08003f50   0x08003f50   0x00000002   Code   RO          363    i.PendSV_Handler    stm32f4xx_it.o
    0x08003f52   0x08003f52   0x00000002   Code   RO          364    i.SVC_Handler       stm32f4xx_it.o
    0x08003f54   0x08003f54   0x00000004   Code   RO          365    i.SysTick_Handler   stm32f4xx_it.o
    0x08003f58   0x08003f58   0x000000a0   Code   RO          294    i.SystemClock_Config  main.o
    0x08003ff8   0x08003ff8   0x00000010   Code   RO         4032    i.SystemInit        system_stm32f4xx.o
    0x08004008   0x08004008   0x0000001c   Code   RO          366    i.TIM1_UP_TIM10_IRQHandler  stm32f4xx_it.o
    0x08004024   0x08004024   0x0000004c   Code   RO          367    i.TIM7_IRQHandler   stm32f4xx_it.o
    0x08004070   0x08004070   0x000000d8   Code   RO         2790    i.TIM_Base_SetConfig  stm32f4xx_hal_tim.o
    0x08004148   0x08004148   0x0000004e   Code   RO         3721    i.UART_EndRxTransfer  stm32f4xx_hal_uart.o
    0x08004196   0x08004196   0x00000002   PAD
    0x08004198   0x08004198   0x0000010c   Code   RO         3724    i.UART_SetConfig    stm32f4xx_hal_uart.o
    0x080042a4   0x080042a4   0x00000072   Code   RO         3727    i.UART_WaitOnFlagUntilTimeout  stm32f4xx_hal_uart.o
    0x08004316   0x08004316   0x00000002   Code   RO          368    i.UsageFault_Handler  stm32f4xx_it.o
    0x08004318   0x08004318   0x00000030   Code   RO         5468    i.__ARM_fpclassify  m_wm.l(fpclassify.o)
    0x08004348   0x08004348   0x00000020   Code   RO         1599    i.__NVIC_SetPriority  stm32f4xx_hal_cortex.o
    0x08004368   0x08004368   0x000002d8   Code   RO         5317    i.__hardfp_atan     m_wm.l(atan.o)
    0x08004640   0x08004640   0x00000200   Code   RO         5331    i.__hardfp_atan2    m_wm.l(atan2.o)
    0x08004840   0x08004840   0x00000014   Code   RO         5367    i.__hardfp_fabs     m_wm.l(fabs.o)
    0x08004854   0x08004854   0x0000007a   Code   RO         5399    i.__hardfp_sqrt     m_wm.l(sqrt.o)
    0x080048ce   0x080048ce   0x000000f8   Code   RO         5486    i.__kernel_poly     m_wm.l(poly.o)
    0x080049c6   0x080049c6   0x00000014   Code   RO         5455    i.__mathlib_dbl_infnan  m_wm.l(dunder.o)
    0x080049da   0x080049da   0x00000014   Code   RO         5456    i.__mathlib_dbl_infnan2  m_wm.l(dunder.o)
    0x080049ee   0x080049ee   0x00000002   PAD
    0x080049f0   0x080049f0   0x00000020   Code   RO         5460    i.__mathlib_dbl_underflow  m_wm.l(dunder.o)
    0x08004a10   0x08004a10   0x0000000e   Code   RO         5252    i._is_digit         c_w.l(__printf_wp.o)
    0x08004a1e   0x08004a1e   0x00000010   Code   RO         5319    i.atan              m_wm.l(atan.o)
    0x08004a2e   0x08004a2e   0x00000018   Code   RO         5369    i.fabs              m_wm.l(fabs.o)
    0x08004a46   0x08004a46   0x00000036   Code   RO         4664    i.ili9325_DisplayOff  ili9325.o
    0x08004a7c   0x08004a7c   0x00000060   Code   RO         4665    i.ili9325_DisplayOn  ili9325.o
    0x08004adc   0x08004adc   0x0000004c   Code   RO         4666    i.ili9325_DrawBitmap  ili9325.o
    0x08004b28   0x08004b28   0x00000038   Code   RO         4667    i.ili9325_DrawHLine  ili9325.o
    0x08004b60   0x08004b60   0x0000001e   Code   RO         4668    i.ili9325_DrawRGBImage  ili9325.o
    0x08004b7e   0x08004b7e   0x00000002   PAD
    0x08004b80   0x08004b80   0x00000054   Code   RO         4669    i.ili9325_DrawVLine  ili9325.o
    0x08004bd4   0x08004bd4   0x00000004   Code   RO         4670    i.ili9325_GetLcdPixelHeight  ili9325.o
    0x08004bd8   0x08004bd8   0x00000006   Code   RO         4671    i.ili9325_GetLcdPixelWidth  ili9325.o
    0x08004bde   0x08004bde   0x000001ec   Code   RO         4672    i.ili9325_Init      ili9325.o
    0x08004dca   0x08004dca   0x00000010   Code   RO         4673    i.ili9325_ReadID    ili9325.o
    0x08004dda   0x08004dda   0x00000010   Code   RO         4674    i.ili9325_ReadPixel  ili9325.o
    0x08004dea   0x08004dea   0x0000001c   Code   RO         4676    i.ili9325_SetCursor  ili9325.o
    0x08004e06   0x08004e06   0x0000003e   Code   RO         4677    i.ili9325_SetDisplayWindow  ili9325.o
    0x08004e44   0x08004e44   0x00000016   Code   RO         4678    i.ili9325_WritePixel  ili9325.o
    0x08004e5a   0x08004e5a   0x00000010   Code   RO         4679    i.ili9325_WriteReg  ili9325.o
    0x08004e6a   0x08004e6a   0x00000002   PAD
    0x08004e6c   0x08004e6c   0x000002a8   Code   RO          295    i.main              main.o
    0x08005114   0x08005114   0x00000038   Code   RO          205    i.serialPrintln     voxart_dev.o
    0x0800514c   0x0800514c   0x0000003c   Code   RO          296    i.updateCircle      main.o
    0x08005188   0x08005188   0x00000018   Code   RO         5275    x$fpl$basic         fz_wm.l(basic.o)
    0x080051a0   0x080051a0   0x00000062   Code   RO         5277    x$fpl$d2f           fz_wm.l(d2f.o)
    0x08005202   0x08005202   0x00000002   PAD
    0x08005204   0x08005204   0x00000150   Code   RO         5279    x$fpl$dadd          fz_wm.l(daddsub_clz.o)
    0x08005354   0x08005354   0x00000018   Code   RO         5441    x$fpl$dcmpinf       fz_wm.l(dcmpi.o)
    0x0800536c   0x0800536c   0x000002b0   Code   RO         5286    x$fpl$ddiv          fz_wm.l(ddiv.o)
    0x0800561c   0x0800561c   0x00000078   Code   RO         5289    x$fpl$deqf          fz_wm.l(deqf.o)
    0x08005694   0x08005694   0x0000002e   Code   RO         5292    x$fpl$dflt          fz_wm.l(dflt_clz.o)
    0x080056c2   0x080056c2   0x00000026   Code   RO         5291    x$fpl$dfltu         fz_wm.l(dflt_clz.o)
    0x080056e8   0x080056e8   0x00000078   Code   RO         5297    x$fpl$dleqf         fz_wm.l(dleqf.o)
    0x08005760   0x08005760   0x00000154   Code   RO         5299    x$fpl$dmul          fz_wm.l(dmul.o)
    0x080058b4   0x080058b4   0x0000009c   Code   RO         5443    x$fpl$dnaninf       fz_wm.l(dnaninf.o)
    0x08005950   0x08005950   0x0000000c   Code   RO         5445    x$fpl$dretinf       fz_wm.l(dretinf.o)
    0x0800595c   0x0800595c   0x0000006c   Code   RO         5301    x$fpl$drleqf        fz_wm.l(drleqf.o)
    0x080059c8   0x080059c8   0x00000016   Code   RO         5280    x$fpl$drsb          fz_wm.l(daddsub_clz.o)
    0x080059de   0x080059de   0x00000002   PAD
    0x080059e0   0x080059e0   0x00000198   Code   RO         5447    x$fpl$dsqrt         fz_wm.l(dsqrt_umaal.o)
    0x08005b78   0x08005b78   0x000001d4   Code   RO         5281    x$fpl$dsub          fz_wm.l(daddsub_clz.o)
    0x08005d4c   0x08005d4c   0x0000000a   Code   RO         5627    x$fpl$fpinit        fz_wm.l(fpinit.o)
    0x08005d56   0x08005d56   0x0000000a   Code   RO         5449    x$fpl$fretinf       fz_wm.l(fretinf.o)
    0x08005d60   0x08005d60   0x00000000   Code   RO         5453    x$fpl$usenofp       fz_wm.l(usenofp.o)
    0x08005d60   0x08005d60   0x00000010   Data   RO         4033    .constdata          system_stm32f4xx.o
    0x08005d70   0x08005d70   0x00000008   Data   RO         4034    .constdata          system_stm32f4xx.o
    0x08005d78   0x08005d78   0x00001ab8   Data   RO         4104    .constdata          stm324xg_eval_lcd.o
    0x08007830   0x08007830   0x00000011   Data   RO         5255    .constdata          c_w.l(__printf_flags_wp.o)
    0x08007841   0x08007841   0x00000007   PAD
    0x08007848   0x08007848   0x00000098   Data   RO         5320    .constdata          m_wm.l(atan.o)
    0x080078e0   0x080078e0   0x00000008   Data   RO         5488    .constdata          m_wm.l(qnan.o)
    0x080078e8   0x080078e8   0x00000020   Data   RO         5698    Region$$Table       anon$$obj.o


    Execution Region RW_IRAM1 (Exec base: 0x20000000, Load base: 0x08007908, Size: 0x00000d40, Max: 0x0001c000, ABSOLUTE, COMPRESSED[0x0000006c])

    Exec Addr    Load Addr    Size         Type   Attr      Idx    E Section Name        Object

    0x20000000   COMPRESSED   0x00000098   Data   RW           21    .data               mpu6050.o
    0x20000098   COMPRESSED   0x00000004   Data   RW          299    .data               main.o
    0x2000009c   COMPRESSED   0x00000008   Data   RW          373    .data               stm32f4xx_it.o
    0x200000a4   COMPRESSED   0x00000008   Data   RW          484    .data               stm32f4xx_hal_msp.o
    0x200000ac   COMPRESSED   0x0000000c   Data   RW         1748    .data               stm32f4xx_hal.o
    0x200000b8   COMPRESSED   0x00000004   Data   RW         4035    .data               system_stm32f4xx.o
    0x200000bc   COMPRESSED   0x0000000c   Data   RW         4109    .data               stm324xg_eval_lcd.o
    0x200000c8   COMPRESSED   0x0000002c   Data   RW         4370    .data               stm324xg_eval.o
    0x200000f4   COMPRESSED   0x00000038   Data   RW         4681    .data               ili9325.o
    0x2000012c   COMPRESSED   0x00000004   PAD
    0x20000130        -       0x00000220   Zero   RW          297    .bss                main.o
    0x20000350        -       0x00000100   Zero   RW          369    .bss                stm32f4xx_it.o
    0x20000450        -       0x0000000c   Zero   RW         4103    .bss                stm324xg_eval_lcd.o
    0x2000045c        -       0x00000280   Zero   RW         4680    .bss                ili9325.o
    0x200006dc        -       0x00000060   Zero   RW         5554    .bss                c_w.l(libspace.o)
    0x2000073c   COMPRESSED   0x00000004   PAD
    0x20000740        -       0x00000200   Zero   RW            2    HEAP                startup_stm32f407xx.o
    0x20000940        -       0x00000400   Zero   RW            1    STACK               startup_stm32f407xx.o


    Execution Region RW_IRAM2 (Exec base: 0x2001c000, Load base: 0x08007974, Size: 0x00000000, Max: 0x00004000, ABSOLUTE)

    **** No section assigned to this execution region ****


==============================================================================

Image component sizes


      Code (inc. data)   RO Data    RW Data    ZI Data      Debug   Object Name

      1058         10          0         56        640      11915   ili9325.o
      2144        208          0          4        544       6090   main.o
      1324         78          0        152          0     732530   mpu6050.o
        64         26        392          0       1536        868   startup_stm32f407xx.o
       354         34          0         44          0       6575   stm324xg_eval.o
      1000         78       6840         12         12      16050   stm324xg_eval_lcd.o
       180         28          0         12          0       9593   stm32f4xx_hal.o
       964         52          0          0          0       3867   stm32f4xx_hal_adc.o
       198         14          0          0          0      33955   stm32f4xx_hal_cortex.o
        42          0          0          0          0       1870   stm32f4xx_hal_dma.o
       548         52          0          0          0       4157   stm32f4xx_hal_gpio.o
      5202         86          0          0          0      32444   stm32f4xx_hal_i2c.o
       704         88          0          8          0       5363   stm32f4xx_hal_msp.o
      1488         90          0          0          0       6324   stm32f4xx_hal_rcc.o
        92          0          0          0          0       1276   stm32f4xx_hal_sram.o
       748         74          0          0          0       7761   stm32f4xx_hal_tim.o
       148         28          0          0          0       2577   stm32f4xx_hal_tim_ex.o
       720         10          0          0          0       4984   stm32f4xx_hal_uart.o
       224         56          0          8        256       8168   stm32f4xx_it.o
       232         14          0          0          0       4039   stm32f4xx_ll_fsmc.o
        16          4         24          4          0       1199   system_stm32f4xx.o
        56         10          0          0          0        588   voxart_dev.o

    ----------------------------------------------------------------------
     17538       1040       7288        300       2992     902193   Object Totals
         0          0         32          0          0          0   (incl. Generated)
        32          0          0          0          4          0   (incl. Padding)

    ----------------------------------------------------------------------

      Code (inc. data)   RO Data    RW Data    ZI Data      Debug   Library Member Name

        90          0          0          0          0          0   __dczerorl2.o
         8          0          0          0          0         68   __main.o
       312          4         17          0          0         92   __printf_flags_wp.o
        14          0          0          0          0         68   __printf_wp.o
         0          0          0          0          0          0   __rtentry.o
        12          0          0          0          0          0   __rtentry2.o
         6          0          0          0          0          0   __rtentry4.o
        52          8          0          0          0          0   __scatter.o
        28          0          0          0          0          0   __scatter_zi.o
        48          6          0          0          0         96   _printf_char_common.o
         0          0          0          0          0          0   _printf_percent.o
         4          0          0          0          0          0   _printf_percent_end.o
        22          0          0          0          0        100   _rserrno.o
        10          0          0          0          0         68   _sputc.o
        18          0          0          0          0         80   exit.o
         6          0          0          0          0        152   heapauxi.o
         0          0          0          0          0          0   indicate_semi.o
         2          0          0          0          0          0   libinit.o
         6          0          0          0          0          0   libinit2.o
         2          0          0          0          0          0   libshutdown.o
         2          0          0          0          0          0   libshutdown2.o
         8          4          0          0         96         68   libspace.o
       238          0          0          0          0        100   lludivv7m.o
        40          6          0          0          0         84   noretval__2sprintf.o
         8          4          0          0          0         68   rt_errno_addr_intlibspace.o
        78          0          0          0          0         80   rt_memclr_w.o
         2          0          0          0          0          0   rtexit.o
        10          0          0          0          0          0   rtexit2.o
        24          0          0          0          0         68   strcat.o
        12          4          0          0          0         68   sys_exit.o
        74          0          0          0          0         80   sys_stackheap_outer.o
         2          0          0          0          0         68   use_no_semi.o
        24          0          0          0          0        164   basic.o
        98          4          0          0          0        140   d2f.o
       826         16          0          0          0        492   daddsub_clz.o
        24          0          0          0          0        116   dcmpi.o
       688        140          0          0          0        256   ddiv.o
       120          4          0          0          0        140   deqf.o
        84          0          0          0          0        232   dflt_clz.o
       120          4          0          0          0        140   dleqf.o
       340         12          0          0          0        152   dmul.o
       156          4          0          0          0        140   dnaninf.o
        12          0          0          0          0        116   dretinf.o
       108          0          0          0          0        128   drleqf.o
       408         56          0          0          0        168   dsqrt_umaal.o
        10          0          0          0          0        116   fpinit.o
        10          0          0          0          0        116   fretinf.o
         0          0          0          0          0          0   usenofp.o
       744        106        152          0          0        352   atan.o
       512         64          0          0          0        208   atan2.o
        72          8          0          0          0        372   dunder.o
        44          0          0          0          0        248   fabs.o
        48          0          0          0          0        124   fpclassify.o
       248          0          0          0          0        152   poly.o
         0          0          8          0          0          0   qnan.o
       122          0          0          0          0        148   sqrt.o

    ----------------------------------------------------------------------
      5974        454        184          0        100       5628   Library Totals
        18          0          7          0          4          0   (incl. Padding)

    ----------------------------------------------------------------------

      Code (inc. data)   RO Data    RW Data    ZI Data      Debug   Library Name

      1138         36         17          0         96       1408   c_w.l
      3028        240          0          0          0       2616   fz_wm.l
      1790        178        160          0          0       1604   m_wm.l

    ----------------------------------------------------------------------
      5974        454        184          0        100       5628   Library Totals

    ----------------------------------------------------------------------

==============================================================================


      Code (inc. data)   RO Data    RW Data    ZI Data      Debug   

     23512       1494       7472        300       3092     890345   Grand Totals
     23512       1494       7472        108       3092     890345   ELF Image Totals (compressed)
     23512       1494       7472        108          0          0   ROM Totals

==============================================================================

    Total RO  Size (Code + RO Data)                30984 (  30.26kB)
    Total RW  Size (RW Data + ZI Data)              3392 (   3.31kB)
    Total ROM Size (Code + RO Data + RW Data)      31092 (  30.36kB)

==============================================================================

