Component: ARM Compiler 5.06 update 7 (build 960) Tool: armlink [4d3601]

==============================================================================

Section Cross References

    startup_stm32f407xx.o(STACK) refers (Special) to heapauxi.o(.text) for __use_two_region_memory
    startup_stm32f407xx.o(HEAP) refers (Special) to heapauxi.o(.text) for __use_two_region_memory
    startup_stm32f407xx.o(RESET) refers (Special) to heapauxi.o(.text) for __use_two_region_memory
    startup_stm32f407xx.o(RESET) refers to startup_stm32f407xx.o(STACK) for __initial_sp
    startup_stm32f407xx.o(RESET) refers to startup_stm32f407xx.o(.text) for Reset_Handler
    startup_stm32f407xx.o(RESET) refers to stm32f4xx_it.o(i.NMI_Handler) for NMI_Handler
    startup_stm32f407xx.o(RESET) refers to stm32f4xx_it.o(i.HardFault_Handler) for HardFault_Handler
    startup_stm32f407xx.o(RESET) refers to stm32f4xx_it.o(i.MemManage_Handler) for MemManage_Handler
    startup_stm32f407xx.o(RESET) refers to stm32f4xx_it.o(i.BusFault_Handler) for BusFault_Handler
    startup_stm32f407xx.o(RESET) refers to stm32f4xx_it.o(i.UsageFault_Handler) for UsageFault_Handler
    startup_stm32f407xx.o(RESET) refers to stm32f4xx_it.o(i.SVC_Handler) for SVC_Handler
    startup_stm32f407xx.o(RESET) refers to stm32f4xx_it.o(i.DebugMon_Handler) for DebugMon_Handler
    startup_stm32f407xx.o(RESET) refers to stm32f4xx_it.o(i.PendSV_Handler) for PendSV_Handler
    startup_stm32f407xx.o(RESET) refers to stm32f4xx_it.o(i.SysTick_Handler) for SysTick_Handler
    startup_stm32f407xx.o(RESET) refers to stm32f4xx_it.o(i.EXTI0_IRQHandler) for EXTI0_IRQHandler
    startup_stm32f407xx.o(RESET) refers to stm32f4xx_it.o(i.TIM1_UP_TIM10_IRQHandler) for TIM1_UP_TIM10_IRQHandler
    startup_stm32f407xx.o(RESET) refers to stm32f4xx_it.o(i.TIM1_TRG_COM_TIM11_IRQHandler) for TIM1_TRG_COM_TIM11_IRQHandler
    startup_stm32f407xx.o(RESET) refers to stm32f4xx_it.o(i.I2C1_EV_IRQHandler) for I2C1_EV_IRQHandler
    startup_stm32f407xx.o(RESET) refers to stm32f4xx_it.o(i.EXTI15_10_IRQHandler) for EXTI15_10_IRQHandler
    startup_stm32f407xx.o(RESET) refers to stm32f4xx_it.o(i.TIM7_IRQHandler) for TIM7_IRQHandler
    startup_stm32f407xx.o(.text) refers (Special) to heapauxi.o(.text) for __use_two_region_memory
    startup_stm32f407xx.o(.text) refers to system_stm32f4xx.o(i.SystemInit) for SystemInit
    startup_stm32f407xx.o(.text) refers to __main.o(!!!main) for __main
    startup_stm32f407xx.o(.text) refers to startup_stm32f407xx.o(HEAP) for Heap_Mem
    startup_stm32f407xx.o(.text) refers to startup_stm32f407xx.o(STACK) for Stack_Mem
    mpu6050.o(i.Kalman_getAngle) refers to daddsub_clz.o(x$fpl$dsub) for __aeabi_dsub
    mpu6050.o(i.Kalman_getAngle) refers to dmul.o(x$fpl$dmul) for __aeabi_dmul
    mpu6050.o(i.Kalman_getAngle) refers to daddsub_clz.o(x$fpl$dadd) for __aeabi_dadd
    mpu6050.o(i.Kalman_getAngle) refers to daddsub_clz.o(x$fpl$drsb) for __aeabi_drsub
    mpu6050.o(i.Kalman_getAngle) refers to ddiv.o(x$fpl$ddiv) for __aeabi_ddiv
    mpu6050.o(i.MPU6050_Init) refers to stm32f4xx_hal_i2c.o(i.HAL_I2C_Mem_Read) for HAL_I2C_Mem_Read
    mpu6050.o(i.MPU6050_Init) refers to stm32f4xx_hal_i2c.o(i.HAL_I2C_Mem_Write) for HAL_I2C_Mem_Write
    mpu6050.o(i.MPU6050_Read_Accel) refers to stm32f4xx_hal_i2c.o(i.HAL_I2C_Mem_Read) for HAL_I2C_Mem_Read
    mpu6050.o(i.MPU6050_Read_Accel) refers to dflt_clz.o(x$fpl$dflt) for __aeabi_i2d
    mpu6050.o(i.MPU6050_Read_Accel) refers to dmul.o(x$fpl$dmul) for __aeabi_dmul
    mpu6050.o(i.MPU6050_Read_Accel) refers to ddiv.o(x$fpl$ddiv) for __aeabi_ddiv
    mpu6050.o(i.MPU6050_Read_All) refers to stm32f4xx_hal_i2c.o(i.HAL_I2C_Mem_Read) for HAL_I2C_Mem_Read
    mpu6050.o(i.MPU6050_Read_All) refers to dflt_clz.o(x$fpl$dflt) for __aeabi_i2d
    mpu6050.o(i.MPU6050_Read_All) refers to dmul.o(x$fpl$dmul) for __aeabi_dmul
    mpu6050.o(i.MPU6050_Read_All) refers to ddiv.o(x$fpl$ddiv) for __aeabi_ddiv
    mpu6050.o(i.MPU6050_Read_All) refers to stm32f4xx_hal.o(i.HAL_GetTick) for HAL_GetTick
    mpu6050.o(i.MPU6050_Read_All) refers to dflt_clz.o(x$fpl$dfltu) for __aeabi_ui2d
    mpu6050.o(i.MPU6050_Read_All) refers to sqrt.o(i.__hardfp_sqrt) for __hardfp_sqrt
    mpu6050.o(i.MPU6050_Read_All) refers to deqf.o(x$fpl$deqf) for __aeabi_cdcmpeq
    mpu6050.o(i.MPU6050_Read_All) refers to atan.o(i.__hardfp_atan) for __hardfp_atan
    mpu6050.o(i.MPU6050_Read_All) refers to atan2.o(i.__hardfp_atan2) for __hardfp_atan2
    mpu6050.o(i.MPU6050_Read_All) refers to dleqf.o(x$fpl$dleqf) for __aeabi_cdcmple
    mpu6050.o(i.MPU6050_Read_All) refers to drleqf.o(x$fpl$drleqf) for __aeabi_cdrcmple
    mpu6050.o(i.MPU6050_Read_All) refers to mpu6050.o(i.Kalman_getAngle) for Kalman_getAngle
    mpu6050.o(i.MPU6050_Read_All) refers to fabs.o(i.__hardfp_fabs) for __hardfp_fabs
    mpu6050.o(i.MPU6050_Read_All) refers to basic.o(x$fpl$basic) for __aeabi_dneg
    mpu6050.o(i.MPU6050_Read_All) refers to mpu6050.o(.data) for .data
[...]
    x$fpl$dnaninf                            0x08006044   Section      156  dnaninf.o(x$fpl$dnaninf)
    $v0                                      0x08006044   Number         0  dnaninf.o(x$fpl$dnaninf)
    x$fpl$dretinf                            0x080060e0   Section       12  dretinf.o(x$fpl$dretinf)
    $v0                                      0x080060e0   Number         0  dretinf.o(x$fpl$dretinf)
    x$fpl$drleqf                             0x080060ec   Section      108  drleqf.o(x$fpl$drleqf)
    $v0                                      0x080060ec   Number         0  drleqf.o(x$fpl$drleqf)
    x$fpl$drsb                               0x08006158   Section       22  daddsub_clz.o(x$fpl$drsb)
    $v0                                      0x08006158   Number         0  daddsub_clz.o(x$fpl$drsb)
    x$fpl$dsqrt                              0x08006170   Section      408  dsqrt_umaal.o(x$fpl$dsqrt)
    $v0                                      0x08006170   Number         0  dsqrt_umaal.o(x$fpl$dsqrt)
    x$fpl$dsub                               0x08006308   Section      468  daddsub_clz.o(x$fpl$dsub)
    $v0                                      0x08006308   Number         0  daddsub_clz.o(x$fpl$dsub)
    _dsub1                                   0x08006319   Thumb Code     0  daddsub_clz.o(x$fpl$dsub)
    x$fpl$fpinit                             0x080064dc   Section       10  fpinit.o(x$fpl$fpinit)
    $v0                                      0x080064dc   Number         0  fpinit.o(x$fpl$fpinit)
    .constdata                               0x080064e6   Section       16  system_stm32f4xx.o(.constdata)
    x$fpl$usenofp                            0x080064e6   Section        0  usenofp.o(x$fpl$usenofp)
    .constdata                               0x080064f6   Section        8  system_stm32f4xx.o(.constdata)
    .constdata                               0x080064fe   Section     6840  stm324xg_eval_lcd.o(.constdata)
    .constdata                               0x08007fb6   Section       17  __printf_flags_wp.o(.constdata)
    maptable                                 0x08007fb6   Data          17  __printf_flags_wp.o(.constdata)
    .constdata                               0x08007fc8   Section      152  atan.o(.constdata)
    atanhi                                   0x08007fc8   Data          32  atan.o(.constdata)
    atanlo                                   0x08007fe8   Data          32  atan.o(.constdata)
    aTodd                                    0x08008008   Data          40  atan.o(.constdata)
    aTeven                                   0x08008030   Data          48  atan.o(.constdata)
    .constdata                               0x08008060   Section        8  qnan.o(.constdata)
    .data                                    0x20000000   Section      152  mpu6050.o(.data)
    .data                                    0x20000098   Section        1  voxart_dev.o(.data)
    .data                                    0x20000099   Section        1  imu_parser.o(.data)
    .data                                    0x2000009c   Section       16  main.o(.data)
    .data                                    0x200000ac   Section        8  stm32f4xx_hal_msp.o(.data)
    FSMC_Initialized                         0x200000ac   Data           4  stm32f4xx_hal_msp.o(.data)
    FSMC_DeInitialized                       0x200000b0   Data           4  stm32f4xx_hal_msp.o(.data)
    .data                                    0x200000b4   Section       12  stm32f4xx_hal.o(.data)
    .data                                    0x200000c0   Section        4  system_stm32f4xx.o(.data)
    .data                                    0x200000c4   Section       12  stm324xg_eval_lcd.o(.data)
    lcd_drv                                  0x200000c4   Data           4  stm324xg_eval_lcd.o(.data)
    .data                                    0x200000d0   Section       44  stm324xg_eval.o(.data)
    Is_LCD_IO_Initialized                    0x200000d0   Data           1  stm324xg_eval.o(.data)
    I2C_IT_Enabled                           0x200000d1   Data           1  stm324xg_eval.o(.data)
    .data                                    0x200000fc   Section       56  ili9325.o(.data)
    .bss                                     0x20000134   Section       16  main.o(.bss)
    .bss                                     0x20000144   Section      524  main.o(.bss)
    .bss                                     0x20000350   Section       88  main.o(.bss)
    .bss                                     0x200003a8   Section       12  stm324xg_eval_lcd.o(.bss)
    .bss                                     0x200003b4   Section      640  ili9325.o(.bss)
    ArrayRGB                                 0x200003b4   Data         640  ili9325.o(.bss)
    .bss                                     0x20000634   Section       96  libspace.o(.bss)
    HEAP                                     0x20000698   Section      512  startup_stm32f407xx.o(HEAP)
    Heap_Mem                                 0x20000698   Data         512  startup_stm32f407xx.o(HEAP)
    STACK                                    0x20000898   Section     1024  startup_stm32f407xx.o(STACK)
    Stack_Mem                                0x20000898   Data        1024  startup_stm32f407xx.o(STACK)
    __initial_sp                             0x20000c98   Data           0  startup_stm32f407xx.o(STACK)

    Global Symbols

    Symbol Name                              Value     Ov Type        Size  Object(Section)

    BuildAttributes$$THM_ISAv4$E$P$D$K$B$S$7EM$VFPi3$EXTD16$VFPS$VFMA$PE$A:L22UL41UL21$X:L11$S22US41US21$IEEE1$IW$USESV6$~STKCKD$USESV7$~SHL$OTIME$ROPI$IEEEX$EBA8$UX$STANDARDLIB$REQ8$PRES8$EABIv2 0x00000000   Number         0  anon$$obj.o ABSOLUTE
    __ARM_use_no_argv                        0x00000000   Number         0  main.o ABSOLUTE
    _printf_flags                            0x00000000   Number         0  printf_stubs.o ABSOLUTE
    _printf_return_value                     0x00000000   Number         0  printf_stubs.o ABSOLUTE
    _printf_sizespec                         0x00000000   Number         0  printf_stubs.o ABSOLUTE
    _printf_widthprec                        0x00000000   Number         0  printf_stubs.o ABSOLUTE
    __ARM_exceptions_init                     - Undefined Weak Reference
    __alloca_initialize                       - Undefined Weak Reference
    __arm_fini_                               - Undefined Weak Reference
    __arm_preinit_                            - Undefined Weak Reference
    __cpp_initialize__aeabi_                  - Undefined Weak Reference
    __cxa_finalize                            - Undefined Weak Reference
    __sigvec_lookup                           - Undefined Weak Reference
    __user_heap_extent                        - Undefined Weak Reference
    _atexit_init                              - Undefined Weak Reference
    _call_atexit_fns                          - Undefined Weak Reference
    _clock_init                               - Undefined Weak Reference
    _fp_trap_init                             - Undefined Weak Reference
    _fp_trap_shutdown                         - Undefined Weak Reference
    _get_lc_collate                           - Undefined Weak Reference
    _get_lc_ctype                             - Undefined Weak Reference
    _get_lc_monetary                          - Undefined Weak Reference
    _get_lc_time                              - Undefined Weak Reference
    _getenv_init                              - Undefined Weak Reference
    _handle_redirection                       - Undefined Weak Reference
    _initio                                   - Undefined Weak Reference
    _mutex_acquire                            - Undefined Weak Reference
    _mutex_free                               - Undefined Weak Reference
    _mutex_release                            - Undefined Weak Reference
    _printf_mbtowc                            - Undefined Weak Reference
    _printf_post_padding                      - Undefined Weak Reference
    _printf_pre_padding                       - Undefined Weak Reference
    _rand_init                                - Undefined Weak Reference
    _signal_finish                            - Undefined Weak Reference
    _signal_init                              - Undefined Weak Reference
    _terminateio                              - Undefined Weak Reference
    __Vectors_Size                           0x00000188   Number         0  startup_stm32f407xx.o ABSOLUTE
    __Vectors                                0x08000000   Data           4  startup_stm32f407xx.o(RESET)
    __Vectors_End                            0x08000188   Data           0  startup_stm32f407xx.o(RESET)
    __main                                   0x08000189   Thumb Code     8  __main.o(!!!main)
    __scatterload                            0x08000191   Thumb Code     0  __scatter.o(!!!scatter)
    __scatterload_rt2                        0x08000191   Thumb Code    44  __scatter.o(!!!scatter)
    __scatterload_rt2_thumb_only             0x08000191   Thumb Code     0  __scatter.o(!!!scatter)
    __scatterload_null                       0x0800019f   Thumb Code     0  __scatter.o(!!!scatter)
    __decompress                             0x080001c5   Thumb Code    90  __dczerorl2.o(!!dczerorl2)
    __decompress1                            0x080001c5   Thumb Code     0  __dczerorl2.o(!!dczerorl2)
    __scatterload_zeroinit                   0x08000221   Thumb Code    28  __scatter_zi.o(!!handler_zi)
    _printf_percent                          0x0800023d   Thumb Code     0  _printf_percent.o(.ARM.Collect$$_printf_percent$$00000000)
    _printf_s                                0x0800023d   Thumb Code     0  _printf_s.o(.ARM.Collect$$_printf_percent$$00000014)
    _printf_percent_end                      0x08000243   Thumb Code     0  _printf_percent_end.o(.ARM.Collect$$_printf_percent$$00000017)
    __rt_lib_init                            0x08000247   Thumb Code     0  libinit.o(.ARM.Collect$$libinit$$00000000)
    __rt_lib_init_fp_1                       0x08000249   Thumb Code     0  libinit2.o(.ARM.Collect$$libinit$$00000001)
    __rt_lib_init_heap_2                     0x0800024d   Thumb Code     0  libinit2.o(.ARM.Collect$$libinit$$00000005)
    __rt_lib_init_preinit_1                  0x0800024d   Thumb Code     0  libinit2.o(.ARM.Collect$$libinit$$00000004)
    __rt_lib_init_alloca_1                   0x08000255   Thumb Code     0  libinit2.o(.ARM.Collect$$libinit$$0000002E)
    __rt_lib_init_argv_1                     0x08000255   Thumb Code     0  libinit2.o(.ARM.Collect$$libinit$$0000002C)
    __rt_lib_init_atexit_1                   0x08000255   Thumb Code     0  libinit2.o(.ARM.Collect$$libinit$$0000001B)
    __rt_lib_init_clock_1                    0x08000255   Thumb Code     0  libinit2.o(.ARM.Collect$$libinit$$00000021)
    __rt_lib_init_cpp_1                      0x08000255   Thumb Code     0  libinit2.o(.ARM.Collect$$libinit$$00000032)
    __rt_lib_init_exceptions_1               0x08000255   Thumb Code     0  libinit2.o(.ARM.Collect$$libinit$$00000030)
    __rt_lib_init_fp_trap_1                  0x08000255   Thumb Code     0  libinit2.o(.ARM.Collect$$libinit$$0000001F)
    __rt_lib_init_getenv_1                   0x08000255   Thumb Code     0  libinit2.o(.ARM.Collect$$libinit$$00000023)
    __rt_lib_init_heap_1                     0x08000255   Thumb Code     0  libinit2.o(.ARM.Collect$$libinit$$0000000A)
    __rt_lib_init_lc_collate_1               0x08000255   Thumb Code     0  libinit2.o(.ARM.Collect$$libinit$$00000011)
    __rt_lib_init_lc_ctype_1                 0x08000255   Thumb Code     0  libinit2.o(.ARM.Collect$$libinit$$00000013)
    __rt_lib_init_lc_monetary_1              0x08000255   Thumb Code     0  libinit2.o(.ARM.Collect$$libinit$$00000015)
    __rt_lib_init_lc_numeric_1               0x08000255   Thumb Code     0  libinit2.o(.ARM.Collect$$libinit$$00000017)
    __rt_lib_init_lc_time_1                  0x08000255   Thumb Code     0  libinit2.o(.ARM.Collect$$libinit$$00000019)
    __rt_lib_init_rand_1                     0x08000255   Thumb Code     0  libinit2.o(.ARM.Collect$$libinit$$0000000E)
    __rt_lib_init_return                     0x08000255   Thumb Code     0  libinit2.o(.ARM.Collect$$libinit$$00000033)
    __rt_lib_init_signal_1                   0x08000255   Thumb Code     0  libinit2.o(.ARM.Collect$$libinit$$0000001D)
    __rt_lib_init_stdio_1                    0x08000255   Thumb Code     0  libinit2.o(.ARM.Collect$$libinit$$00000025)
    __rt_lib_init_user_alloc_1               0x08000255   Thumb Code     0  libinit2.o(.ARM.Collect$$libinit$$0000000C)
    __rt_lib_shutdown                        0x08000257   Thumb Code     0  libshutdown.o(.ARM.Collect$$libshutdown$$00000000)
    __rt_lib_shutdown_cpp_1                  0x08000259   Thumb Code     0  libshutdown2.o(.ARM.Collect$$libshutdown$$00000004)
    __rt_lib_shutdown_fini_1                 0x08000259   Thumb Code     0  libshutdown2.o(.ARM.Collect$$libshutdown$$00000002)
    __rt_lib_shutdown_fp_trap_1              0x08000259   Thumb Code     0  libshutdown2.o(.ARM.Collect$$libshutdown$$00000009)
    __rt_lib_shutdown_heap_1                 0x08000259   Thumb Code     0  libshutdown2.o(.ARM.Collect$$libshutdown$$00000011)
    __rt_lib_shutdown_return                 0x08000259   Thumb Code     0  libshutdown2.o(.ARM.Collect$$libshutdown$$00000012)
    __rt_lib_shutdown_signal_1               0x08000259   Thumb Code     0  libshutdown2.o(.ARM.Collect$$libshutdown$$0000000C)
    __rt_lib_shutdown_stdio_1                0x08000259   Thumb Code     0  libshutdown2.o(.ARM.Collect$$libshutdown$$00000006)
    __rt_lib_shutdown_user_alloc_1           0x08000259   Thumb Code     0  libshutdown2.o(.ARM.Collect$$libshutdown$$0000000E)
    __rt_entry                               0x0800025b   Thumb Code     0  __rtentry.o(.ARM.Collect$$rtentry$$00000000)
    __rt_entry_presh_1                       0x0800025b   Thumb Code     0  __rtentry2.o(.ARM.Collect$$rtentry$$00000002)
    __rt_entry_sh                            0x0800025b   Thumb Code     0  __rtentry4.o(.ARM.Collect$$rtentry$$00000004)
    __rt_entry_li                            0x08000261   Thumb Code     0  __rtentry2.o(.ARM.Collect$$rtentry$$0000000A)
    __rt_entry_postsh_1                      0x08000261   Thumb Code     0  __rtentry2.o(.ARM.Collect$$rtentry$$00000009)
    __rt_entry_main                          0x08000265   Thumb Code     0  __rtentry2.o(.ARM.Collect$$rtentry$$0000000D)
    __rt_entry_postli_1                      0x08000265   Thumb Code     0  __rtentry2.o(.ARM.Collect$$rtentry$$0000000C)
    __rt_exit                                0x0800026d   Thumb Code     0  rtexit.o(.ARM.Collect$$rtexit$$00000000)
    __rt_exit_ls                             0x0800026f   Thumb Code     0  rtexit2.o(.ARM.Collect$$rtexit$$00000003)
    __rt_exit_prels_1                        0x0800026f   Thumb Code     0  rtexit2.o(.ARM.Collect$$rtexit$$00000002)
    __rt_exit_exit                           0x08000273   Thumb Code     0  rtexit2.o(.ARM.Collect$$rtexit$$00000004)
    Reset_Handler                            0x08000279   Thumb Code     8  startup_stm32f407xx.o(.text)
    _maybe_terminate_alloc                   0x08000279   Thumb Code     0  maybetermalloc1.o(.emb_text)
    ADC_IRQHandler                           0x08000293   Thumb Code     0  startup_stm32f407xx.o(.text)
    CAN1_RX0_IRQHandler                      0x08000293   Thumb Code     0  startup_stm32f407xx.o(.text)
    CAN1_RX1_IRQHandler                      0x08000293   Thumb Code     0  startup_stm32f407xx.o(.text)
    CAN1_SCE_IRQHandler                      0x08000293   Thumb Code     0  startup_stm32f407xx.o(.text)
    CAN1_TX_IRQHandler                       0x08000293   Thumb Code     0  startup_stm32f407xx.o(.text)
    CAN2_RX0_IRQHandler                      0x08000293   Thumb Code     0  startup_stm32f407xx.o(.text)
    CAN2_RX1_IRQHandler                      0x08000293   Thumb Code     0  startup_stm32f407xx.o(.text)
    CAN2_SCE_IRQHandler                      0x08000293   Thumb Code     0  startup_stm32f407xx.o(.text)
    CAN2_TX_IRQHandler                       0x08000293   Thumb Code     0  startup_stm32f407xx.o(.text)
    DCMI_IRQHandler                          0x08000293   Thumb Code     0  startup_stm32f407xx.o(.text)
    DMA1_Stream0_IRQHandler                  0x08000293   Thumb Code     0  startup_stm32f407xx.o(.text)
    DMA1_Stream1_IRQHandler                  0x08000293   Thumb Code     0  startup_stm32f407xx.o(.text)
    DMA1_Stream2_IRQHandler                  0x08000293   Thumb Code     0  startup_stm32f407xx.o(.text)
    DMA1_Stream3_IRQHandler                  0x08000293   Thumb Code     0  startup_stm32f407xx.o(.text)
    DMA1_Stream4_IRQHandler                  0x08000293   Thumb Code     0  startup_stm32f407xx.o(.text)
    DMA1_Stream5_IRQHandler                  0x08000293   Thumb Code     0  startup_stm32f407xx.o(.text)
    DMA1_Stream6_IRQHandler                  0x08000293   Thumb Code     0  startup_stm32f407xx.o(.text)
    DMA1_Stream7_IRQHandler                  0x08000293   Thumb Code     0  startup_stm32f407xx.o(.text)
    DMA2_Stream0_IRQHandler                  0x08000293   Thumb Code     0  startup_stm32f407xx.o(.text)
    DMA2_Stream1_IRQHandler                  0x08000293   Thumb Code     0  startup_stm32f407xx.o(.text)
    DMA2_Stream2_IRQHandler                  0x08000293   Thumb Code     0  startup_stm32f407xx.o(.text)
    DMA2_Stream3_IRQHandler                  0x08000293   Thumb Code     0  startup_stm32f407xx.o(.text)
    DMA2_Stream4_IRQHandler                  0x08000293   Thumb Code     0  startup_stm32f407xx.o(.text)
    DMA2_Stream5_IRQHandler                  0x08000293   Thumb Code     0  startup_stm32f407xx.o(.text)
    DMA2_Stream6_IRQHandler                  0x08000293   Thumb Code     0  startup_stm32f407xx.o(.text)
    DMA2_Stream7_IRQHandler                  0x08000293   Thumb Code     0  startup_stm32f407xx.o(.text)
    ETH_IRQHandler                           0x08000293   Thumb Code     0  startup_stm32f407xx.o(.text)
    ETH_WKUP_IRQHandler                      0x08000293   Thumb Code     0  startup_stm32f407xx.o(.text)
    EXTI1_IRQHandler                         0x08000293   Thumb Code     0  startup_stm32f407xx.o(.text)
    EXTI2_IRQHandler                         0x08000293   Thumb Code     0  startup_stm32f407xx.o(.text)
    EXTI3_IRQHandler                         0x08000293   Thumb Code     0  startup_stm32f407xx.o(.text)
    EXTI4_IRQHandler                         0x08000293   Thumb Code     0  startup_stm32f407xx.o(.text)
    EXTI9_5_IRQHandler                       0x08000293   Thumb Code     0  startup_stm32f407xx.o(.text)
    FLASH_IRQHandler                         0x08000293   Thumb Code     0  startup_stm32f407xx.o(.text)
    FMC_IRQHandler                           0x08000293   Thumb Code     0  startup_stm32f407xx.o(.text)
    FPU_IRQHandler                           0x08000293   Thumb Code     0  startup_stm32f407xx.o(.text)
    HASH_RNG_IRQHandler                      0x08000293   Thumb Code     0  startup_stm32f407xx.o(.text)
    I2C1_ER_IRQHandler                       0x08000293   Thumb Code     0  startup_stm32f407xx.o(.text)
    I2C2_ER_IRQHandler                       0x08000293   Thumb Code     0  startup_stm32f407xx.o(.text)
    I2C2_EV_IRQHandler                       0x08000293   Thumb Code     0  startup_stm32f407xx.o(.text)
    I2C3_ER_IRQHandler                       0x08000293   Thumb Code     0  startup_stm32f407xx.o(.text)
    I2C3_EV_IRQHandler                       0x08000293   Thumb Code     0  startup_stm32f407xx.o(.text)
    OTG_FS_IRQHandler                        0x08000293   Thumb Code     0  startup_stm32f407xx.o(.text)
    OTG_FS_WKUP_IRQHandler                   0x08000293   Thumb Code     0  startup_stm32f407xx.o(.text)
    OTG_HS_EP1_IN_IRQHandler                 0x08000293   Thumb Code     0  startup_stm32f407xx.o(.text)
    OTG_HS_EP1_OUT_IRQHandler                0x08000293   Thumb Code     0  startup_stm32f407xx.o(.text)
    OTG_HS_IRQHandler                        0x08000293   Thumb Code     0  startup_stm32f407xx.o(.text)
    OTG_HS_WKUP_IRQHandler                   0x08000293   Thumb Code     0  startup_stm32f407xx.o(.text)
    PVD_IRQHandler                           0x08000293   Thumb Code     0  startup_stm32f407xx.o(.text)
    RCC_IRQHandler                           0x08000293   Thumb Code     0  startup_stm32f407xx.o(.text)
    RTC_Alarm_IRQHandler                     0x08000293   Thumb Code     0  startup_stm32f407xx.o(.text)
    RTC_WKUP_IRQHandler                      0x08000293   Thumb Code     0  startup_stm32f407xx.o(.text)
    SDIO_IRQHandler                          0x08000293   Thumb Code     0  startup_stm32f407xx.o(.text)
    SPI1_IRQHandler                          0x08000293   Thumb Code     0  startup_stm32f407xx.o(.text)
    SPI2_IRQHandler                          0x08000293   Thumb Code     0  startup_stm32f407xx.o(.text)
    SPI3_IRQHandler                          0x08000293   Thumb Code     0  startup_stm32f407xx.o(.text)
    TAMP_STAMP_IRQHandler                    0x08000293   Thumb Code     0  startup_stm32f407xx.o(.text)
    TIM1_BRK_TIM9_IRQHandler                 0x08000293   Thumb Code     0  startup_stm32f407xx.o(.text)
    TIM1_CC_IRQHandler                       0x08000293   Thumb Code     0  startup_stm32f407xx.o(.text)
    TIM2_IRQHandler                          0x08000293   Thumb Code     0  startup_stm32f407xx.o(.text)
    TIM3_IRQHandler                          0x08000293   Thumb Code     0  startup_stm32f407xx.o(.text)
    TIM4_IRQHandler                          0x08000293   Thumb Code     0  startup_stm32f407xx.o(.text)
    TIM5_IRQHandler                          0x08000293   Thumb Code     0  startup_stm32f407xx.o(.text)
    TIM6_DAC_IRQHandler                      0x08000293   Thumb Code     0  startup_stm32f407xx.o(.text)
    TIM8_BRK_TIM12_IRQHandler                0x08000293   Thumb Code     0  startup_stm32f407xx.o(.text)
    TIM8_CC_IRQHandler                       0x08000293   Thumb Code     0  startup_stm32f407xx.o(.text)
    TIM8_TRG_COM_TIM14_IRQHandler            0x08000293   Thumb Code     0  startup_stm32f407xx.o(.text)
    TIM8_UP_TIM13_IRQHandler                 0x08000293   Thumb Code     0  startup_stm32f407xx.o(.text)
    UART4_IRQHandler                         0x08000293   Thumb Code     0  startup_stm32f407xx.o(.text)
    UART5_IRQHandler                         0x08000293   Thumb Code     0  startup_stm32f407xx.o(.text)
    USART1_IRQHandler                        0x08000293   Thumb Code     0  startup_stm32f407xx.o(.text)
    USART2_IRQHandler                        0x08000293   Thumb Code     0  startup_stm32f407xx.o(.text)
    USART3_IRQHandler                        0x08000293   Thumb Code     0  startup_stm32f407xx.o(.text)
    USART6_IRQHandler                        0x08000293   Thumb Code     0  startup_stm32f407xx.o(.text)
    WWDG_IRQHandler                          0x08000293   Thumb Code     0  startup_stm32f407xx.o(.text)
    __user_initial_stackheap                 0x08000295   Thumb Code     0  startup_stm32f407xx.o(.text)
    malloc                                   0x080002b9   Thumb Code    94  h1_alloc.o(.text)
    free                                     0x08000317   Thumb Code    78  h1_free.o(.text)
    __aeabi_uldivmod                         0x08000365   Thumb Code     0  lludivv7m.o(.text)
    _ll_udiv                                 0x08000365   Thumb Code   238  lludivv7m.o(.text)
    __2sprintf                               0x08000455   Thumb Code    34  noretval__2sprintf.o(.text)
    _printf_str                              0x0800047d   Thumb Code    82  _printf_str.o(.text)
    __printf                                 0x080004d1   Thumb Code   308  __printf_flags_wp.o(.text)
    strcpy                                   0x08000609   Thumb Code    72  strcpy.o(.text)
    strlen                                   0x08000651   Thumb Code    62  strlen.o(.text)
    strcat                                   0x0800068f   Thumb Code    24  strcat.o(.text)
    __aeabi_memclr4                          0x080006a7   Thumb Code     0  rt_memclr_w.o(.text)
    __aeabi_memclr8                          0x080006a7   Thumb Code     0  rt_memclr_w.o(.text)
    __rt_memclr_w                            0x080006a7   Thumb Code    78  rt_memclr_w.o(.text)
    _memset_w                                0x080006ab   Thumb Code     0  rt_memclr_w.o(.text)
    __use_two_region_memory                  0x080006f5   Thumb Code     2  heapauxi.o(.text)
    __rt_heap_escrow                         0x080006f7   Thumb Code     2  heapauxi.o(.text)
    __rt_heap_expand                         0x080006f9   Thumb Code     2  heapauxi.o(.text)
    __rt_heap_descriptor                     0x080006fd   Thumb Code     8  rt_heap_descriptor_intlibspace.o(.text)
    __use_no_heap                            0x08000705   Thumb Code     2  hguard.o(.text)
    __heap$guard                             0x08000707   Thumb Code     2  hguard.o(.text)
    _terminate_user_alloc                    0x08000709   Thumb Code     2  init_alloc.o(.text)
    _init_user_alloc                         0x0800070b   Thumb Code     2  init_alloc.o(.text)
    __Heap_Full                              0x0800070d   Thumb Code    34  init_alloc.o(.text)
    __Heap_Broken                            0x0800072f   Thumb Code     6  init_alloc.o(.text)
    _init_alloc                              0x08000735   Thumb Code    94  init_alloc.o(.text)
    __Heap_Initialize                        0x08000793   Thumb Code    10  h1_init.o(.text)
    __Heap_DescSize                          0x0800079d   Thumb Code     4  h1_init.o(.text)
    __read_errno                             0x080007a1   Thumb Code    10  _rserrno.o(.text)
    __set_errno                              0x080007ab   Thumb Code    12  _rserrno.o(.text)
    _printf_char_common                      0x080007c3   Thumb Code    32  _printf_char_common.o(.text)
    _sputc                                   0x080007e9   Thumb Code    10  _sputc.o(.text)
    _printf_cs_common                        0x080007f3   Thumb Code    20  _printf_char.o(.text)
    _printf_char                             0x08000807   Thumb Code    16  _printf_char.o(.text)
    _printf_string                           0x08000817   Thumb Code     8  _printf_char.o(.text)
    __user_libspace                          0x08000821   Thumb Code     8  libspace.o(.text)
    __user_perproc_libspace                  0x08000821   Thumb Code     0  libspace.o(.text)
    __user_perthread_libspace                0x08000821   Thumb Code     0  libspace.o(.text)
    __aeabi_errno_addr                       0x08000829   Thumb Code     8  rt_errno_addr_intlibspace.o(.text)
    __errno$intlibspace                      0x08000829   Thumb Code     0  rt_errno_addr_intlibspace.o(.text)
    __rt_errno_addr$intlibspace              0x08000829   Thumb Code     0  rt_errno_addr_intlibspace.o(.text)
    __Heap_ProvideMemory                     0x08000831   Thumb Code    52  h1_extend.o(.text)
    __rt_SIGRTMEM                            0x08000865   Thumb Code    14  defsig_rtmem_outer.o(.text)
    __I$use$semihosting                      0x08000873   Thumb Code     0  use_no_semi.o(.text)
    __use_no_semihosting_swi                 0x08000873   Thumb Code     2  use_no_semi.o(.text)
    __semihosting_library_function           0x08000875   Thumb Code     0  indicate_semi.o(.text)
    __user_setup_stackheap                   0x08000875   Thumb Code    74  sys_stackheap_outer.o(.text)
    exit                                     0x080008bf   Thumb Code    18  exit.o(.text)
    __sig_exit                               0x080008d1   Thumb Code    10  defsig_exit.o(.text)
    __rt_SIGRTMEM_inner                      0x080008dd   Thumb Code    22  defsig_rtmem_inner.o(.text)
    _sys_exit                                0x0800092d   Thumb Code     8  sys_exit.o(.text)
    __default_signal_display                 0x08000939   Thumb Code    50  defsig_general.o(.text)
    _ttywrch                                 0x0800096b   Thumb Code    14  sys_wrch.o(.text)
    BSP_LCD_Clear                            0x08000aa1   Thumb Code    42  stm324xg_eval_lcd.o(i.BSP_LCD_Clear)
    BSP_LCD_DisplayChar                      0x08000ad1   Thumb Code    32  stm324xg_eval_lcd.o(i.BSP_LCD_DisplayChar)
    BSP_LCD_DisplayOn                        0x08000af5   Thumb Code     8  stm324xg_eval_lcd.o(i.BSP_LCD_DisplayOn)
    BSP_LCD_DisplayStringAt                  0x08000b01   Thumb Code   150  stm324xg_eval_lcd.o(i.BSP_LCD_DisplayStringAt)
    BSP_LCD_DrawCircle                       0x08000b9d   Thumb Code   218  stm324xg_eval_lcd.o(i.BSP_LCD_DrawCircle)
    BSP_LCD_DrawHLine                        0x08000c81   Thumb Code    68  stm324xg_eval_lcd.o(i.BSP_LCD_DrawHLine)
    BSP_LCD_DrawPixel                        0x08000ccd   Thumb Code    14  stm324xg_eval_lcd.o(i.BSP_LCD_DrawPixel)
    BSP_LCD_FillCircle                       0x08000ce1   Thumb Code   170  stm324xg_eval_lcd.o(i.BSP_LCD_FillCircle)
    BSP_LCD_GetXSize                         0x08000d91   Thumb Code     8  stm324xg_eval_lcd.o(i.BSP_LCD_GetXSize)
    BSP_LCD_GetYSize                         0x08000d9d   Thumb Code     8  stm324xg_eval_lcd.o(i.BSP_LCD_GetYSize)
    BSP_LCD_Init                             0x08000da9   Thumb Code    54  stm324xg_eval_lcd.o(i.BSP_LCD_Init)
    BusFault_Handler                         0x08000ded   Thumb Code     2  stm32f4xx_it.o(i.BusFault_Handler)
    DebugMon_Handler                         0x08000def   Thumb Code     2  stm32f4xx_it.o(i.DebugMon_Handler)
    EXTI0_IRQHandler                         0x08000e8d   Thumb Code    34  stm32f4xx_it.o(i.EXTI0_IRQHandler)
    EXTI15_10_IRQHandler                     0x08000ec1   Thumb Code    58  stm32f4xx_it.o(i.EXTI15_10_IRQHandler)
    FSMC_NORSRAM_Extended_Timing_Init        0x08001045   Thumb Code    56  stm32f4xx_ll_fsmc.o(i.FSMC_NORSRAM_Extended_Timing_Init)
    FSMC_NORSRAM_Init                        0x08001081   Thumb Code    98  stm32f4xx_ll_fsmc.o(i.FSMC_NORSRAM_Init)
    FSMC_NORSRAM_Timing_Init                 0x080010e9   Thumb Code    64  stm32f4xx_ll_fsmc.o(i.FSMC_NORSRAM_Timing_Init)
    HAL_ADC_ConfigChannel                    0x0800112d   Thumb Code   316  stm32f4xx_hal_adc.o(i.HAL_ADC_ConfigChannel)
    HAL_ADC_Init                             0x08001279   Thumb Code    84  stm32f4xx_hal_adc.o(i.HAL_ADC_Init)
    HAL_ADC_MspInit                          0x080012cd   Thumb Code    86  stm32f4xx_hal_msp.o(i.HAL_ADC_MspInit)
    HAL_ADC_Start                            0x08001331   Thumb Code   228  stm32f4xx_hal_adc.o(i.HAL_ADC_Start)
    HAL_DMA_Abort_IT                         0x0800142d   Thumb Code    36  stm32f4xx_hal_dma.o(i.HAL_DMA_Abort_IT)
    HAL_DMA_GetState                         0x08001451   Thumb Code     6  stm32f4xx_hal_dma.o(i.HAL_DMA_GetState)
    HAL_Delay                                0x08001459   Thumb Code    32  stm32f4xx_hal.o(i.HAL_Delay)
    HAL_GPIO_EXTI_Callback                   0x0800153d   Thumb Code     2  stm32f4xx_hal_gpio.o(i.HAL_GPIO_EXTI_Callback)
    HAL_GPIO_EXTI_IRQHandler                 0x08001541   Thumb Code    18  stm32f4xx_hal_gpio.o(i.HAL_GPIO_EXTI_IRQHandler)
    HAL_GPIO_Init                            0x08001559   Thumb Code   450  stm32f4xx_hal_gpio.o(i.HAL_GPIO_Init)
    HAL_GPIO_TogglePin                       0x08001749   Thumb Code    16  stm32f4xx_hal_gpio.o(i.HAL_GPIO_TogglePin)
    HAL_GPIO_WritePin                        0x08001759   Thumb Code    10  stm32f4xx_hal_gpio.o(i.HAL_GPIO_WritePin)
    HAL_GetTick                              0x08001765   Thumb Code     6  stm32f4xx_hal.o(i.HAL_GetTick)
    HAL_I2C_AbortCpltCallback                0x08001771   Thumb Code     2  stm32f4xx_hal_i2c.o(i.HAL_I2C_AbortCpltCallback)
    HAL_I2C_AddrCallback                     0x08001773   Thumb Code     2  stm32f4xx_hal_i2c.o(i.HAL_I2C_AddrCallback)
    HAL_I2C_EV_IRQHandler                    0x08001775   Thumb Code   560  stm32f4xx_hal_i2c.o(i.HAL_I2C_EV_IRQHandler)
    HAL_I2C_ErrorCallback                    0x080019a5   Thumb Code     2  stm32f4xx_hal_i2c.o(i.HAL_I2C_ErrorCallback)
    HAL_I2C_Init                             0x080019a9   Thumb Code   376  stm32f4xx_hal_i2c.o(i.HAL_I2C_Init)
    HAL_I2C_ListenCpltCallback               0x08001b31   Thumb Code     2  stm32f4xx_hal_i2c.o(i.HAL_I2C_ListenCpltCallback)
    HAL_I2C_MasterRxCpltCallback             0x08001b33   Thumb Code     2  stm32f4xx_hal_i2c.o(i.HAL_I2C_MasterRxCpltCallback)
    HAL_I2C_MasterTxCpltCallback             0x08001b35   Thumb Code     2  stm32f4xx_hal_i2c.o(i.HAL_I2C_MasterTxCpltCallback)
    HAL_I2C_MemRxCpltCallback                0x08001b37   Thumb Code     2  stm32f4xx_hal_i2c.o(i.HAL_I2C_MemRxCpltCallback)
    HAL_I2C_MemTxCpltCallback                0x08001b39   Thumb Code     2  stm32f4xx_hal_i2c.o(i.HAL_I2C_MemTxCpltCallback)
    HAL_I2C_Mem_Read                         0x08001b3d   Thumb Code   502  stm32f4xx_hal_i2c.o(i.HAL_I2C_Mem_Read)
    HAL_I2C_Mem_Write                        0x08001d41   Thumb Code   294  stm32f4xx_hal_i2c.o(i.HAL_I2C_Mem_Write)
    HAL_I2C_MspInit                          0x08001e71   Thumb Code   110  stm32f4xx_hal_msp.o(i.HAL_I2C_MspInit)
    HAL_I2C_SlaveRxCpltCallback              0x08001eed   Thumb Code     2  stm32f4xx_hal_i2c.o(i.HAL_I2C_SlaveRxCpltCallback)
    HAL_I2C_SlaveTxCpltCallback              0x08001eef   Thumb Code     2  stm32f4xx_hal_i2c.o(i.HAL_I2C_SlaveTxCpltCallback)
    HAL_IncTick                              0x08001ef1   Thumb Code    12  stm32f4xx_hal.o(i.HAL_IncTick)
    HAL_Init                                 0x08001f01   Thumb Code    48  stm32f4xx_hal.o(i.HAL_Init)
    HAL_InitTick                             0x08001f35   Thumb Code    54  stm32f4xx_hal.o(i.HAL_InitTick)
    HAL_MspInit                              0x08001f75   Thumb Code    48  stm32f4xx_hal_msp.o(i.HAL_MspInit)
    HAL_NVIC_EnableIRQ                       0x08001fa9   Thumb Code    26  stm32f4xx_hal_cortex.o(i.HAL_NVIC_EnableIRQ)
    HAL_NVIC_SetPriority                     0x08001fc5   Thumb Code    60  stm32f4xx_hal_cortex.o(i.HAL_NVIC_SetPriority)
    HAL_NVIC_SetPriorityGrouping             0x08002005   Thumb Code    26  stm32f4xx_hal_cortex.o(i.HAL_NVIC_SetPriorityGrouping)
    HAL_RCC_ClockConfig                      0x08002029   Thumb Code   288  stm32f4xx_hal_rcc.o(i.HAL_RCC_ClockConfig)
    HAL_RCC_GetPCLK1Freq                     0x0800215d   Thumb Code    20  stm32f4xx_hal_rcc.o(i.HAL_RCC_GetPCLK1Freq)
    HAL_RCC_GetPCLK2Freq                     0x0800217d   Thumb Code    20  stm32f4xx_hal_rcc.o(i.HAL_RCC_GetPCLK2Freq)
    HAL_RCC_GetSysClockFreq                  0x0800219d   Thumb Code    88  stm32f4xx_hal_rcc.o(i.HAL_RCC_GetSysClockFreq)
    HAL_RCC_MCOConfig                        0x08002201   Thumb Code   126  stm32f4xx_hal_rcc.o(i.HAL_RCC_MCOConfig)
    HAL_RCC_OscConfig                        0x0800228d   Thumb Code   856  stm32f4xx_hal_rcc.o(i.HAL_RCC_OscConfig)
    HAL_SRAM_Init                            0x080025f9   Thumb Code    92  stm32f4xx_hal_sram.o(i.HAL_SRAM_Init)
    HAL_SRAM_MspInit                         0x08002655   Thumb Code     4  stm32f4xx_hal_msp.o(i.HAL_SRAM_MspInit)
    HAL_SYSTICK_Config                       0x08002659   Thumb Code    40  stm32f4xx_hal_cortex.o(i.HAL_SYSTICK_Config)
    HAL_TIMEx_BreakCallback                  0x08002681   Thumb Code     2  stm32f4xx_hal_tim_ex.o(i.HAL_TIMEx_BreakCallback)
    HAL_TIMEx_CommutCallback                 0x08002683   Thumb Code     2  stm32f4xx_hal_tim_ex.o(i.HAL_TIMEx_CommutCallback)
    HAL_TIMEx_MasterConfigSynchronization    0x08002685   Thumb Code   116  stm32f4xx_hal_tim_ex.o(i.HAL_TIMEx_MasterConfigSynchronization)
    HAL_TIM_Base_Init                        0x08002715   Thumb Code    90  stm32f4xx_hal_tim.o(i.HAL_TIM_Base_Init)
    HAL_TIM_Base_MspInit                     0x08002771   Thumb Code   126  stm32f4xx_hal_msp.o(i.HAL_TIM_Base_MspInit)
    HAL_TIM_Base_Start_IT                    0x08002801   Thumb Code   100  stm32f4xx_hal_tim.o(i.HAL_TIM_Base_Start_IT)
    HAL_TIM_IC_CaptureCallback               0x08002881   Thumb Code     2  stm32f4xx_hal_tim.o(i.HAL_TIM_IC_CaptureCallback)
    HAL_TIM_IRQHandler                       0x08002883   Thumb Code   304  stm32f4xx_hal_tim.o(i.HAL_TIM_IRQHandler)
    HAL_TIM_OC_DelayElapsedCallback          0x080029b3   Thumb Code     2  stm32f4xx_hal_tim.o(i.HAL_TIM_OC_DelayElapsedCallback)
    HAL_TIM_PWM_PulseFinishedCallback        0x080029b5   Thumb Code     2  stm32f4xx_hal_tim.o(i.HAL_TIM_PWM_PulseFinishedCallback)
    HAL_TIM_PeriodElapsedCallback            0x080029b7   Thumb Code     2  stm32f4xx_hal_tim.o(i.HAL_TIM_PeriodElapsedCallback)
    HAL_TIM_TriggerCallback                  0x080029b9   Thumb Code     2  stm32f4xx_hal_tim.o(i.HAL_TIM_TriggerCallback)
    HAL_UART_Init                            0x080029bb   Thumb Code   100  stm32f4xx_hal_uart.o(i.HAL_UART_Init)
    HAL_UART_MspInit                         0x08002a21   Thumb Code   116  stm32f4xx_hal_msp.o(i.HAL_UART_MspInit)
    HAL_UART_Transmit                        0x08002aa1   Thumb Code   160  stm32f4xx_hal_uart.o(i.HAL_UART_Transmit)
    HardFault_Handler                        0x08002b41   Thumb Code     2  stm32f4xx_it.o(i.HardFault_Handler)
    I2C1_EV_IRQHandler                       0x08002b45   Thumb Code     6  stm32f4xx_it.o(i.I2C1_EV_IRQHandler)
    Kalman_getAngle                          0x080038ab   Thumb Code   470  mpu6050.o(i.Kalman_getAngle)
    LCD_IO_Init                              0x08003a81   Thumb Code    18  stm324xg_eval.o(i.LCD_IO_Init)
    LCD_IO_ReadData                          0x08003a99   Thumb Code    12  stm324xg_eval.o(i.LCD_IO_ReadData)
    LCD_IO_WriteMultipleData                 0x08003aa5   Thumb Code    26  stm324xg_eval.o(i.LCD_IO_WriteMultipleData)
    LCD_IO_WriteReg                          0x08003abf   Thumb Code     8  stm324xg_eval.o(i.LCD_IO_WriteReg)
    MPU6050_Init                             0x08003ac7   Thumb Code   144  mpu6050.o(i.MPU6050_Init)
    MPU6050_Read_All                         0x08003b59   Thumb Code   630  mpu6050.o(i.MPU6050_Read_All)
    MemManage_Handler                        0x080042f9   Thumb Code     2  stm32f4xx_it.o(i.MemManage_Handler)
    NMI_Handler                              0x080042fb   Thumb Code     2  stm32f4xx_it.o(i.NMI_Handler)
    PendSV_Handler                           0x080042fd   Thumb Code     2  stm32f4xx_it.o(i.PendSV_Handler)
    SVC_Handler                              0x080042ff   Thumb Code     2  stm32f4xx_it.o(i.SVC_Handler)
    SysTick_Handler                          0x08004301   Thumb Code     4  stm32f4xx_it.o(i.SysTick_Handler)
    SystemClock_Config                       0x08004305   Thumb Code   150  main.o(i.SystemClock_Config)
    SystemInit                               0x080043a5   Thumb Code    12  system_stm32f4xx.o(i.SystemInit)
    TIM1_TRG_COM_TIM11_IRQHandler            0x080043b5   Thumb Code    20  stm32f4xx_it.o(i.TIM1_TRG_COM_TIM11_IRQHandler)
    TIM1_UP_TIM10_IRQHandler                 0x080043cd   Thumb Code   322  stm32f4xx_it.o(i.TIM1_UP_TIM10_IRQHandler)
    TIM7_IRQHandler                          0x08004559   Thumb Code   170  stm32f4xx_it.o(i.TIM7_IRQHandler)
    TIM_Base_SetConfig                       0x08004621   Thumb Code   170  stm32f4xx_hal_tim.o(i.TIM_Base_SetConfig)
    UsageFault_Handler                       0x080048c7   Thumb Code     2  stm32f4xx_it.o(i.UsageFault_Handler)
    __ARM_fpclassify                         0x080048c9   Thumb Code    48  fpclassify.o(i.__ARM_fpclassify)
    __hardfp_atan                            0x08004919   Thumb Code   622  atan.o(i.__hardfp_atan)
    __hardfp_atan2                           0x08004bf1   Thumb Code   448  atan2.o(i.__hardfp_atan2)
    __hardfp_fabs                            0x08004df1   Thumb Code    20  fabs.o(i.__hardfp_fabs)
    __hardfp_sqrt                            0x08004e05   Thumb Code   122  sqrt.o(i.__hardfp_sqrt)
    __kernel_poly                            0x08004e7f   Thumb Code   248  poly.o(i.__kernel_poly)
    __mathlib_dbl_infnan                     0x08004f77   Thumb Code    20  dunder.o(i.__mathlib_dbl_infnan)
    __mathlib_dbl_infnan2                    0x08004f8b   Thumb Code    20  dunder.o(i.__mathlib_dbl_infnan2)
    __mathlib_dbl_underflow                  0x08004fa1   Thumb Code    24  dunder.o(i.__mathlib_dbl_underflow)
    _is_digit                                0x08004fc1   Thumb Code    14  __printf_wp.o(i._is_digit)
    atan                                     0x08004fcf   Thumb Code    16  atan.o(i.atan)
    fabs                                     0x08004fdf   Thumb Code    24  fabs.o(i.fabs)
    ili9325_DisplayOff                       0x08004ff7   Thumb Code    54  ili9325.o(i.ili9325_DisplayOff)
    ili9325_DisplayOn                        0x0800502d   Thumb Code    96  ili9325.o(i.ili9325_DisplayOn)
    ili9325_DrawBitmap                       0x0800508d   Thumb Code    76  ili9325.o(i.ili9325_DrawBitmap)
    ili9325_DrawHLine                        0x080050d9   Thumb Code    52  ili9325.o(i.ili9325_DrawHLine)
    ili9325_DrawRGBImage                     0x08005111   Thumb Code    30  ili9325.o(i.ili9325_DrawRGBImage)
    ili9325_DrawVLine                        0x08005131   Thumb Code    78  ili9325.o(i.ili9325_DrawVLine)
    ili9325_GetLcdPixelHeight                0x08005185   Thumb Code     4  ili9325.o(i.ili9325_GetLcdPixelHeight)
    ili9325_GetLcdPixelWidth                 0x08005189   Thumb Code     6  ili9325.o(i.ili9325_GetLcdPixelWidth)
    ili9325_Init                             0x0800518f   Thumb Code   492  ili9325.o(i.ili9325_Init)
    ili9325_ReadID                           0x0800537b   Thumb Code    16  ili9325.o(i.ili9325_ReadID)
    ili9325_ReadPixel                        0x0800538b   Thumb Code    16  ili9325.o(i.ili9325_ReadPixel)
    ili9325_SetCursor                        0x0800539b   Thumb Code    28  ili9325.o(i.ili9325_SetCursor)
    ili9325_SetDisplayWindow                 0x080053b7   Thumb Code    62  ili9325.o(i.ili9325_SetDisplayWindow)
    ili9325_WritePixel                       0x080053f5   Thumb Code    22  ili9325.o(i.ili9325_WritePixel)
    ili9325_WriteReg                         0x0800540b   Thumb Code    16  ili9325.o(i.ili9325_WriteReg)
    main                                     0x0800541d   Thumb Code   426  main.o(i.main)
    parseChorusData                          0x080056b5   Thumb Code   114  imu_parser.o(i.parseChorusData)
    parseReverbData                          0x08005749   Thumb Code   114  imu_parser.o(i.parseReverbData)
    serialPrintln                            0x080057dd   Thumb Code    74  voxart_dev.o(i.serialPrintln)
    setStates                                0x08005835   Thumb Code   160  imu_parser.o(i.setStates)
    updateCircle                             0x080058fd   Thumb Code   120  voxart_dev.o(i.updateCircle)
    __aeabi_dneg                             0x0800597d   Thumb Code     0  basic.o(x$fpl$basic)
    _dneg                                    0x0800597d   Thumb Code     6  basic.o(x$fpl$basic)
    __aeabi_fneg                             0x08005983   Thumb Code     0  basic.o(x$fpl$basic)
    _fneg                                    0x08005983   Thumb Code     6  basic.o(x$fpl$basic)
    _dabs                                    0x08005989   Thumb Code     6  basic.o(x$fpl$basic)
    _fabs                                    0x0800598f   Thumb Code     6  basic.o(x$fpl$basic)
    __aeabi_dadd                             0x08005995   Thumb Code     0  daddsub_clz.o(x$fpl$dadd)
    _dadd                                    0x08005995   Thumb Code   332  daddsub_clz.o(x$fpl$dadd)
    __fpl_dcmp_Inf                           0x08005ae5   Thumb Code    24  dcmpi.o(x$fpl$dcmpinf)
    __aeabi_ddiv                             0x08005afd   Thumb Code     0  ddiv.o(x$fpl$ddiv)
    _ddiv                                    0x08005afd   Thumb Code   552  ddiv.o(x$fpl$ddiv)
    __aeabi_cdcmpeq                          0x08005dad   Thumb Code     0  deqf.o(x$fpl$deqf)
    _dcmpeq                                  0x08005dad   Thumb Code   120  deqf.o(x$fpl$deqf)
    __aeabi_i2d                              0x08005e25   Thumb Code     0  dflt_clz.o(x$fpl$dflt)
    _dflt                                    0x08005e25   Thumb Code    46  dflt_clz.o(x$fpl$dflt)
    __aeabi_ui2d                             0x08005e53   Thumb Code     0  dflt_clz.o(x$fpl$dfltu)
    _dfltu                                   0x08005e53   Thumb Code    38  dflt_clz.o(x$fpl$dfltu)
    __aeabi_cdcmple                          0x08005e79   Thumb Code     0  dleqf.o(x$fpl$dleqf)
    _dcmple                                  0x08005e79   Thumb Code   120  dleqf.o(x$fpl$dleqf)
    __fpl_dcmple_InfNaN                      0x08005edb   Thumb Code     0  dleqf.o(x$fpl$dleqf)
    __aeabi_dmul                             0x08005ef1   Thumb Code     0  dmul.o(x$fpl$dmul)
    _dmul                                    0x08005ef1   Thumb Code   332  dmul.o(x$fpl$dmul)
    __fpl_dnaninf                            0x08006045   Thumb Code   156  dnaninf.o(x$fpl$dnaninf)
    __fpl_dretinf                            0x080060e1   Thumb Code    12  dretinf.o(x$fpl$dretinf)
    __aeabi_cdrcmple                         0x080060ed   Thumb Code     0  drleqf.o(x$fpl$drleqf)
    _drcmple                                 0x080060ed   Thumb Code   108  drleqf.o(x$fpl$drleqf)
    __aeabi_drsub                            0x08006159   Thumb Code     0  daddsub_clz.o(x$fpl$drsb)
    _drsb                                    0x08006159   Thumb Code    22  daddsub_clz.o(x$fpl$drsb)
    _dsqrt                                   0x08006171   Thumb Code   404  dsqrt_umaal.o(x$fpl$dsqrt)
    __aeabi_dsub                             0x08006309   Thumb Code     0  daddsub_clz.o(x$fpl$dsub)
    _dsub                                    0x08006309   Thumb Code   464  daddsub_clz.o(x$fpl$dsub)
    _fp_init                                 0x080064dd   Thumb Code    10  fpinit.o(x$fpl$fpinit)
    __fplib_config_fpu_vfp                   0x080064e5   Thumb Code     0  fpinit.o(x$fpl$fpinit)
    __fplib_config_pureend_doubles           0x080064e5   Thumb Code     0  fpinit.o(x$fpl$fpinit)
    AHBPrescTable                            0x080064e6   Data          16  system_stm32f4xx.o(.constdata)
    __I$use$fp                               0x080064e6   Number         0  usenofp.o(x$fpl$usenofp)
    APBPrescTable                            0x080064f6   Data           8  system_stm32f4xx.o(.constdata)
    Font24_Table                             0x080064fe   Data        6840  stm324xg_eval_lcd.o(.constdata)
    __mathlib_zero                           0x08008060   Data           8  qnan.o(.constdata)
    Region$$Table$$Base                      0x08008068   Number         0  anon$$obj.o(Region$$Table)
    Region$$Table$$Limit                     0x08008088   Number         0  anon$$obj.o(Region$$Table)
    timer                                    0x20000000   Data           4  mpu6050.o(.data)
    KalmanX                                  0x20000008   Data          72  mpu6050.o(.data)
    KalmanY                                  0x20000050   Data          72  mpu6050.o(.data)
    update                                   0x20000098   Data           1  voxart_dev.o(.data)
    state                                    0x20000099   Data           1  imu_parser.o(.data)
    timestamp                                0x2000009c   Data           2  main.o(.data)
    c                                        0x200000a0   Data          12  main.o(.data)
    uwTickFreq                               0x200000b4   Data           1  stm32f4xx_hal.o(.data)
    uwTickPrio                               0x200000b8   Data           4  stm32f4xx_hal.o(.data)
    uwTick                                   0x200000bc   Data           4  stm32f4xx_hal.o(.data)
    SystemCoreClock                          0x200000c0   Data           4  system_stm32f4xx.o(.data)
    Font24                                   0x200000c8   Data           8  stm324xg_eval_lcd.o(.data)
    COM_USART                                0x200000d4   Data           4  stm324xg_eval.o(.data)
    COM_TX_PORT                              0x200000d8   Data           4  stm324xg_eval.o(.data)
    COM_RX_PORT                              0x200000dc   Data           4  stm324xg_eval.o(.data)
    GPIO_PORT                                0x200000e0   Data          16  stm324xg_eval.o(.data)
    BUTTON_PORT                              0x200000f0   Data          12  stm324xg_eval.o(.data)
    ili9325_drv                              0x200000fc   Data          56  ili9325.o(.data)
    imu                                      0x20000134   Data          16  main.o(.bss)
    hadc3                                    0x20000144   Data          72  main.o(.bss)
    hi2c1                                    0x2000018c   Data          84  main.o(.bss)
    htim7                                    0x200001e0   Data          72  main.o(.bss)
    htim10                                   0x20000228   Data          72  main.o(.bss)
    htim11                                   0x20000270   Data          72  main.o(.bss)
    huart3                                   0x200002b8   Data          72  main.o(.bss)
    hsram1                                   0x20000300   Data          80  main.o(.bss)
    MPU6050                                  0x20000350   Data          88  main.o(.bss)
    DrawProp                                 0x200003a8   Data          12  stm324xg_eval_lcd.o(.bss)
    __libspace_start                         0x20000634   Data          96  libspace.o(.bss)
    __temporary_stack_top$libspace           0x20000694   Data           0  libspace.o(.bss)



==============================================================================

Memory Map of the image

  Image Entry point : 0x08000189

  Load Region LR_IROM1 (Base: 0x08000000, Size: 0x000081bc, Max: 0x00100000, ABSOLUTE, COMPRESSED[0x000080f8])

    Execution Region ER_IROM1 (Exec base: 0x08000000, Load base: 0x08000000, Size: 0x00008088, Max: 0x00100000, ABSOLUTE)

    Exec Addr    Load Addr    Size         Type   Attr      Idx    E Section Name        Object

    0x08000000   0x08000000   0x00000188   Data   RO            3    RESET               startup_stm32f407xx.o
    0x08000188   0x08000188   0x00000008   Code   RO         5375  * !!!main             c_w.l(__main.o)
    0x08000190   0x08000190   0x00000034   Code   RO         5844    !!!scatter          c_w.l(__scatter.o)
    0x080001c4   0x080001c4   0x0000005a   Code   RO         5842    !!dczerorl2         c_w.l(__dczerorl2.o)
    0x0800021e   0x0800021e   0x00000002   PAD
    0x08000220   0x08000220   0x0000001c   Code   RO         5846    !!handler_zi        c_w.l(__scatter_zi.o)
    0x0800023c   0x0800023c   0x00000000   Code   RO         5362    .ARM.Collect$$_printf_percent$$00000000  c_w.l(_printf_percent.o)
    0x0800023c   0x0800023c   0x00000006   Code   RO         5360    .ARM.Collect$$_printf_percent$$00000014  c_w.l(_printf_s.o)
    0x08000242   0x08000242   0x00000004   Code   RO         5567    .ARM.Collect$$_printf_percent$$00000017  c_w.l(_printf_percent_end.o)
    0x08000246   0x08000246   0x00000002   Code   RO         5779    .ARM.Collect$$libinit$$00000000  c_w.l(libinit.o)
    0x08000248   0x08000248   0x00000004   Code   RO         5570    .ARM.Collect$$libinit$$00000001  c_w.l(libinit2.o)
    0x0800024c   0x0800024c   0x00000000   Code   RO         5573    .ARM.Collect$$libinit$$00000004  c_w.l(libinit2.o)
    0x0800024c   0x0800024c   0x00000008   Code   RO         5574    .ARM.Collect$$libinit$$00000005  c_w.l(libinit2.o)
    0x08000254   0x08000254   0x00000000   Code   RO         5576    .ARM.Collect$$libinit$$0000000A  c_w.l(libinit2.o)
    0x08000254   0x08000254   0x00000000   Code   RO         5578    .ARM.Collect$$libinit$$0000000C  c_w.l(libinit2.o)
    0x08000254   0x08000254   0x00000000   Code   RO         5580    .ARM.Collect$$libinit$$0000000E  c_w.l(libinit2.o)
    0x08000254   0x08000254   0x00000000   Code   RO         5583    .ARM.Collect$$libinit$$00000011  c_w.l(libinit2.o)
    0x08000254   0x08000254   0x00000000   Code   RO         5585    .ARM.Collect$$libinit$$00000013  c_w.l(libinit2.o)
    0x08000254   0x08000254   0x00000000   Code   RO         5587    .ARM.Collect$$libinit$$00000015  c_w.l(libinit2.o)
    0x08000254   0x08000254   0x00000000   Code   RO         5589    .ARM.Collect$$libinit$$00000017  c_w.l(libinit2.o)
    0x08000254   0x08000254   0x00000000   Code   RO         5591    .ARM.Collect$$libinit$$00000019  c_w.l(libinit2.o)
    0x08000254   0x08000254   0x00000000   Code   RO         5593    .ARM.Collect$$libinit$$0000001B  c_w.l(libinit2.o)
    0x08000254   0x08000254   0x00000000   Code   RO         5595    .ARM.Collect$$libinit$$0000001D  c_w.l(libinit2.o)
    0x08000254   0x08000254   0x00000000   Code   RO         5597    .ARM.Collect$$libinit$$0000001F  c_w.l(libinit2.o)
    0x08000254   0x08000254   0x00000000   Code   RO         5599    .ARM.Collect$$libinit$$00000021  c_w.l(libinit2.o)
    0x08000254   0x08000254   0x00000000   Code   RO         5601    .ARM.Collect$$libinit$$00000023  c_w.l(libinit2.o)
    0x08000254   0x08000254   0x00000000   Code   RO         5603    .ARM.Collect$$libinit$$00000025  c_w.l(libinit2.o)
    0x08000254   0x08000254   0x00000000   Code   RO         5607    .ARM.Collect$$libinit$$0000002C  c_w.l(libinit2.o)
    0x08000254   0x08000254   0x00000000   Code   RO         5609    .ARM.Collect$$libinit$$0000002E  c_w.l(libinit2.o)
    0x08000254   0x08000254   0x00000000   Code   RO         5611    .ARM.Collect$$libinit$$00000030  c_w.l(libinit2.o)
    0x08000254   0x08000254   0x00000000   Code   RO         5613    .ARM.Collect$$libinit$$00000032  c_w.l(libinit2.o)
    0x08000254   0x08000254   0x00000002   Code   RO         5614    .ARM.Collect$$libinit$$00000033  c_w.l(libinit2.o)
    0x08000256   0x08000256   0x00000002   Code   RO         5839    .ARM.Collect$$libshutdown$$00000000  c_w.l(libshutdown.o)
    0x08000258   0x08000258   0x00000000   Code   RO         5795    .ARM.Collect$$libshutdown$$00000002  c_w.l(libshutdown2.o)
    0x08000258   0x08000258   0x00000000   Code   RO         5797    .ARM.Collect$$libshutdown$$00000004  c_w.l(libshutdown2.o)
    0x08000258   0x08000258   0x00000000   Code   RO         5799    .ARM.Collect$$libshutdown$$00000006  c_w.l(libshutdown2.o)
    0x08000258   0x08000258   0x00000000   Code   RO         5802    .ARM.Collect$$libshutdown$$00000009  c_w.l(libshutdown2.o)
    0x08000258   0x08000258   0x00000000   Code   RO         5805    .ARM.Collect$$libshutdown$$0000000C  c_w.l(libshutdown2.o)
    0x08000258   0x08000258   0x00000000   Code   RO         5807    .ARM.Collect$$libshutdown$$0000000E  c_w.l(libshutdown2.o)
    0x08000258   0x08000258   0x00000000   Code   RO         5810    .ARM.Collect$$libshutdown$$00000011  c_w.l(libshutdown2.o)
    0x08000258   0x08000258   0x00000002   Code   RO         5811    .ARM.Collect$$libshutdown$$00000012  c_w.l(libshutdown2.o)
    0x0800025a   0x0800025a   0x00000000   Code   RO         5525    .ARM.Collect$$rtentry$$00000000  c_w.l(__rtentry.o)
    0x0800025a   0x0800025a   0x00000000   Code   RO         5670    .ARM.Collect$$rtentry$$00000002  c_w.l(__rtentry2.o)
    0x0800025a   0x0800025a   0x00000006   Code   RO         5682    .ARM.Collect$$rtentry$$00000004  c_w.l(__rtentry4.o)
    0x08000260   0x08000260   0x00000000   Code   RO         5672    .ARM.Collect$$rtentry$$00000009  c_w.l(__rtentry2.o)
    0x08000260   0x08000260   0x00000004   Code   RO         5673    .ARM.Collect$$rtentry$$0000000A  c_w.l(__rtentry2.o)
    0x08000264   0x08000264   0x00000000   Code   RO         5675    .ARM.Collect$$rtentry$$0000000C  c_w.l(__rtentry2.o)
    0x08000264   0x08000264   0x00000008   Code   RO         5676    .ARM.Collect$$rtentry$$0000000D  c_w.l(__rtentry2.o)
    0x0800026c   0x0800026c   0x00000002   Code   RO         5782    .ARM.Collect$$rtexit$$00000000  c_w.l(rtexit.o)
    0x0800026e   0x0800026e   0x00000000   Code   RO         5815    .ARM.Collect$$rtexit$$00000002  c_w.l(rtexit2.o)
    0x0800026e   0x0800026e   0x00000004   Code   RO         5816    .ARM.Collect$$rtexit$$00000003  c_w.l(rtexit2.o)
    0x08000272   0x08000272   0x00000006   Code   RO         5817    .ARM.Collect$$rtexit$$00000004  c_w.l(rtexit2.o)
    0x08000278   0x08000278   0x00000000   Code   RO         5698    .emb_text           c_w.l(maybetermalloc1.o)
    0x08000278   0x08000278   0x00000040   Code   RO            4    .text               startup_stm32f407xx.o
    0x080002b8   0x080002b8   0x0000005e   Code   RO         5268    .text               c_w.l(h1_alloc.o)
    0x08000316   0x08000316   0x0000004e   Code   RO         5270    .text               c_w.l(h1_free.o)
    0x08000364   0x08000364   0x000000ee   Code   RO         5326    .text               c_w.l(lludivv7m.o)
    0x08000452   0x08000452   0x00000002   PAD
    0x08000454   0x08000454   0x00000028   Code   RO         5332    .text               c_w.l(noretval__2sprintf.o)
    0x0800047c   0x0800047c   0x00000052   Code   RO         5338    .text               c_w.l(_printf_str.o)
    0x080004ce   0x080004ce   0x00000002   PAD
    0x080004d0   0x080004d0   0x00000138   Code   RO         5352    .text               c_w.l(__printf_flags_wp.o)
    0x08000608   0x08000608   0x00000048   Code   RO         5363    .text               c_w.l(strcpy.o)
    0x08000650   0x08000650   0x0000003e   Code   RO         5365    .text               c_w.l(strlen.o)
    0x0800068e   0x0800068e   0x00000018   Code   RO         5367    .text               c_w.l(strcat.o)
    0x080006a6   0x080006a6   0x0000004e   Code   RO         5371    .text               c_w.l(rt_memclr_w.o)
    0x080006f4   0x080006f4   0x00000006   Code   RO         5373    .text               c_w.l(heapauxi.o)
    0x080006fa   0x080006fa   0x00000002   PAD
    0x080006fc   0x080006fc   0x00000008   Code   RO         5533    .text               c_w.l(rt_heap_descriptor_intlibspace.o)
    0x08000704   0x08000704   0x00000004   Code   RO         5535    .text               c_w.l(hguard.o)
    0x08000708   0x08000708   0x0000008a   Code   RO         5537    .text               c_w.l(init_alloc.o)
    0x08000792   0x08000792   0x0000000e   Code   RO         5541    .text               c_w.l(h1_init.o)
    0x080007a0   0x080007a0   0x00000016   Code   RO         5555    .text               c_w.l(_rserrno.o)
    0x080007b6   0x080007b6   0x00000002   PAD
    0x080007b8   0x080007b8   0x00000030   Code   RO         5559    .text               c_w.l(_printf_char_common.o)
    0x080007e8   0x080007e8   0x0000000a   Code   RO         5561    .text               c_w.l(_sputc.o)
    0x080007f2   0x080007f2   0x0000002c   Code   RO         5565    .text               c_w.l(_printf_char.o)
    0x0800081e   0x0800081e   0x00000002   PAD
    0x08000820   0x08000820   0x00000008   Code   RO         5666    .text               c_w.l(libspace.o)
    0x08000828   0x08000828   0x00000008   Code   RO         5694    .text               c_w.l(rt_errno_addr_intlibspace.o)
    0x08000830   0x08000830   0x00000034   Code   RO         5700    .text               c_w.l(h1_extend.o)
    0x08000864   0x08000864   0x0000000e   Code   RO         5738    .text               c_w.l(defsig_rtmem_outer.o)
    0x08000872   0x08000872   0x00000002   Code   RO         5749    .text               c_w.l(use_no_semi.o)
    0x08000874   0x08000874   0x00000000   Code   RO         5751    .text               c_w.l(indicate_semi.o)
    0x08000874   0x08000874   0x0000004a   Code   RO         5752    .text               c_w.l(sys_stackheap_outer.o)
    0x080008be   0x080008be   0x00000012   Code   RO         5758    .text               c_w.l(exit.o)
    0x080008d0   0x080008d0   0x0000000a   Code   RO         5760    .text               c_w.l(defsig_exit.o)
    0x080008da   0x080008da   0x00000002   PAD
    0x080008dc   0x080008dc   0x00000050   Code   RO         5766    .text               c_w.l(defsig_rtmem_inner.o)
    0x0800092c   0x0800092c   0x0000000c   Code   RO         5780    .text               c_w.l(sys_exit.o)
    0x08000938   0x08000938   0x00000032   Code   RO         5790    .text               c_w.l(defsig_general.o)
    0x0800096a   0x0800096a   0x0000000e   Code   RO         5812    .text               c_w.l(sys_wrch.o)
    0x08000978   0x08000978   0x00000128   Code   RO          605    i.ADC_Init          stm32f4xx_hal_adc.o
    0x08000aa0   0x08000aa0   0x00000030   Code   RO         4108    i.BSP_LCD_Clear     stm324xg_eval_lcd.o
    0x08000ad0   0x08000ad0   0x00000024   Code   RO         4110    i.BSP_LCD_DisplayChar  stm324xg_eval_lcd.o
    0x08000af4   0x08000af4   0x0000000c   Code   RO         4112    i.BSP_LCD_DisplayOn  stm324xg_eval_lcd.o
    0x08000b00   0x08000b00   0x0000009c   Code   RO         4113    i.BSP_LCD_DisplayStringAt  stm324xg_eval_lcd.o
    0x08000b9c   0x08000b9c   0x000000e4   Code   RO         4116    i.BSP_LCD_DrawCircle  stm324xg_eval_lcd.o
    0x08000c80   0x08000c80   0x0000004c   Code   RO         4118    i.BSP_LCD_DrawHLine  stm324xg_eval_lcd.o
    0x08000ccc   0x08000ccc   0x00000014   Code   RO         4120    i.BSP_LCD_DrawPixel  stm324xg_eval_lcd.o
    0x08000ce0   0x08000ce0   0x000000b0   Code   RO         4125    i.BSP_LCD_FillCircle  stm324xg_eval_lcd.o
    0x08000d90   0x08000d90   0x0000000c   Code   RO         4132    i.BSP_LCD_GetXSize  stm324xg_eval_lcd.o
    0x08000d9c   0x08000d9c   0x0000000c   Code   RO         4133    i.BSP_LCD_GetYSize  stm324xg_eval_lcd.o
    0x08000da8   0x08000da8   0x00000044   Code   RO         4134    i.BSP_LCD_Init      stm324xg_eval_lcd.o
    0x08000dec   0x08000dec   0x00000002   Code   RO          399    i.BusFault_Handler  stm32f4xx_it.o
    0x08000dee   0x08000dee   0x00000002   Code   RO          400    i.DebugMon_Handler  stm32f4xx_it.o
    0x08000df0   0x08000df0   0x0000009c   Code   RO         4139    i.DrawChar          stm324xg_eval_lcd.o
    0x08000e8c   0x08000e8c   0x00000034   Code   RO          401    i.EXTI0_IRQHandler  stm32f4xx_it.o
    0x08000ec0   0x08000ec0   0x00000068   Code   RO          402    i.EXTI15_10_IRQHandler  stm32f4xx_it.o
    0x08000f28   0x08000f28   0x00000060   Code   RO         4387    i.FSMC_BANK3_Init   stm324xg_eval.o
    0x08000f88   0x08000f88   0x000000bc   Code   RO         4388    i.FSMC_BANK3_MspInit  stm324xg_eval.o
    0x08001044   0x08001044   0x0000003c   Code   RO         2026    i.FSMC_NORSRAM_Extended_Timing_Init  stm32f4xx_ll_fsmc.o
    0x08001080   0x08001080   0x00000068   Code   RO         2027    i.FSMC_NORSRAM_Init  stm32f4xx_ll_fsmc.o
    0x080010e8   0x080010e8   0x00000044   Code   RO         2028    i.FSMC_NORSRAM_Timing_Init  stm32f4xx_ll_fsmc.o
    0x0800112c   0x0800112c   0x0000014c   Code   RO          607    i.HAL_ADC_ConfigChannel  stm32f4xx_hal_adc.o
    0x08001278   0x08001278   0x00000054   Code   RO          616    i.HAL_ADC_Init      stm32f4xx_hal_adc.o
    0x080012cc   0x080012cc   0x00000064   Code   RO          512    i.HAL_ADC_MspInit   stm32f4xx_hal_msp.o
    0x08001330   0x08001330   0x000000fc   Code   RO          622    i.HAL_ADC_Start     stm32f4xx_hal_adc.o
    0x0800142c   0x0800142c   0x00000024   Code   RO         1343    i.HAL_DMA_Abort_IT  stm32f4xx_hal_dma.o
    0x08001450   0x08001450   0x00000006   Code   RO         1346    i.HAL_DMA_GetState  stm32f4xx_hal_dma.o
    0x08001456   0x08001456   0x00000002   PAD
    0x08001458   0x08001458   0x00000024   Code   RO         1767    i.HAL_Delay         stm32f4xx_hal.o
    0x0800147c   0x0800147c   0x000000c0   Code   RO          513    i.HAL_FSMC_MspInit  stm32f4xx_hal_msp.o
    0x0800153c   0x0800153c   0x00000002   Code   RO         1233    i.HAL_GPIO_EXTI_Callback  stm32f4xx_hal_gpio.o
    0x0800153e   0x0800153e   0x00000002   PAD
    0x08001540   0x08001540   0x00000018   Code   RO         1234    i.HAL_GPIO_EXTI_IRQHandler  stm32f4xx_hal_gpio.o
    0x08001558   0x08001558   0x000001f0   Code   RO         1235    i.HAL_GPIO_Init     stm32f4xx_hal_gpio.o
    0x08001748   0x08001748   0x00000010   Code   RO         1238    i.HAL_GPIO_TogglePin  stm32f4xx_hal_gpio.o
    0x08001758   0x08001758   0x0000000a   Code   RO         1239    i.HAL_GPIO_WritePin  stm32f4xx_hal_gpio.o
    0x08001762   0x08001762   0x00000002   PAD
    0x08001764   0x08001764   0x0000000c   Code   RO         1773    i.HAL_GetTick       stm32f4xx_hal.o
    0x08001770   0x08001770   0x00000002   Code   RO         2279    i.HAL_I2C_AbortCpltCallback  stm32f4xx_hal_i2c.o
    0x08001772   0x08001772   0x00000002   Code   RO         2280    i.HAL_I2C_AddrCallback  stm32f4xx_hal_i2c.o
    0x08001774   0x08001774   0x00000230   Code   RO         2284    i.HAL_I2C_EV_IRQHandler  stm32f4xx_hal_i2c.o
    0x080019a4   0x080019a4   0x00000002   Code   RO         2286    i.HAL_I2C_ErrorCallback  stm32f4xx_hal_i2c.o
    0x080019a6   0x080019a6   0x00000002   PAD
    0x080019a8   0x080019a8   0x00000188   Code   RO         2290    i.HAL_I2C_Init      stm32f4xx_hal_i2c.o
    0x08001b30   0x08001b30   0x00000002   Code   RO         2292    i.HAL_I2C_ListenCpltCallback  stm32f4xx_hal_i2c.o
    0x08001b32   0x08001b32   0x00000002   Code   RO         2293    i.HAL_I2C_MasterRxCpltCallback  stm32f4xx_hal_i2c.o
    0x08001b34   0x08001b34   0x00000002   Code   RO         2294    i.HAL_I2C_MasterTxCpltCallback  stm32f4xx_hal_i2c.o
    0x08001b36   0x08001b36   0x00000002   Code   RO         2306    i.HAL_I2C_MemRxCpltCallback  stm32f4xx_hal_i2c.o
    0x08001b38   0x08001b38   0x00000002   Code   RO         2307    i.HAL_I2C_MemTxCpltCallback  stm32f4xx_hal_i2c.o
    0x08001b3a   0x08001b3a   0x00000002   PAD
    0x08001b3c   0x08001b3c   0x00000204   Code   RO         2308    i.HAL_I2C_Mem_Read  stm32f4xx_hal_i2c.o
    0x08001d40   0x08001d40   0x00000130   Code   RO         2311    i.HAL_I2C_Mem_Write  stm32f4xx_hal_i2c.o
    0x08001e70   0x08001e70   0x0000007c   Code   RO          515    i.HAL_I2C_MspInit   stm32f4xx_hal_msp.o
    0x08001eec   0x08001eec   0x00000002   Code   RO         2316    i.HAL_I2C_SlaveRxCpltCallback  stm32f4xx_hal_i2c.o
    0x08001eee   0x08001eee   0x00000002   Code   RO         2317    i.HAL_I2C_SlaveTxCpltCallback  stm32f4xx_hal_i2c.o
    0x08001ef0   0x08001ef0   0x00000010   Code   RO         1779    i.HAL_IncTick       stm32f4xx_hal.o
    0x08001f00   0x08001f00   0x00000034   Code   RO         1780    i.HAL_Init          stm32f4xx_hal.o
    0x08001f34   0x08001f34   0x00000040   Code   RO         1781    i.HAL_InitTick      stm32f4xx_hal.o
    0x08001f74   0x08001f74   0x00000034   Code   RO          516    i.HAL_MspInit       stm32f4xx_hal_msp.o
    0x08001fa8   0x08001fa8   0x0000001a   Code   RO         1625    i.HAL_NVIC_EnableIRQ  stm32f4xx_hal_cortex.o
    0x08001fc2   0x08001fc2   0x00000002   PAD
    0x08001fc4   0x08001fc4   0x00000040   Code   RO         1631    i.HAL_NVIC_SetPriority  stm32f4xx_hal_cortex.o
    0x08002004   0x08002004   0x00000024   Code   RO         1632    i.HAL_NVIC_SetPriorityGrouping  stm32f4xx_hal_cortex.o
    0x08002028   0x08002028   0x00000134   Code   RO          881    i.HAL_RCC_ClockConfig  stm32f4xx_hal_rcc.o
    0x0800215c   0x0800215c   0x00000020   Code   RO          888    i.HAL_RCC_GetPCLK1Freq  stm32f4xx_hal_rcc.o
    0x0800217c   0x0800217c   0x00000020   Code   RO          889    i.HAL_RCC_GetPCLK2Freq  stm32f4xx_hal_rcc.o
    0x0800219c   0x0800219c   0x00000064   Code   RO          890    i.HAL_RCC_GetSysClockFreq  stm32f4xx_hal_rcc.o
    0x08002200   0x08002200   0x0000008c   Code   RO          891    i.HAL_RCC_MCOConfig  stm32f4xx_hal_rcc.o
    0x0800228c   0x0800228c   0x0000036c   Code   RO          893    i.HAL_RCC_OscConfig  stm32f4xx_hal_rcc.o
    0x080025f8   0x080025f8   0x0000005c   Code   RO         2148    i.HAL_SRAM_Init     stm32f4xx_hal_sram.o
    0x08002654   0x08002654   0x00000004   Code   RO          518    i.HAL_SRAM_MspInit  stm32f4xx_hal_msp.o
    0x08002658   0x08002658   0x00000028   Code   RO         1636    i.HAL_SYSTICK_Config  stm32f4xx_hal_cortex.o
    0x08002680   0x08002680   0x00000002   Code   RO         3440    i.HAL_TIMEx_BreakCallback  stm32f4xx_hal_tim_ex.o
    0x08002682   0x08002682   0x00000002   Code   RO         3441    i.HAL_TIMEx_CommutCallback  stm32f4xx_hal_tim_ex.o
    0x08002684   0x08002684   0x00000090   Code   RO         3459    i.HAL_TIMEx_MasterConfigSynchronization  stm32f4xx_hal_tim_ex.o
    0x08002714   0x08002714   0x0000005a   Code   RO         2736    i.HAL_TIM_Base_Init  stm32f4xx_hal_tim.o
    0x0800276e   0x0800276e   0x00000002   PAD
    0x08002770   0x08002770   0x00000090   Code   RO          520    i.HAL_TIM_Base_MspInit  stm32f4xx_hal_msp.o
    0x08002800   0x08002800   0x00000080   Code   RO         2741    i.HAL_TIM_Base_Start_IT  stm32f4xx_hal_tim.o
    0x08002880   0x08002880   0x00000002   Code   RO         2770    i.HAL_TIM_IC_CaptureCallback  stm32f4xx_hal_tim.o
    0x08002882   0x08002882   0x00000130   Code   RO         2784    i.HAL_TIM_IRQHandler  stm32f4xx_hal_tim.o
    0x080029b2   0x080029b2   0x00000002   Code   RO         2787    i.HAL_TIM_OC_DelayElapsedCallback  stm32f4xx_hal_tim.o
    0x080029b4   0x080029b4   0x00000002   Code   RO         2814    i.HAL_TIM_PWM_PulseFinishedCallback  stm32f4xx_hal_tim.o
    0x080029b6   0x080029b6   0x00000002   Code   RO         2822    i.HAL_TIM_PeriodElapsedCallback  stm32f4xx_hal_tim.o
    0x080029b8   0x080029b8   0x00000002   Code   RO         2827    i.HAL_TIM_TriggerCallback  stm32f4xx_hal_tim.o
    0x080029ba   0x080029ba   0x00000064   Code   RO         3737    i.HAL_UART_Init     stm32f4xx_hal_uart.o
    0x08002a1e   0x08002a1e   0x00000002   PAD
    0x08002a20   0x08002a20   0x00000080   Code   RO          522    i.HAL_UART_MspInit  stm32f4xx_hal_msp.o
    0x08002aa0   0x08002aa0   0x000000a0   Code   RO         3745    i.HAL_UART_Transmit  stm32f4xx_hal_uart.o
    0x08002b40   0x08002b40   0x00000002   Code   RO          403    i.HardFault_Handler  stm32f4xx_it.o
    0x08002b42   0x08002b42   0x00000002   PAD
    0x08002b44   0x08002b44   0x0000000c   Code   RO          404    i.I2C1_EV_IRQHandler  stm32f4xx_it.o
    0x08002b50   0x08002b50   0x000000bc   Code   RO         2328    i.I2C_DMAAbort      stm32f4xx_hal_i2c.o
    0x08002c0c   0x08002c0c   0x00000010   Code   RO         2331    i.I2C_Flush_DR      stm32f4xx_hal_i2c.o
    0x08002c1c   0x08002c1c   0x00000158   Code   RO         2332    i.I2C_ITError       stm32f4xx_hal_i2c.o
    0x08002d74   0x08002d74   0x0000002e   Code   RO         2333    i.I2C_IsAcknowledgeFailed  stm32f4xx_hal_i2c.o
    0x08002da2   0x08002da2   0x000000da   Code   RO         2334    i.I2C_MasterReceive_BTF  stm32f4xx_hal_i2c.o
    0x08002e7c   0x08002e7c   0x000000f4   Code   RO         2335    i.I2C_MasterReceive_RXNE  stm32f4xx_hal_i2c.o
    0x08002f70   0x08002f70   0x00000082   Code   RO         2338    i.I2C_MasterTransmit_BTF  stm32f4xx_hal_i2c.o
    0x08002ff2   0x08002ff2   0x00000002   PAD
    0x08002ff4   0x08002ff4   0x000000b6   Code   RO         2339    i.I2C_MasterTransmit_TXE  stm32f4xx_hal_i2c.o
    0x080030aa   0x080030aa   0x00000002   PAD
    0x080030ac   0x080030ac   0x00000118   Code   RO         2340    i.I2C_Master_ADDR   stm32f4xx_hal_i2c.o
    0x080031c4   0x080031c4   0x0000008c   Code   RO         2341    i.I2C_Master_SB     stm32f4xx_hal_i2c.o
    0x08003250   0x08003250   0x000000a8   Code   RO         2342    i.I2C_MemoryTransmit_TXE_BTF  stm32f4xx_hal_i2c.o
    0x080032f8   0x080032f8   0x000000fc   Code   RO         2343    i.I2C_RequestMemoryRead  stm32f4xx_hal_i2c.o
    0x080033f4   0x080033f4   0x000000a8   Code   RO         2344    i.I2C_RequestMemoryWrite  stm32f4xx_hal_i2c.o
    0x0800349c   0x0800349c   0x00000046   Code   RO         2345    i.I2C_Slave_ADDR    stm32f4xx_hal_i2c.o
    0x080034e2   0x080034e2   0x00000002   PAD
    0x080034e4   0x080034e4   0x0000015c   Code   RO         2347    i.I2C_Slave_STOPF   stm32f4xx_hal_i2c.o
    0x08003640   0x08003640   0x00000056   Code   RO         2348    i.I2C_WaitOnBTFFlagUntilTimeout  stm32f4xx_hal_i2c.o
    0x08003696   0x08003696   0x00000002   PAD
    0x08003698   0x08003698   0x00000090   Code   RO         2349    i.I2C_WaitOnFlagUntilTimeout  stm32f4xx_hal_i2c.o
    0x08003728   0x08003728   0x000000bc   Code   RO         2350    i.I2C_WaitOnMasterAddressFlagUntilTimeout  stm32f4xx_hal_i2c.o
    0x080037e4   0x080037e4   0x00000070   Code   RO         2351    i.I2C_WaitOnRXNEFlagUntilTimeout  stm32f4xx_hal_i2c.o
    0x08003854   0x08003854   0x00000056   Code   RO         2352    i.I2C_WaitOnTXEFlagUntilTimeout  stm32f4xx_hal_i2c.o
    0x080038aa   0x080038aa   0x000001d6   Code   RO           13    i.Kalman_getAngle   mpu6050.o
    0x08003a80   0x08003a80   0x00000018   Code   RO         4402    i.LCD_IO_Init       stm324xg_eval.o
    0x08003a98   0x08003a98   0x0000000c   Code   RO         4403    i.LCD_IO_ReadData   stm324xg_eval.o
    0x08003aa4   0x08003aa4   0x0000001a   Code   RO         4405    i.LCD_IO_WriteMultipleData  stm324xg_eval.o
    0x08003abe   0x08003abe   0x00000008   Code   RO         4406    i.LCD_IO_WriteReg   stm324xg_eval.o
    0x08003ac6   0x08003ac6   0x00000090   Code   RO           14    i.MPU6050_Init      mpu6050.o
    0x08003b56   0x08003b56   0x00000002   PAD
    0x08003b58   0x08003b58   0x000002c4   Code   RO           16    i.MPU6050_Read_All  mpu6050.o
    0x08003e1c   0x08003e1c   0x00000064   Code   RO          336    i.MX_ADC3_Init      main.o
    0x08003e80   0x08003e80   0x00000070   Code   RO          337    i.MX_FSMC_Init      main.o
    0x08003ef0   0x08003ef0   0x00000408   Code   RO          338    i.MX_GPIO_Init      main.o
    0x080042f8   0x080042f8   0x00000002   Code   RO          405    i.MemManage_Handler  stm32f4xx_it.o
    0x080042fa   0x080042fa   0x00000002   Code   RO          406    i.NMI_Handler       stm32f4xx_it.o
    0x080042fc   0x080042fc   0x00000002   Code   RO          407    i.PendSV_Handler    stm32f4xx_it.o
    0x080042fe   0x080042fe   0x00000002   Code   RO          408    i.SVC_Handler       stm32f4xx_it.o
    0x08004300   0x08004300   0x00000004   Code   RO          409    i.SysTick_Handler   stm32f4xx_it.o
    0x08004304   0x08004304   0x000000a0   Code   RO          339    i.SystemClock_Config  main.o
    0x080043a4   0x080043a4   0x00000010   Code   RO         4071    i.SystemInit        system_stm32f4xx.o
    0x080043b4   0x080043b4   0x00000018   Code   RO          410    i.TIM1_TRG_COM_TIM11_IRQHandler  stm32f4xx_it.o
    0x080043cc   0x080043cc   0x0000018c   Code   RO          411    i.TIM1_UP_TIM10_IRQHandler  stm32f4xx_it.o
    0x08004558   0x08004558   0x000000c8   Code   RO          412    i.TIM7_IRQHandler   stm32f4xx_it.o
    0x08004620   0x08004620   0x000000d8   Code   RO         2829    i.TIM_Base_SetConfig  stm32f4xx_hal_tim.o
    0x080046f8   0x080046f8   0x0000004e   Code   RO         3760    i.UART_EndRxTransfer  stm32f4xx_hal_uart.o
    0x08004746   0x08004746   0x00000002   PAD
    0x08004748   0x08004748   0x0000010c   Code   RO         3763    i.UART_SetConfig    stm32f4xx_hal_uart.o
    0x08004854   0x08004854   0x00000072   Code   RO         3766    i.UART_WaitOnFlagUntilTimeout  stm32f4xx_hal_uart.o
    0x080048c6   0x080048c6   0x00000002   Code   RO          413    i.UsageFault_Handler  stm32f4xx_it.o
    0x080048c8   0x080048c8   0x00000030   Code   RO         5640    i.__ARM_fpclassify  m_wm.l(fpclassify.o)
    0x080048f8   0x080048f8   0x00000020   Code   RO         1638    i.__NVIC_SetPriority  stm32f4xx_hal_cortex.o
    0x08004918   0x08004918   0x000002d8   Code   RO         5417    i.__hardfp_atan     m_wm.l(atan.o)
    0x08004bf0   0x08004bf0   0x00000200   Code   RO         5431    i.__hardfp_atan2    m_wm.l(atan2.o)
    0x08004df0   0x08004df0   0x00000014   Code   RO         5467    i.__hardfp_fabs     m_wm.l(fabs.o)
    0x08004e04   0x08004e04   0x0000007a   Code   RO         5499    i.__hardfp_sqrt     m_wm.l(sqrt.o)
    0x08004e7e   0x08004e7e   0x000000f8   Code   RO         5658    i.__kernel_poly     m_wm.l(poly.o)
    0x08004f76   0x08004f76   0x00000014   Code   RO         5627    i.__mathlib_dbl_infnan  m_wm.l(dunder.o)
    0x08004f8a   0x08004f8a   0x00000014   Code   RO         5628    i.__mathlib_dbl_infnan2  m_wm.l(dunder.o)
    0x08004f9e   0x08004f9e   0x00000002   PAD
    0x08004fa0   0x08004fa0   0x00000020   Code   RO         5632    i.__mathlib_dbl_underflow  m_wm.l(dunder.o)
    0x08004fc0   0x08004fc0   0x0000000e   Code   RO         5350    i._is_digit         c_w.l(__printf_wp.o)
    0x08004fce   0x08004fce   0x00000010   Code   RO         5419    i.atan              m_wm.l(atan.o)
    0x08004fde   0x08004fde   0x00000018   Code   RO         5469    i.fabs              m_wm.l(fabs.o)
    0x08004ff6   0x08004ff6   0x00000036   Code   RO         4703    i.ili9325_DisplayOff  ili9325.o
    0x0800502c   0x0800502c   0x00000060   Code   RO         4704    i.ili9325_DisplayOn  ili9325.o
    0x0800508c   0x0800508c   0x0000004c   Code   RO         4705    i.ili9325_DrawBitmap  ili9325.o
    0x080050d8   0x080050d8   0x00000038   Code   RO         4706    i.ili9325_DrawHLine  ili9325.o
    0x08005110   0x08005110   0x0000001e   Code   RO         4707    i.ili9325_DrawRGBImage  ili9325.o
    0x0800512e   0x0800512e   0x00000002   PAD
    0x08005130   0x08005130   0x00000054   Code   RO         4708    i.ili9325_DrawVLine  ili9325.o
    0x08005184   0x08005184   0x00000004   Code   RO         4709    i.ili9325_GetLcdPixelHeight  ili9325.o
    0x08005188   0x08005188   0x00000006   Code   RO         4710    i.ili9325_GetLcdPixelWidth  ili9325.o
    0x0800518e   0x0800518e   0x000001ec   Code   RO         4711    i.ili9325_Init      ili9325.o
    0x0800537a   0x0800537a   0x00000010   Code   RO         4712    i.ili9325_ReadID    ili9325.o
    0x0800538a   0x0800538a   0x00000010   Code   RO         4713    i.ili9325_ReadPixel  ili9325.o
    0x0800539a   0x0800539a   0x0000001c   Code   RO         4715    i.ili9325_SetCursor  ili9325.o
    0x080053b6   0x080053b6   0x0000003e   Code   RO         4716    i.ili9325_SetDisplayWindow  ili9325.o
    0x080053f4   0x080053f4   0x00000016   Code   RO         4717    i.ili9325_WritePixel  ili9325.o
    0x0800540a   0x0800540a   0x00000010   Code   RO         4718    i.ili9325_WriteReg  ili9325.o
    0x0800541a   0x0800541a   0x00000002   PAD
    0x0800541c   0x0800541c   0x00000298   Code   RO          340    i.main              main.o
    0x080056b4   0x080056b4   0x00000094   Code   RO          292    i.parseChorusData   imu_parser.o
    0x08005748   0x08005748   0x00000094   Code   RO          293    i.parseReverbData   imu_parser.o
    0x080057dc   0x080057dc   0x00000058   Code   RO          203    i.serialPrintln     voxart_dev.o
    0x08005834   0x08005834   0x000000c8   Code   RO          294    i.setStates         imu_parser.o
    0x080058fc   0x080058fc   0x00000080   Code   RO          204    i.updateCircle      voxart_dev.o
    0x0800597c   0x0800597c   0x00000018   Code   RO         5377    x$fpl$basic         fz_wm.l(basic.o)
    0x08005994   0x08005994   0x00000150   Code   RO         5379    x$fpl$dadd          fz_wm.l(daddsub_clz.o)
    0x08005ae4   0x08005ae4   0x00000018   Code   RO         5615    x$fpl$dcmpinf       fz_wm.l(dcmpi.o)
    0x08005afc   0x08005afc   0x000002b0   Code   RO         5386    x$fpl$ddiv          fz_wm.l(ddiv.o)
    0x08005dac   0x08005dac   0x00000078   Code   RO         5389    x$fpl$deqf          fz_wm.l(deqf.o)
    0x08005e24   0x08005e24   0x0000002e   Code   RO         5392    x$fpl$dflt          fz_wm.l(dflt_clz.o)
    0x08005e52   0x08005e52   0x00000026   Code   RO         5391    x$fpl$dfltu         fz_wm.l(dflt_clz.o)
    0x08005e78   0x08005e78   0x00000078   Code   RO         5397    x$fpl$dleqf         fz_wm.l(dleqf.o)
    0x08005ef0   0x08005ef0   0x00000154   Code   RO         5399    x$fpl$dmul          fz_wm.l(dmul.o)
    0x08006044   0x08006044   0x0000009c   Code   RO         5617    x$fpl$dnaninf       fz_wm.l(dnaninf.o)
    0x080060e0   0x080060e0   0x0000000c   Code   RO         5619    x$fpl$dretinf       fz_wm.l(dretinf.o)
    0x080060ec   0x080060ec   0x0000006c   Code   RO         5401    x$fpl$drleqf        fz_wm.l(drleqf.o)
    0x08006158   0x08006158   0x00000016   Code   RO         5380    x$fpl$drsb          fz_wm.l(daddsub_clz.o)
    0x0800616e   0x0800616e   0x00000002   PAD
    0x08006170   0x08006170   0x00000198   Code   RO         5621    x$fpl$dsqrt         fz_wm.l(dsqrt_umaal.o)
    0x08006308   0x08006308   0x000001d4   Code   RO         5381    x$fpl$dsub          fz_wm.l(daddsub_clz.o)
    0x080064dc   0x080064dc   0x0000000a   Code   RO         5747    x$fpl$fpinit        fz_wm.l(fpinit.o)
    0x080064e6   0x080064e6   0x00000000   Code   RO         5625    x$fpl$usenofp       fz_wm.l(usenofp.o)
    0x080064e6   0x080064e6   0x00000010   Data   RO         4072    .constdata          system_stm32f4xx.o
    0x080064f6   0x080064f6   0x00000008   Data   RO         4073    .constdata          system_stm32f4xx.o
    0x080064fe   0x080064fe   0x00001ab8   Data   RO         4143    .constdata          stm324xg_eval_lcd.o
    0x08007fb6   0x08007fb6   0x00000011   Data   RO         5353    .constdata          c_w.l(__printf_flags_wp.o)
    0x08007fc7   0x08007fc7   0x00000001   PAD
    0x08007fc8   0x08007fc8   0x00000098   Data   RO         5420    .constdata          m_wm.l(atan.o)
    0x08008060   0x08008060   0x00000008   Data   RO         5660    .constdata          m_wm.l(qnan.o)
    0x08008068   0x08008068   0x00000020   Data   RO         5840    Region$$Table       anon$$obj.o


    Execution Region RW_IRAM1 (Exec base: 0x20000000, Load base: 0x08008088, Size: 0x00000c98, Max: 0x0001c000, ABSOLUTE, COMPRESSED[0x00000070])

    Exec Addr    Load Addr    Size         Type   Attr      Idx    E Section Name        Object

    0x20000000   COMPRESSED   0x00000098   Data   RW           21    .data               mpu6050.o
    0x20000098   COMPRESSED   0x00000001   Data   RW          205    .data               voxart_dev.o
    0x20000099   COMPRESSED   0x00000001   Data   RW          295    .data               imu_parser.o
    0x2000009a   COMPRESSED   0x00000002   PAD
    0x2000009c   COMPRESSED   0x00000010   Data   RW          345    .data               main.o
    0x200000ac   COMPRESSED   0x00000008   Data   RW          523    .data               stm32f4xx_hal_msp.o
    0x200000b4   COMPRESSED   0x0000000c   Data   RW         1787    .data               stm32f4xx_hal.o
    0x200000c0   COMPRESSED   0x00000004   Data   RW         4074    .data               system_stm32f4xx.o
    0x200000c4   COMPRESSED   0x0000000c   Data   RW         4148    .data               stm324xg_eval_lcd.o
    0x200000d0   COMPRESSED   0x0000002c   Data   RW         4409    .data               stm324xg_eval.o
    0x200000fc   COMPRESSED   0x00000038   Data   RW         4720    .data               ili9325.o
    0x20000134        -       0x00000010   Zero   RW          341    .bss                main.o
    0x20000144        -       0x0000020c   Zero   RW          342    .bss                main.o
    0x20000350        -       0x00000058   Zero   RW          343    .bss                main.o
    0x200003a8        -       0x0000000c   Zero   RW         4142    .bss                stm324xg_eval_lcd.o
    0x200003b4        -       0x00000280   Zero   RW         4719    .bss                ili9325.o
    0x20000634        -       0x00000060   Zero   RW         5667    .bss                c_w.l(libspace.o)
    0x20000694   COMPRESSED   0x00000004   PAD
    0x20000698        -       0x00000200   Zero   RW            2    HEAP                startup_stm32f407xx.o
    0x20000898        -       0x00000400   Zero   RW            1    STACK               startup_stm32f407xx.o


    Execution Region RW_IRAM2 (Exec base: 0x2001c000, Load base: 0x080080f8, Size: 0x00000000, Max: 0x00004000, ABSOLUTE)

    **** No section assigned to this execution region ****


==============================================================================

Image component sizes


      Code (inc. data)   RO Data    RW Data    ZI Data      Debug   Object Name

      1058         10          0         56        640      11915   ili9325.o
       496        108          0          1          0       2452   imu_parser.o
      2068        306          0         16        628       5669   main.o
      1322         78          0        152          0     732526   mpu6050.o
        64         26        392          0       1536        868   startup_stm32f407xx.o
       354         34          0         44          0       6575   stm324xg_eval.o
      1000         78       6840         12         12      16050   stm324xg_eval_lcd.o
       180         28          0         12          0       9593   stm32f4xx_hal.o
       964         52          0          0          0       3867   stm32f4xx_hal_adc.o
       198         14          0          0          0      33955   stm32f4xx_hal_cortex.o
        42          0          0          0          0       1870   stm32f4xx_hal_dma.o
       548         52          0          0          0       4157   stm32f4xx_hal_gpio.o
      5202         86          0          0          0      32444   stm32f4xx_hal_i2c.o
       744         92          0          8          0       5427   stm32f4xx_hal_msp.o
      1488         90          0          0          0       6324   stm32f4xx_hal_rcc.o
        92          0          0          0          0       1276   stm32f4xx_hal_sram.o
       748         74          0          0          0       7761   stm32f4xx_hal_tim.o
       148         28          0          0          0       2577   stm32f4xx_hal_tim_ex.o
       720         10          0          0          0       4984   stm32f4xx_hal_uart.o
       808        178          0          0          0       7974   stm32f4xx_it.o
       232         14          0          0          0       4039   stm32f4xx_ll_fsmc.o
        16          4         24          4          0       1199   system_stm32f4xx.o
       216         22          0          1          0       1888   voxart_dev.o

    ----------------------------------------------------------------------
     18742       1384       7288        308       2816     905390   Object Totals
         0          0         32          0          0          0   (incl. Generated)
        34          0          0          2          0          0   (incl. Padding)

    ----------------------------------------------------------------------

      Code (inc. data)   RO Data    RW Data    ZI Data      Debug   Library Member Name

        90          0          0          0          0          0   __dczerorl2.o
         8          0          0          0          0         68   __main.o
       312          4         17          0          0         92   __printf_flags_wp.o
        14          0          0          0          0         68   __printf_wp.o
         0          0          0          0          0          0   __rtentry.o
        12          0          0          0          0          0   __rtentry2.o
         6          0          0          0          0          0   __rtentry4.o
        52          8          0          0          0          0   __scatter.o
        28          0          0          0          0          0   __scatter_zi.o
        44          0          0          0          0        108   _printf_char.o
        48          6          0          0          0         96   _printf_char_common.o
         0          0          0          0          0          0   _printf_percent.o
         4          0          0          0          0          0   _printf_percent_end.o
         6          0          0          0          0          0   _printf_s.o
        82          0          0          0          0         80   _printf_str.o
        22          0          0          0          0        100   _rserrno.o
        10          0          0          0          0         68   _sputc.o
        10          0          0          0          0         68   defsig_exit.o
        50          0          0          0          0         88   defsig_general.o
        80         58          0          0          0         76   defsig_rtmem_inner.o
        14          0          0          0          0         80   defsig_rtmem_outer.o
        18          0          0          0          0         80   exit.o
        94          0          0          0          0         80   h1_alloc.o
        52          0          0          0          0         68   h1_extend.o
        78          0          0          0          0         80   h1_free.o
        14          0          0          0          0         84   h1_init.o
         6          0          0          0          0        152   heapauxi.o
         4          0          0          0          0        136   hguard.o
         0          0          0          0          0          0   indicate_semi.o
       138          0          0          0          0        168   init_alloc.o
         2          0          0          0          0          0   libinit.o
        14          0          0          0          0          0   libinit2.o
         2          0          0          0          0          0   libshutdown.o
         2          0          0          0          0          0   libshutdown2.o
         8          4          0          0         96         68   libspace.o
       238          0          0          0          0        100   lludivv7m.o
         0          0          0          0          0          0   maybetermalloc1.o
        40          6          0          0          0         84   noretval__2sprintf.o
         8          4          0          0          0         68   rt_errno_addr_intlibspace.o
         8          4          0          0          0         68   rt_heap_descriptor_intlibspace.o
        78          0          0          0          0         80   rt_memclr_w.o
         2          0          0          0          0          0   rtexit.o
        10          0          0          0          0          0   rtexit2.o
        24          0          0          0          0         68   strcat.o
        72          0          0          0          0         80   strcpy.o
        62          0          0          0          0         76   strlen.o
        12          4          0          0          0         68   sys_exit.o
        74          0          0          0          0         80   sys_stackheap_outer.o
        14          0          0          0          0         76   sys_wrch.o
         2          0          0          0          0         68   use_no_semi.o
        24          0          0          0          0        164   basic.o
       826         16          0          0          0        492   daddsub_clz.o
        24          0          0          0          0        116   dcmpi.o
       688        140          0          0          0        256   ddiv.o
       120          4          0          0          0        140   deqf.o
        84          0          0          0          0        232   dflt_clz.o
       120          4          0          0          0        140   dleqf.o
       340         12          0          0          0        152   dmul.o
       156          4          0          0          0        140   dnaninf.o
        12          0          0          0          0        116   dretinf.o
       108          0          0          0          0        128   drleqf.o
       408         56          0          0          0        168   dsqrt_umaal.o
        10          0          0          0          0        116   fpinit.o
         0          0          0          0          0          0   usenofp.o
       744        106        152          0          0        352   atan.o
       512         64          0          0          0        208   atan2.o
        72          8          0          0          0        372   dunder.o
        44          0          0          0          0        248   fabs.o
        48          0          0          0          0        124   fpclassify.o
       248          0          0          0          0        152   poly.o
         0          0          8          0          0          0   qnan.o
       122          0          0          0          0        148   sqrt.o

    ----------------------------------------------------------------------
      6696        512        178          0        100       6788   Library Totals
        18          0          1          0          4          0   (incl. Padding)

    ----------------------------------------------------------------------

      Code (inc. data)   RO Data    RW Data    ZI Data      Debug   Library Name

      1968         98         17          0         96       2824   c_w.l
      2920        236          0          0          0       2360   fz_wm.l
      1790        178        160          0          0       1604   m_wm.l

    ----------------------------------------------------------------------
      6696        512        178          0        100       6788   Library Totals

    ----------------------------------------------------------------------

==============================================================================


      Code (inc. data)   RO Data    RW Data    ZI Data      Debug   

     25438       1896       7466        308       2916     893618   Grand Totals
     25438       1896       7466        112       2916     893618   ELF Image Totals (compressed)
     25438       1896       7466        112          0          0   ROM Totals

==============================================================================

    Total RO  Size (Code + RO Data)                32904 (  32.13kB)
    Total RW  Size (RW Data + ZI Data)              3224 (   3.15kB)
    Total ROM Size (Code + RO Data + RW Data)      33016 (  32.24kB)

==============================================================================

